Type-safe project accessors is an incubating feature.
> Task :composeApp:checkKotlinGradlePluginConfigurationErrors SKIPPED
> Task :composeApp:generateComposeResClass
> Task :composeApp:convertXmlValueResourcesForCommonMain NO-SOURCE
> Task :composeApp:copyNonXmlValueResourcesForCommonMain NO-SOURCE
> Task :composeApp:prepareComposeResourcesTaskForCommonMain NO-SOURCE
> Task :composeApp:generateResourceAccessorsForCommonMain NO-SOURCE
> Task :composeApp:convertXmlValueResourcesForDesktopMain NO-SOURCE
> Task :composeApp:copyNonXmlValueResourcesForDesktopMain NO-SOURCE
> Task :composeApp:prepareComposeResourcesTaskForDesktopMain NO-SOURCE
> Task :composeApp:generateResourceAccessorsForDesktopMain NO-SOURCE
> Task :composeApp:desktopCopyHierarchicalMultiplatformResources
> Task :composeApp:desktopProcessResources
> Task :composeApp:convertXmlValueResourcesForCommonTest NO-SOURCE
> Task :composeApp:copyNonXmlValueResourcesForCommonTest NO-SOURCE
> Task :composeApp:prepareComposeResourcesTaskForCommonTest NO-SOURCE
> Task :composeApp:generateResourceAccessorsForCommonTest NO-SOURCE
> Task :composeApp:convertXmlValueResourcesForDesktopTest NO-SOURCE
> Task :composeApp:copyNonXmlValueResourcesForDesktopTest NO-SOURCE
> Task :composeApp:prepareComposeResourcesTaskForDesktopTest NO-SOURCE
> Task :composeApp:generateResourceAccessorsForDesktopTest NO-SOURCE
> Task :composeApp:desktopTestProcessResources NO-SOURCE
> Task :composeApp:generateCommonMainIptvDatabaseInterface

> Task :composeApp:compileKotlinDesktop
w: file:///Users/menmapro/Documents/GitHub/IPTV/composeApp/src/commonMain/kotlin/com/menmapro/iptv/data/database/DatabaseDriverFactory.kt:5:1 'expect'/'actual' classes (including interfaces, objects, annotations, enums, and 'actual' typealiases) are in Beta. You can use -Xexpect-actual-classes flag to suppress this warning. Also see: https://youtrack.jetbrains.com/issue/KT-61573
w: file:///Users/menmapro/Documents/GitHub/IPTV/composeApp/src/commonMain/kotlin/com/menmapro/iptv/platform/FileManager.kt:6:1 'expect'/'actual' classes (including interfaces, objects, annotations, enums, and 'actual' typealiases) are in Beta. You can use -Xexpect-actual-classes flag to suppress this warning. Also see: https://youtrack.jetbrains.com/issue/KT-61573
w: file:///Users/menmapro/Documents/GitHub/IPTV/composeApp/src/commonMain/kotlin/com/menmapro/iptv/ui/screens/CategoryListScreen.kt:50:48 '@property:Deprecated(...) val Icons.Filled.ArrowBack: ImageVector' is deprecated. Use the AutoMirrored version at Icons.AutoMirrored.Filled.ArrowBack.
w: file:///Users/menmapro/Documents/GitHub/IPTV/composeApp/src/commonMain/kotlin/com/menmapro/iptv/ui/screens/CategoryListScreen.kt:116:45 '@property:Deprecated(...) val Icons.Filled.List: ImageVector' is deprecated. Use the AutoMirrored version at Icons.AutoMirrored.Filled.List.
w: file:///Users/menmapro/Documents/GitHub/IPTV/composeApp/src/commonMain/kotlin/com/menmapro/iptv/ui/screens/CategoryListScreen.kt:134:45 '@property:Deprecated(...) val Icons.Filled.ArrowForward: ImageVector' is deprecated. Use the AutoMirrored version at Icons.AutoMirrored.Filled.ArrowForward.
w: file:///Users/menmapro/Documents/GitHub/IPTV/composeApp/src/commonMain/kotlin/com/menmapro/iptv/ui/screens/ChannelListScreen.kt:69:48 '@property:Deprecated(...) val Icons.Filled.ArrowBack: ImageVector' is deprecated. Use the AutoMirrored version at Icons.AutoMirrored.Filled.ArrowBack.
w: file:///Users/menmapro/Documents/GitHub/IPTV/composeApp/src/commonMain/kotlin/com/menmapro/iptv/ui/screens/FavoriteScreen.kt:44:48 '@property:Deprecated(...) val Icons.Filled.ArrowBack: ImageVector' is deprecated. Use the AutoMirrored version at Icons.AutoMirrored.Filled.ArrowBack.
w: file:///Users/menmapro/Documents/GitHub/IPTV/composeApp/src/commonMain/kotlin/com/menmapro/iptv/ui/screens/PlayerScreen.kt:71:52 '@property:Deprecated(...) val Icons.Filled.ArrowBack: ImageVector' is deprecated. Use the AutoMirrored version at Icons.AutoMirrored.Filled.ArrowBack.
w: file:///Users/menmapro/Documents/GitHub/IPTV/composeApp/src/desktopMain/kotlin/com/menmapro/iptv/data/database/DatabaseDriverFactory.kt:7:1 'expect'/'actual' classes (including interfaces, objects, annotations, enums, and 'actual' typealiases) are in Beta. You can use -Xexpect-actual-classes flag to suppress this warning. Also see: https://youtrack.jetbrains.com/issue/KT-61573
w: file:///Users/menmapro/Documents/GitHub/IPTV/composeApp/src/desktopMain/kotlin/com/menmapro/iptv/platform/FileManager.desktop.kt:7:1 'expect'/'actual' classes (including interfaces, objects, annotations, enums, and 'actual' typealiases) are in Beta. You can use -Xexpect-actual-classes flag to suppress this warning. Also see: https://youtrack.jetbrains.com/issue/KT-61573

> Task :composeApp:desktopMainClasses

> Task :composeApp:compileTestKotlinDesktop
w: file:///Users/menmapro/Documents/GitHub/IPTV/composeApp/src/commonTest/kotlin/com/menmapro/iptv/ui/screens/CategoryListScreenTest.kt:107:21 Check for instance is always 'true'.
w: file:///Users/menmapro/Documents/GitHub/IPTV/composeApp/src/commonTest/kotlin/com/menmapro/iptv/ui/screens/CategoryListScreenTest.kt:198:29 '@Deprecated(...) fun Arb.Companion.bool(): Arb<Boolean>' is deprecated. use boolean.
w: file:///Users/menmapro/Documents/GitHub/IPTV/composeApp/src/commonTest/kotlin/com/menmapro/iptv/ui/screens/CategoryListScreenTest.kt:210:55 '@Deprecated(...) fun Arb.Companion.bool(): Arb<Boolean>' is deprecated. use boolean.
w: file:///Users/menmapro/Documents/GitHub/IPTV/composeApp/src/commonTest/kotlin/com/menmapro/iptv/ui/screens/ChannelListScreenTest.kt:201:29 '@Deprecated(...) fun Arb.Companion.bool(): Arb<Boolean>' is deprecated. use boolean.
w: file:///Users/menmapro/Documents/GitHub/IPTV/composeApp/src/commonTest/kotlin/com/menmapro/iptv/ui/screens/ChannelListScreenTest.kt:217:27 '@Deprecated(...) fun Arb.Companion.bool(): Arb<Boolean>' is deprecated. use boolean.
w: file:///Users/menmapro/Documents/GitHub/IPTV/composeApp/src/commonTest/kotlin/com/menmapro/iptv/ui/screens/ChannelListScreenTest.kt:235:41 '@Deprecated(...) fun Arb.Companion.bool(): Arb<Boolean>' is deprecated. use boolean.

> Task :composeApp:desktopTestClasses

> Task :composeApp:desktopTest

com.menmapro.iptv.data.database.DatabaseMigrationTest[desktop] > test migration handles column already exists[desktop] FAILED
    org.sqlite.SQLiteException at DatabaseMigrationTest.kt:173

com.menmapro.iptv.data.database.DatabaseMigrationTest[desktop] > test migration is idempotent[desktop] FAILED
    org.sqlite.SQLiteException at DatabaseMigrationTest.kt:98

com.menmapro.iptv.data.database.DatabaseMigrationTest[desktop] > test migration from v1 to v2 adds categoryId column[desktop] FAILED
    org.sqlite.SQLiteException at DatabaseMigrationTest.kt:51

com.menmapro.iptv.data.database.DatabaseMigrationTest[desktop] > test migration skips if already at latest version[desktop] FAILED
    org.sqlite.SQLiteException at DatabaseMigrationTest.kt:142

[hls @ 0x10eea2f80] Skip ('#EXT-X-VERSION:6')
[hls @ 0x10eea2f80] Skip ('#EXT-X-INDEPENDENT-SEGMENTS')
[hls @ 0x10eea2f80] Skip ('#EXT-X-I-FRAME-STREAM-INF:AVERAGE-BANDWIDTH=183689,BANDWIDTH=187492,CODECS="avc1.64002a",RESOLUTION=1920x1080,URI="v7/iframe_index.m3u8"')
[hls @ 0x10eea2f80] Skip ('#EXT-X-I-FRAME-STREAM-INF:AVERAGE-BANDWIDTH=132672,BANDWIDTH=136398,CODECS="avc1.640020",RESOLUTION=1280x720,URI="v6/iframe_index.m3u8"')
[hls @ 0x10eea2f80] Skip ('#EXT-X-I-FRAME-STREAM-INF:AVERAGE-BANDWIDTH=97767,BANDWIDTH=101378,CODECS="avc1.640020",RESOLUTION=960x540,URI="v5/iframe_index.m3u8"')
[hls @ 0x10eea2f80] Skip ('#EXT-X-I-FRAME-STREAM-INF:AVERAGE-BANDWIDTH=75722,BANDWIDTH=77818,CODECS="avc1.64001e",RESOLUTION=768x432,URI="v4/iframe_index.m3u8"')
[hls @ 0x10eea2f80] Skip ('#EXT-X-I-FRAME-STREAM-INF:AVERAGE-BANDWIDTH=63522,BANDWIDTH=65091,CODECS="avc1.64001e",RESOLUTION=640x360,URI="v3/iframe_index.m3u8"')
[hls @ 0x10eea2f80] Skip ('#EXT-X-I-FRAME-STREAM-INF:AVERAGE-BANDWIDTH=39678,BANDWIDTH=40282,CODECS="avc1.640015",RESOLUTION=480x270,URI="v2/iframe_index.m3u8"')
[hls @ 0x10eea2f80] Can't support the subtitle(uri: s1/en/prog_index.m3u8)
[hls @ 0x10eea2f80] Opening 'https://devstreaming-cdn.apple.com/videos/streaming/examples/img_bipbop_adv_example_fmp4/v5/prog_index.m3u8' for reading
[hls @ 0x10eea2f80] Skip ('#EXT-X-VERSION:7')
[hls @ 0x10eea2f80] Skip ('#EXT-X-INDEPENDENT-SEGMENTS')
[https @ 0x11c81b200] Opening 'https://devstreaming-cdn.apple.com/videos/streaming/examples/img_bipbop_adv_example_fmp4/v9/prog_index.m3u8' for reading
[hls @ 0x10eea2f80] Skip ('#EXT-X-VERSION:7')
[hls @ 0x10eea2f80] Skip ('#EXT-X-INDEPENDENT-SEGMENTS')
[https @ 0x11c81b200] Opening 'https://devstreaming-cdn.apple.com/videos/streaming/examples/img_bipbop_adv_example_fmp4/v8/prog_index.m3u8' for reading
[hls @ 0x10eea2f80] Skip ('#EXT-X-VERSION:7')
[hls @ 0x10eea2f80] Skip ('#EXT-X-INDEPENDENT-SEGMENTS')
[https @ 0x11c81b200] Opening 'https://devstreaming-cdn.apple.com/videos/streaming/examples/img_bipbop_adv_example_fmp4/v7/prog_index.m3u8' for reading
[hls @ 0x10eea2f80] Skip ('#EXT-X-VERSION:7')
[hls @ 0x10eea2f80] Skip ('#EXT-X-INDEPENDENT-SEGMENTS')
[https @ 0x11c81b200] Opening 'https://devstreaming-cdn.apple.com/videos/streaming/examples/img_bipbop_adv_example_fmp4/v6/prog_index.m3u8' for reading
[hls @ 0x10eea2f80] Skip ('#EXT-X-VERSION:7')
[hls @ 0x10eea2f80] Skip ('#EXT-X-INDEPENDENT-SEGMENTS')
[https @ 0x11c81b200] Opening 'https://devstreaming-cdn.apple.com/videos/streaming/examples/img_bipbop_adv_example_fmp4/v4/prog_index.m3u8' for reading
[hls @ 0x10eea2f80] Skip ('#EXT-X-VERSION:7')
[hls @ 0x10eea2f80] Skip ('#EXT-X-INDEPENDENT-SEGMENTS')
[https @ 0x11c81b200] Opening 'https://devstreaming-cdn.apple.com/videos/streaming/examples/img_bipbop_adv_example_fmp4/v3/prog_index.m3u8' for reading
[hls @ 0x10eea2f80] Skip ('#EXT-X-VERSION:7')
[hls @ 0x10eea2f80] Skip ('#EXT-X-INDEPENDENT-SEGMENTS')
[https @ 0x11c81b200] Opening 'https://devstreaming-cdn.apple.com/videos/streaming/examples/img_bipbop_adv_example_fmp4/v2/prog_index.m3u8' for reading
[hls @ 0x10eea2f80] Skip ('#EXT-X-VERSION:7')
[hls @ 0x10eea2f80] Skip ('#EXT-X-INDEPENDENT-SEGMENTS')
[https @ 0x11c81b200] Opening 'https://devstreaming-cdn.apple.com/videos/streaming/examples/img_bipbop_adv_example_fmp4/v5/prog_index.m3u8' for reading
[hls @ 0x10eea2f80] Skip ('#EXT-X-VERSION:7')
[hls @ 0x10eea2f80] Skip ('#EXT-X-INDEPENDENT-SEGMENTS')
[https @ 0x11c81b200] Opening 'https://devstreaming-cdn.apple.com/videos/streaming/examples/img_bipbop_adv_example_fmp4/v9/prog_index.m3u8' for reading
[hls @ 0x10eea2f80] Skip ('#EXT-X-VERSION:7')
[hls @ 0x10eea2f80] Skip ('#EXT-X-INDEPENDENT-SEGMENTS')
[https @ 0x11c81b200] Opening 'https://devstreaming-cdn.apple.com/videos/streaming/examples/img_bipbop_adv_example_fmp4/v8/prog_index.m3u8' for reading
[hls @ 0x10eea2f80] Skip ('#EXT-X-VERSION:7')
[hls @ 0x10eea2f80] Skip ('#EXT-X-INDEPENDENT-SEGMENTS')
[https @ 0x11c81b200] Opening 'https://devstreaming-cdn.apple.com/videos/streaming/examples/img_bipbop_adv_example_fmp4/v7/prog_index.m3u8' for reading
[hls @ 0x10eea2f80] Skip ('#EXT-X-VERSION:7')
[hls @ 0x10eea2f80] Skip ('#EXT-X-INDEPENDENT-SEGMENTS')
[https @ 0x11c81b200] Opening 'https://devstreaming-cdn.apple.com/videos/streaming/examples/img_bipbop_adv_example_fmp4/v6/prog_index.m3u8' for reading
[hls @ 0x10eea2f80] Skip ('#EXT-X-VERSION:7')
[hls @ 0x10eea2f80] Skip ('#EXT-X-INDEPENDENT-SEGMENTS')
[https @ 0x11c81b200] Opening 'https://devstreaming-cdn.apple.com/videos/streaming/examples/img_bipbop_adv_example_fmp4/v4/prog_index.m3u8' for reading
[hls @ 0x10eea2f80] Skip ('#EXT-X-VERSION:7')
[hls @ 0x10eea2f80] Skip ('#EXT-X-INDEPENDENT-SEGMENTS')
[https @ 0x11c81b200] Opening 'https://devstreaming-cdn.apple.com/videos/streaming/examples/img_bipbop_adv_example_fmp4/v3/prog_index.m3u8' for reading
[hls @ 0x10eea2f80] Skip ('#EXT-X-VERSION:7')
[hls @ 0x10eea2f80] Skip ('#EXT-X-INDEPENDENT-SEGMENTS')
[https @ 0x11c81b200] Opening 'https://devstreaming-cdn.apple.com/videos/streaming/examples/img_bipbop_adv_example_fmp4/v2/prog_index.m3u8' for reading
[hls @ 0x10eea2f80] Skip ('#EXT-X-VERSION:7')
[hls @ 0x10eea2f80] Skip ('#EXT-X-INDEPENDENT-SEGMENTS')
[https @ 0x11c81b200] Opening 'https://devstreaming-cdn.apple.com/videos/streaming/examples/img_bipbop_adv_example_fmp4/v5/prog_index.m3u8' for reading
[hls @ 0x10eea2f80] Skip ('#EXT-X-VERSION:7')
[hls @ 0x10eea2f80] Skip ('#EXT-X-INDEPENDENT-SEGMENTS')
[https @ 0x11c81b200] Opening 'https://devstreaming-cdn.apple.com/videos/streaming/examples/img_bipbop_adv_example_fmp4/v9/prog_index.m3u8' for reading
[hls @ 0x10eea2f80] Skip ('#EXT-X-VERSION:7')
[hls @ 0x10eea2f80] Skip ('#EXT-X-INDEPENDENT-SEGMENTS')
[https @ 0x11c81b200] Opening 'https://devstreaming-cdn.apple.com/videos/streaming/examples/img_bipbop_adv_example_fmp4/v8/prog_index.m3u8' for reading
[hls @ 0x10eea2f80] Skip ('#EXT-X-VERSION:7')
[hls @ 0x10eea2f80] Skip ('#EXT-X-INDEPENDENT-SEGMENTS')
[https @ 0x11c81b200] Opening 'https://devstreaming-cdn.apple.com/videos/streaming/examples/img_bipbop_adv_example_fmp4/v7/prog_index.m3u8' for reading
[hls @ 0x10eea2f80] Skip ('#EXT-X-VERSION:7')
[hls @ 0x10eea2f80] Skip ('#EXT-X-INDEPENDENT-SEGMENTS')
[https @ 0x11c81b200] Opening 'https://devstreaming-cdn.apple.com/videos/streaming/examples/img_bipbop_adv_example_fmp4/v6/prog_index.m3u8' for reading
[hls @ 0x10eea2f80] Skip ('#EXT-X-VERSION:7')
[hls @ 0x10eea2f80] Skip ('#EXT-X-INDEPENDENT-SEGMENTS')
[https @ 0x11c81b200] Opening 'https://devstreaming-cdn.apple.com/videos/streaming/examples/img_bipbop_adv_example_fmp4/v4/prog_index.m3u8' for reading
[hls @ 0x10eea2f80] Skip ('#EXT-X-VERSION:7')
[hls @ 0x10eea2f80] Skip ('#EXT-X-INDEPENDENT-SEGMENTS')
[https @ 0x11c81b200] Opening 'https://devstreaming-cdn.apple.com/videos/streaming/examples/img_bipbop_adv_example_fmp4/v3/prog_index.m3u8' for reading
[hls @ 0x10eea2f80] Skip ('#EXT-X-VERSION:7')
[hls @ 0x10eea2f80] Skip ('#EXT-X-INDEPENDENT-SEGMENTS')
[https @ 0x11c81b200] Opening 'https://devstreaming-cdn.apple.com/videos/streaming/examples/img_bipbop_adv_example_fmp4/v2/prog_index.m3u8' for reading
[hls @ 0x10eea2f80] Skip ('#EXT-X-VERSION:7')
[hls @ 0x10eea2f80] Skip ('#EXT-X-INDEPENDENT-SEGMENTS')
[https @ 0x11c81b200] Opening 'https://devstreaming-cdn.apple.com/videos/streaming/examples/img_bipbop_adv_example_fmp4/a1/prog_index.m3u8' for reading
[hls @ 0x10eea2f80] Skip ('#EXT-X-VERSION:7')
[hls @ 0x10eea2f80] Skip ('#EXT-X-INDEPENDENT-SEGMENTS')
[https @ 0x11c81b200] Opening 'https://devstreaming-cdn.apple.com/videos/streaming/examples/img_bipbop_adv_example_fmp4/a2/prog_index.m3u8' for reading
[hls @ 0x10eea2f80] Skip ('#EXT-X-VERSION:7')
[hls @ 0x10eea2f80] Skip ('#EXT-X-INDEPENDENT-SEGMENTS')
[https @ 0x11c81b200] Opening 'https://devstreaming-cdn.apple.com/videos/streaming/examples/img_bipbop_adv_example_fmp4/a3/prog_index.m3u8' for reading
[hls @ 0x10eea2f80] Skip ('#EXT-X-VERSION:7')
[hls @ 0x10eea2f80] Skip ('#EXT-X-INDEPENDENT-SEGMENTS')
[hls @ 0x10eea2f80] Opening 'https://devstreaming-cdn.apple.com/videos/streaming/examples/img_bipbop_adv_example_fmp4/v5/main.mp4' for reading
[hls @ 0x10eea2f80] Opening 'https://devstreaming-cdn.apple.com/videos/streaming/examples/img_bipbop_adv_example_fmp4/v5/main.mp4' for reading
[hls @ 0x10eea2f80] Opening 'https://devstreaming-cdn.apple.com/videos/streaming/examples/img_bipbop_adv_example_fmp4/v5/main.mp4' for reading
[hls @ 0x10eea2f80] Opening 'https://devstreaming-cdn.apple.com/videos/streaming/examples/img_bipbop_adv_example_fmp4/v9/main.mp4' for reading
[hls @ 0x10eea2f80] Opening 'https://devstreaming-cdn.apple.com/videos/streaming/examples/img_bipbop_adv_example_fmp4/v9/main.mp4' for reading
[hls @ 0x10eea2f80] Opening 'https://devstreaming-cdn.apple.com/videos/streaming/examples/img_bipbop_adv_example_fmp4/v9/main.mp4' for reading
[hls @ 0x10eea2f80] Opening 'https://devstreaming-cdn.apple.com/videos/streaming/examples/img_bipbop_adv_example_fmp4/v8/main.mp4' for reading
[hls @ 0x10eea2f80] Opening 'https://devstreaming-cdn.apple.com/videos/streaming/examples/img_bipbop_adv_example_fmp4/v8/main.mp4' for reading
[hls @ 0x10eea2f80] Opening 'https://devstreaming-cdn.apple.com/videos/streaming/examples/img_bipbop_adv_example_fmp4/v8/main.mp4' for reading
[hls @ 0x10eea2f80] Opening 'https://devstreaming-cdn.apple.com/videos/streaming/examples/img_bipbop_adv_example_fmp4/v7/main.mp4' for reading
[hls @ 0x10eea2f80] Opening 'https://devstreaming-cdn.apple.com/videos/streaming/examples/img_bipbop_adv_example_fmp4/v7/main.mp4' for reading
[hls @ 0x10eea2f80] Opening 'https://devstreaming-cdn.apple.com/videos/streaming/examples/img_bipbop_adv_example_fmp4/v7/main.mp4' for reading
[hls @ 0x10eea2f80] Opening 'https://devstreaming-cdn.apple.com/videos/streaming/examples/img_bipbop_adv_example_fmp4/v6/main.mp4' for reading
[hls @ 0x10eea2f80] Opening 'https://devstreaming-cdn.apple.com/videos/streaming/examples/img_bipbop_adv_example_fmp4/v6/main.mp4' for reading
[hls @ 0x10eea2f80] Opening 'https://devstreaming-cdn.apple.com/videos/streaming/examples/img_bipbop_adv_example_fmp4/v6/main.mp4' for reading
[hls @ 0x10eea2f80] Opening 'https://devstreaming-cdn.apple.com/videos/streaming/examples/img_bipbop_adv_example_fmp4/v4/main.mp4' for reading
[hls @ 0x10eea2f80] Opening 'https://devstreaming-cdn.apple.com/videos/streaming/examples/img_bipbop_adv_example_fmp4/v4/main.mp4' for reading
[hls @ 0x10eea2f80] Opening 'https://devstreaming-cdn.apple.com/videos/streaming/examples/img_bipbop_adv_example_fmp4/v4/main.mp4' for reading
[hls @ 0x10eea2f80] Opening 'https://devstreaming-cdn.apple.com/videos/streaming/examples/img_bipbop_adv_example_fmp4/v3/main.mp4' for reading
[hls @ 0x10eea2f80] Opening 'https://devstreaming-cdn.apple.com/videos/streaming/examples/img_bipbop_adv_example_fmp4/v3/main.mp4' for reading
[hls @ 0x10eea2f80] Opening 'https://devstreaming-cdn.apple.com/videos/streaming/examples/img_bipbop_adv_example_fmp4/v3/main.mp4' for reading
[hls @ 0x10eea2f80] Opening 'https://devstreaming-cdn.apple.com/videos/streaming/examples/img_bipbop_adv_example_fmp4/v2/main.mp4' for reading
[hls @ 0x10eea2f80] Opening 'https://devstreaming-cdn.apple.com/videos/streaming/examples/img_bipbop_adv_example_fmp4/v2/main.mp4' for reading
[hls @ 0x10eea2f80] Opening 'https://devstreaming-cdn.apple.com/videos/streaming/examples/img_bipbop_adv_example_fmp4/v2/main.mp4' for reading
[hls @ 0x10eea2f80] Opening 'https://devstreaming-cdn.apple.com/videos/streaming/examples/img_bipbop_adv_example_fmp4/v5/main.mp4' for reading
[hls @ 0x10eea2f80] Opening 'https://devstreaming-cdn.apple.com/videos/streaming/examples/img_bipbop_adv_example_fmp4/v5/main.mp4' for reading
[hls @ 0x10eea2f80] Opening 'https://devstreaming-cdn.apple.com/videos/streaming/examples/img_bipbop_adv_example_fmp4/v5/main.mp4' for reading
[hls @ 0x10eea2f80] Opening 'https://devstreaming-cdn.apple.com/videos/streaming/examples/img_bipbop_adv_example_fmp4/v9/main.mp4' for reading
[hls @ 0x10eea2f80] Opening 'https://devstreaming-cdn.apple.com/videos/streaming/examples/img_bipbop_adv_example_fmp4/v9/main.mp4' for reading
[hls @ 0x10eea2f80] Opening 'https://devstreaming-cdn.apple.com/videos/streaming/examples/img_bipbop_adv_example_fmp4/v9/main.mp4' for reading
[hls @ 0x10eea2f80] Opening 'https://devstreaming-cdn.apple.com/videos/streaming/examples/img_bipbop_adv_example_fmp4/v8/main.mp4' for reading
[hls @ 0x10eea2f80] Opening 'https://devstreaming-cdn.apple.com/videos/streaming/examples/img_bipbop_adv_example_fmp4/v8/main.mp4' for reading
[hls @ 0x10eea2f80] Opening 'https://devstreaming-cdn.apple.com/videos/streaming/examples/img_bipbop_adv_example_fmp4/v8/main.mp4' for reading
[hls @ 0x10eea2f80] Opening 'https://devstreaming-cdn.apple.com/videos/streaming/examples/img_bipbop_adv_example_fmp4/v7/main.mp4' for reading
[hls @ 0x10eea2f80] Opening 'https://devstreaming-cdn.apple.com/videos/streaming/examples/img_bipbop_adv_example_fmp4/v7/main.mp4' for reading
[hls @ 0x10eea2f80] Opening 'https://devstreaming-cdn.apple.com/videos/streaming/examples/img_bipbop_adv_example_fmp4/v7/main.mp4' for reading
[hls @ 0x10eea2f80] Opening 'https://devstreaming-cdn.apple.com/videos/streaming/examples/img_bipbop_adv_example_fmp4/v6/main.mp4' for reading
[hls @ 0x10eea2f80] Opening 'https://devstreaming-cdn.apple.com/videos/streaming/examples/img_bipbop_adv_example_fmp4/v6/main.mp4' for reading
[hls @ 0x10eea2f80] Opening 'https://devstreaming-cdn.apple.com/videos/streaming/examples/img_bipbop_adv_example_fmp4/v6/main.mp4' for reading
[hls @ 0x10eea2f80] Opening 'https://devstreaming-cdn.apple.com/videos/streaming/examples/img_bipbop_adv_example_fmp4/v4/main.mp4' for reading
[hls @ 0x10eea2f80] Opening 'https://devstreaming-cdn.apple.com/videos/streaming/examples/img_bipbop_adv_example_fmp4/v4/main.mp4' for reading
[hls @ 0x10eea2f80] Opening 'https://devstreaming-cdn.apple.com/videos/streaming/examples/img_bipbop_adv_example_fmp4/v4/main.mp4' for reading
[hls @ 0x10eea2f80] Opening 'https://devstreaming-cdn.apple.com/videos/streaming/examples/img_bipbop_adv_example_fmp4/v3/main.mp4' for reading
[hls @ 0x10eea2f80] Opening 'https://devstreaming-cdn.apple.com/videos/streaming/examples/img_bipbop_adv_example_fmp4/v3/main.mp4' for reading
[hls @ 0x10eea2f80] Opening 'https://devstreaming-cdn.apple.com/videos/streaming/examples/img_bipbop_adv_example_fmp4/v3/main.mp4' for reading
[hls @ 0x10eea2f80] Opening 'https://devstreaming-cdn.apple.com/videos/streaming/examples/img_bipbop_adv_example_fmp4/v2/main.mp4' for reading
[hls @ 0x10eea2f80] Opening 'https://devstreaming-cdn.apple.com/videos/streaming/examples/img_bipbop_adv_example_fmp4/v2/main.mp4' for reading
[hls @ 0x10eea2f80] Opening 'https://devstreaming-cdn.apple.com/videos/streaming/examples/img_bipbop_adv_example_fmp4/v2/main.mp4' for reading
[hls @ 0x10eea2f80] Opening 'https://devstreaming-cdn.apple.com/videos/streaming/examples/img_bipbop_adv_example_fmp4/v5/main.mp4' for reading
[hls @ 0x10eea2f80] Opening 'https://devstreaming-cdn.apple.com/videos/streaming/examples/img_bipbop_adv_example_fmp4/v5/main.mp4' for reading
[hls @ 0x10eea2f80] Opening 'https://devstreaming-cdn.apple.com/videos/streaming/examples/img_bipbop_adv_example_fmp4/v5/main.mp4' for reading
[hls @ 0x10eea2f80] Opening 'https://devstreaming-cdn.apple.com/videos/streaming/examples/img_bipbop_adv_example_fmp4/v9/main.mp4' for reading
[hls @ 0x10eea2f80] Opening 'https://devstreaming-cdn.apple.com/videos/streaming/examples/img_bipbop_adv_example_fmp4/v9/main.mp4' for reading
[hls @ 0x10eea2f80] Opening 'https://devstreaming-cdn.apple.com/videos/streaming/examples/img_bipbop_adv_example_fmp4/v9/main.mp4' for reading
[hls @ 0x10eea2f80] Opening 'https://devstreaming-cdn.apple.com/videos/streaming/examples/img_bipbop_adv_example_fmp4/v8/main.mp4' for reading
[hls @ 0x10eea2f80] Opening 'https://devstreaming-cdn.apple.com/videos/streaming/examples/img_bipbop_adv_example_fmp4/v8/main.mp4' for reading
[hls @ 0x10eea2f80] Opening 'https://devstreaming-cdn.apple.com/videos/streaming/examples/img_bipbop_adv_example_fmp4/v8/main.mp4' for reading
[hls @ 0x10eea2f80] Opening 'https://devstreaming-cdn.apple.com/videos/streaming/examples/img_bipbop_adv_example_fmp4/v7/main.mp4' for reading
[hls @ 0x10eea2f80] Opening 'https://devstreaming-cdn.apple.com/videos/streaming/examples/img_bipbop_adv_example_fmp4/v7/main.mp4' for reading
[hls @ 0x10eea2f80] Opening 'https://devstreaming-cdn.apple.com/videos/streaming/examples/img_bipbop_adv_example_fmp4/v7/main.mp4' for reading
[hls @ 0x10eea2f80] Opening 'https://devstreaming-cdn.apple.com/videos/streaming/examples/img_bipbop_adv_example_fmp4/v6/main.mp4' for reading
[hls @ 0x10eea2f80] Opening 'https://devstreaming-cdn.apple.com/videos/streaming/examples/img_bipbop_adv_example_fmp4/v6/main.mp4' for reading
[hls @ 0x10eea2f80] Opening 'https://devstreaming-cdn.apple.com/videos/streaming/examples/img_bipbop_adv_example_fmp4/v6/main.mp4' for reading
[hls @ 0x10eea2f80] Opening 'https://devstreaming-cdn.apple.com/videos/streaming/examples/img_bipbop_adv_example_fmp4/v4/main.mp4' for reading
[hls @ 0x10eea2f80] Opening 'https://devstreaming-cdn.apple.com/videos/streaming/examples/img_bipbop_adv_example_fmp4/v4/main.mp4' for reading
[hls @ 0x10eea2f80] Opening 'https://devstreaming-cdn.apple.com/videos/streaming/examples/img_bipbop_adv_example_fmp4/v4/main.mp4' for reading
[hls @ 0x10eea2f80] Opening 'https://devstreaming-cdn.apple.com/videos/streaming/examples/img_bipbop_adv_example_fmp4/v3/main.mp4' for reading
[hls @ 0x10eea2f80] Opening 'https://devstreaming-cdn.apple.com/videos/streaming/examples/img_bipbop_adv_example_fmp4/v3/main.mp4' for reading
[hls @ 0x10eea2f80] Opening 'https://devstreaming-cdn.apple.com/videos/streaming/examples/img_bipbop_adv_example_fmp4/v3/main.mp4' for reading
[hls @ 0x10eea2f80] Opening 'https://devstreaming-cdn.apple.com/videos/streaming/examples/img_bipbop_adv_example_fmp4/v2/main.mp4' for reading
[hls @ 0x10eea2f80] Opening 'https://devstreaming-cdn.apple.com/videos/streaming/examples/img_bipbop_adv_example_fmp4/v2/main.mp4' for reading
[hls @ 0x10eea2f80] Opening 'https://devstreaming-cdn.apple.com/videos/streaming/examples/img_bipbop_adv_example_fmp4/v2/main.mp4' for reading
[hls @ 0x10eea2f80] Opening 'https://devstreaming-cdn.apple.com/videos/streaming/examples/img_bipbop_adv_example_fmp4/a1/main.mp4' for reading
[hls @ 0x10eea2f80] Opening 'https://devstreaming-cdn.apple.com/videos/streaming/examples/img_bipbop_adv_example_fmp4/a1/main.mp4' for reading
[hls @ 0x10eea2f80] Opening 'https://devstreaming-cdn.apple.com/videos/streaming/examples/img_bipbop_adv_example_fmp4/a1/main.mp4' for reading
[hls @ 0x10eea2f80] Opening 'https://devstreaming-cdn.apple.com/videos/streaming/examples/img_bipbop_adv_example_fmp4/a2/main.mp4' for reading
[hls @ 0x10eea2f80] Opening 'https://devstreaming-cdn.apple.com/videos/streaming/examples/img_bipbop_adv_example_fmp4/a2/main.mp4' for reading
[hls @ 0x10eea2f80] Opening 'https://devstreaming-cdn.apple.com/videos/streaming/examples/img_bipbop_adv_example_fmp4/a2/main.mp4' for reading
[hls @ 0x10eea2f80] Opening 'https://devstreaming-cdn.apple.com/videos/streaming/examples/img_bipbop_adv_example_fmp4/a3/main.mp4' for reading
[hls @ 0x10eea2f80] Opening 'https://devstreaming-cdn.apple.com/videos/streaming/examples/img_bipbop_adv_example_fmp4/a3/main.mp4' for reading
[hls @ 0x10eea2f80] Opening 'https://devstreaming-cdn.apple.com/videos/streaming/examples/img_bipbop_adv_example_fmp4/a3/main.mp4' for reading
[hls @ 0x10eea2f80] Stream #0: not enough frames to estimate rate; consider increasing probesize
[hls @ 0x10eea2f80] Stream #1: not enough frames to estimate rate; consider increasing probesize
[hls @ 0x10eea2f80] Stream #2: not enough frames to estimate rate; consider increasing probesize
[hls @ 0x10eea2f80] Stream #3: not enough frames to estimate rate; consider increasing probesize
[hls @ 0x10eea2f80] Stream #4: not enough frames to estimate rate; consider increasing probesize
[hls @ 0x10eea2f80] Stream #5: not enough frames to estimate rate; consider increasing probesize
[hls @ 0x10eea2f80] Stream #6: not enough frames to estimate rate; consider increasing probesize
[hls @ 0x10eea2f80] Stream #7: not enough frames to estimate rate; consider increasing probesize
[hls @ 0x10eea2f80] Stream #8: not enough frames to estimate rate; consider increasing probesize
[hls @ 0x10eea2f80] Stream #9: not enough frames to estimate rate; consider increasing probesize
[hls @ 0x10eea2f80] Stream #10: not enough frames to estimate rate; consider increasing probesize
[hls @ 0x10eea2f80] Stream #11: not enough frames to estimate rate; consider increasing probesize
[hls @ 0x10eea2f80] Stream #12: not enough frames to estimate rate; consider increasing probesize
[hls @ 0x10eea2f80] Stream #13: not enough frames to estimate rate; consider increasing probesize
[hls @ 0x10eea2f80] Stream #14: not enough frames to estimate rate; consider increasing probesize
[hls @ 0x10eea2f80] Stream #15: not enough frames to estimate rate; consider increasing probesize
[hls @ 0x10eea2f80] Stream #16: not enough frames to estimate rate; consider increasing probesize
[hls @ 0x10eea2f80] Stream #17: not enough frames to estimate rate; consider increasing probesize
[hls @ 0x10eea2f80] Stream #18: not enough frames to estimate rate; consider increasing probesize
[hls @ 0x10eea2f80] Stream #19: not enough frames to estimate rate; consider increasing probesize
[hls @ 0x10eea2f80] Stream #20: not enough frames to estimate rate; consider increasing probesize
[hls @ 0x10eea2f80] Stream #21: not enough frames to estimate rate; consider increasing probesize
[hls @ 0x10eea2f80] Stream #22: not enough frames to estimate rate; consider increasing probesize
[hls @ 0x10eea2f80] Stream #23: not enough frames to estimate rate; consider increasing probesize
[hls @ 0x10eea2f80] Could not find codec parameters for stream 3 (Video: h264 (avc1 / 0x31637661), none, 1920x1080, 750 kb/s): unspecified pixel format
Consider increasing the value for the 'analyzeduration' (1000000) and 'probesize' (131072) options
[hls @ 0x10eea2f80] Could not find codec parameters for stream 4 (Video: h264 (avc1 / 0x31637661), none, 1280x720, 513 kb/s): unspecified pixel format
Consider increasing the value for the 'analyzeduration' (1000000) and 'probesize' (131072) options
[hls @ 0x10eea2f80] Could not find codec parameters for stream 5 (Video: h264 (avc1 / 0x31637661), none, 768x432, 185 kb/s): unspecified pixel format
Consider increasing the value for the 'analyzeduration' (1000000) and 'probesize' (131072) options
[hls @ 0x10eea2f80] Could not find codec parameters for stream 6 (Video: h264 (avc1 / 0x31637661), none, 640x360, 111 kb/s): unspecified pixel format
Consider increasing the value for the 'analyzeduration' (1000000) and 'probesize' (131072) options
[hls @ 0x10eea2f80] Could not find codec parameters for stream 7 (Video: h264 (avc1 / 0x31637661), none, 480x270, 59 kb/s): unspecified pixel format
Consider increasing the value for the 'analyzeduration' (1000000) and 'probesize' (131072) options
[hls @ 0x10eea2f80] Could not find codec parameters for stream 8 (Video: h264 (avc1 / 0x31637661), none, 960x540, 335 kb/s): unspecified pixel format
Consider increasing the value for the 'analyzeduration' (1000000) and 'probesize' (131072) options
[hls @ 0x10eea2f80] Could not find codec parameters for stream 9 (Video: h264 (avc1 / 0x31637661), none, 1920x1080, 1351 kb/s): unspecified pixel format
Consider increasing the value for the 'analyzeduration' (1000000) and 'probesize' (131072) options
[hls @ 0x10eea2f80] Could not find codec parameters for stream 10 (Video: h264 (avc1 / 0x31637661), none, 1920x1080, 1019 kb/s): unspecified pixel format
Consider increasing the value for the 'analyzeduration' (1000000) and 'probesize' (131072) options
[hls @ 0x10eea2f80] Could not find codec parameters for stream 11 (Video: h264 (avc1 / 0x31637661), none, 1920x1080, 750 kb/s): unspecified pixel format
Consider increasing the value for the 'analyzeduration' (1000000) and 'probesize' (131072) options
[hls @ 0x10eea2f80] Could not find codec parameters for stream 12 (Video: h264 (avc1 / 0x31637661), none, 1280x720, 513 kb/s): unspecified pixel format
Consider increasing the value for the 'analyzeduration' (1000000) and 'probesize' (131072) options
[hls @ 0x10eea2f80] Could not find codec parameters for stream 13 (Video: h264 (avc1 / 0x31637661), none, 768x432, 185 kb/s): unspecified pixel format
Consider increasing the value for the 'analyzeduration' (1000000) and 'probesize' (131072) options
[hls @ 0x10eea2f80] Could not find codec parameters for stream 14 (Video: h264 (avc1 / 0x31637661), none, 640x360, 111 kb/s): unspecified pixel format
Consider increasing the value for the 'analyzeduration' (1000000) and 'probesize' (131072) options
[hls @ 0x10eea2f80] Could not find codec parameters for stream 15 (Video: h264 (avc1 / 0x31637661), none, 480x270, 59 kb/s): unspecified pixel format
Consider increasing the value for the 'analyzeduration' (1000000) and 'probesize' (131072) options
[hls @ 0x10eea2f80] Could not find codec parameters for stream 16 (Video: h264 (avc1 / 0x31637661), none, 960x540, 335 kb/s): unspecified pixel format
Consider increasing the value for the 'analyzeduration' (1000000) and 'probesize' (131072) options
[hls @ 0x10eea2f80] Could not find codec parameters for stream 17 (Video: h264 (avc1 / 0x31637661), none, 1920x1080, 1351 kb/s): unspecified pixel format
Consider increasing the value for the 'analyzeduration' (1000000) and 'probesize' (131072) options
[hls @ 0x10eea2f80] Could not find codec parameters for stream 18 (Video: h264 (avc1 / 0x31637661), none, 1920x1080, 1019 kb/s): unspecified pixel format
Consider increasing the value for the 'analyzeduration' (1000000) and 'probesize' (131072) options
[hls @ 0x10eea2f80] Could not find codec parameters for stream 19 (Video: h264 (avc1 / 0x31637661), none, 1920x1080, 750 kb/s): unspecified pixel format
Consider increasing the value for the 'analyzeduration' (1000000) and 'probesize' (131072) options
[hls @ 0x10eea2f80] Could not find codec parameters for stream 20 (Video: h264 (avc1 / 0x31637661), none, 1280x720, 513 kb/s): unspecified pixel format
Consider increasing the value for the 'analyzeduration' (1000000) and 'probesize' (131072) options
[hls @ 0x10eea2f80] Could not find codec parameters for stream 21 (Video: h264 (avc1 / 0x31637661), none, 768x432, 185 kb/s): unspecified pixel format
Consider increasing the value for the 'analyzeduration' (1000000) and 'probesize' (131072) options
[hls @ 0x10eea2f80] Could not find codec parameters for stream 22 (Video: h264 (avc1 / 0x31637661), none, 640x360, 111 kb/s): unspecified pixel format
Consider increasing the value for the 'analyzeduration' (1000000) and 'probesize' (131072) options
[hls @ 0x10eea2f80] Could not find codec parameters for stream 23 (Video: h264 (avc1 / 0x31637661), none, 480x270, 59 kb/s): unspecified pixel format
Consider increasing the value for the 'analyzeduration' (1000000) and 'probesize' (131072) options
Input #0, hls, from 'https://devstreaming-cdn.apple.com/videos/streaming/examples/img_bipbop_adv_example_fmp4/master.m3u8':
  Duration: 00:10:00.00, start: 9.977333, bitrate: 0 kb/s
  Program 0 
    Metadata:
      variant_bitrate : 2177116
  Stream #0:0: Video: h264 (High) (avc1 / 0x31637661), yuv420p, 960x540 [SAR 1:1 DAR 16:9], Closed Captions, 335 kb/s, 60 tbr, 60k tbn (default)
    Metadata:
      variant_bitrate : 2177116
      major_brand     : mp42
      minor_version   : 1
      compatible_brands: mp41mp42isomhlsf
      creation_time   : 2016-12-21T21:37:39.000000Z
  Stream #0:24(en): Audio: aac (LC) (mp4a / 0x6134706D), 48000 Hz, stereo, fltp, 60 kb/s (default)
    Metadata:
      major_brand     : mp42
      minor_version   : 1
      compatible_brands: mp41mp42isomhlsf
      creation_time   : 2016-12-21T22:14:57.000000Z
      comment         : English
  Program 1 
    Metadata:
      variant_bitrate : 8001098
  Stream #0:1: Video: h264 (High) (avc1 / 0x31637661), yuv420p, 1920x1080 [SAR 1:1 DAR 16:9], Closed Captions, 1351 kb/s, 60 tbr, 60k tbn (default)
    Metadata:
      variant_bitrate : 8001098
      major_brand     : mp42
      minor_version   : 1
      compatible_brands: mp41mp42isomhlsf
      creation_time   : 2016-12-21T21:37:42.000000Z
  Stream #0:24(en): Audio: aac (LC) (mp4a / 0x6134706D), 48000 Hz, stereo, fltp, 60 kb/s (default)
    Metadata:
      major_brand     : mp42
      minor_version   : 1
      compatible_brands: mp41mp42isomhlsf
      creation_time   : 2016-12-21T22:14:57.000000Z
      comment         : English
  Program 2 
    Metadata:
      variant_bitrate : 6312875
  Stream #0:2: Video: h264 (High) (avc1 / 0x31637661), yuv420p, 1920x1080 [SAR 1:1 DAR 16:9], Closed Captions, 1019 kb/s, 60 tbr, 60k tbn (default)
    Metadata:
      variant_bitrate : 6312875
      major_brand     : mp42
      minor_version   : 1
      compatible_brands: mp41mp42isomhlsf
      creation_time   : 2016-12-21T21:37:48.000000Z
  Stream #0:24(en): Audio: aac (LC) (mp4a / 0x6134706D), 48000 Hz, stereo, fltp, 60 kb/s (default)
    Metadata:
      major_brand     : mp42
      minor_version   : 1
      compatible_brands: mp41mp42isomhlsf
      creation_time   : 2016-12-21T22:14:57.000000Z
      comment         : English
  Program 3 
    Metadata:
      variant_bitrate : 4943747
  Stream #0:3: Video: h264 (avc1 / 0x31637661), none, 1920x1080, 750 kb/s, 30k tbr, 60k tbn (default)
    Metadata:
      variant_bitrate : 4943747
      major_brand     : mp42
      minor_version   : 1
      compatible_brands: mp41mp42isomhlsf
      creation_time   : 2016-12-21T21:37:54.000000Z
  Stream #0:24(en): Audio: aac (LC) (mp4a / 0x6134706D), 48000 Hz, stereo, fltp, 60 kb/s (default)
    Metadata:
      major_brand     : mp42
      minor_version   : 1
      compatible_brands: mp41mp42isomhlsf
      creation_time   : 2016-12-21T22:14:57.000000Z
      comment         : English
  Program 4 
    Metadata:
      variant_bitrate : 3216424
  Stream #0:4: Video: h264 (avc1 / 0x31637661), none, 1280x720, 513 kb/s, 30k tbr, 60k tbn (default)
    Metadata:
      variant_bitrate : 3216424
      major_brand     : mp42
      minor_version   : 1
      compatible_brands: mp41mp42isomhlsf
      creation_time   : 2016-12-21T21:37:59.000000Z
  Stream #0:24(en): Audio: aac (LC) (mp4a / 0x6134706D), 48000 Hz, stereo, fltp, 60 kb/s (default)
    Metadata:
      major_brand     : mp42
      minor_version   : 1
      compatible_brands: mp41mp42isomhlsf
      creation_time   : 2016-12-21T22:14:57.000000Z
      comment         : English
  Program 5 
    Metadata:
      variant_bitrate : 1268994
  Stream #0:5: Video: h264 (avc1 / 0x31637661), none, 768x432, 185 kb/s, 15k tbr, 30k tbn (default)
    Metadata:
      variant_bitrate : 1268994
      major_brand     : mp42
      minor_version   : 1
      compatible_brands: mp41mp42isomhlsf
      creation_time   : 2016-12-21T21:38:03.000000Z
  Stream #0:24(en): Audio: aac (LC) (mp4a / 0x6134706D), 48000 Hz, stereo, fltp, 60 kb/s (default)
    Metadata:
      major_brand     : mp42
      minor_version   : 1
      compatible_brands: mp41mp42isomhlsf
      creation_time   : 2016-12-21T22:14:57.000000Z
      comment         : English
  Program 6 
    Metadata:
      variant_bitrate : 902298
  Stream #0:6: Video: h264 (avc1 / 0x31637661), none, 640x360, 111 kb/s, 15k tbr, 30k tbn (default)
    Metadata:
      variant_bitrate : 902298
      major_brand     : mp42
      minor_version   : 1
      compatible_brands: mp41mp42isomhlsf
      creation_time   : 2016-12-21T21:38:06.000000Z
  Stream #0:24(en): Audio: aac (LC) (mp4a / 0x6134706D), 48000 Hz, stereo, fltp, 60 kb/s (default)
    Metadata:
      major_brand     : mp42
      minor_version   : 1
      compatible_brands: mp41mp42isomhlsf
      creation_time   : 2016-12-21T22:14:57.000000Z
      comment         : English
  Program 7 
    Metadata:
      variant_bitrate : 541052
  Stream #0:7: Video: h264 (avc1 / 0x31637661), none, 480x270, 59 kb/s, 15k tbr, 30k tbn (default)
    Metadata:
      variant_bitrate : 541052
      major_brand     : mp42
      minor_version   : 1
      compatible_brands: mp41mp42isomhlsf
      creation_time   : 2016-12-21T21:38:07.000000Z
  Stream #0:24(en): Audio: aac (LC) (mp4a / 0x6134706D), 48000 Hz, stereo, fltp, 60 kb/s (default)
    Metadata:
      major_brand     : mp42
      minor_version   : 1
      compatible_brands: mp41mp42isomhlsf
      creation_time   : 2016-12-21T22:14:57.000000Z
      comment         : English
  Program 8 
    Metadata:
      variant_bitrate : 2399619
  Stream #0:8: Video: h264 (avc1 / 0x31637661), none, 960x540, 335 kb/s, 30k tbr, 60k tbn (default)
    Metadata:
      variant_bitrate : 2399619
      major_brand     : mp42
      minor_version   : 1
      compatible_brands: mp41mp42isomhlsf
      creation_time   : 2016-12-21T21:37:39.000000Z
  Stream #0:25(en): Audio: ac3 (ac-3 / 0x332D6361), 48000 Hz, 5.1(side), fltp, 384 kb/s (default)
    Metadata:
      major_brand     : mp42
      minor_version   : 1
      compatible_brands: mp41mp42isomhlsf
      creation_time   : 2016-12-21T22:15:46.000000Z
      comment         : English
    Side data:
      audio service type: main
  Program 9 
    Metadata:
      variant_bitrate : 8223601
  Stream #0:9: Video: h264 (avc1 / 0x31637661), none, 1920x1080, 1351 kb/s, 30k tbr, 60k tbn (default)
    Metadata:
      variant_bitrate : 8223601
      major_brand     : mp42
      minor_version   : 1
      compatible_brands: mp41mp42isomhlsf
      creation_time   : 2016-12-21T21:37:42.000000Z
  Stream #0:25(en): Audio: ac3 (ac-3 / 0x332D6361), 48000 Hz, 5.1(side), fltp, 384 kb/s (default)
    Metadata:
      major_brand     : mp42
      minor_version   : 1
      compatible_brands: mp41mp42isomhlsf
      creation_time   : 2016-12-21T22:15:46.000000Z
      comment         : English
    Side data:
      audio service type: main
  Program 10 
    Metadata:
      variant_bitrate : 6535378
  Stream #0:10: Video: h264 (avc1 / 0x31637661), none, 1920x1080, 1019 kb/s, 30k tbr, 60k tbn (default)
    Metadata:
      variant_bitrate : 6535378
      major_brand     : mp42
      minor_version   : 1
      compatible_brands: mp41mp42isomhlsf
      creation_time   : 2016-12-21T21:37:48.000000Z
  Stream #0:25(en): Audio: ac3 (ac-3 / 0x332D6361), 48000 Hz, 5.1(side), fltp, 384 kb/s (default)
    Metadata:
      major_brand     : mp42
      minor_version   : 1
      compatible_brands: mp41mp42isomhlsf
      creation_time   : 2016-12-21T22:15:46.000000Z
      comment         : English
    Side data:
      audio service type: main
  Program 11 
    Metadata:
      variant_bitrate : 5166250
  Stream #0:11: Video: h264 (avc1 / 0x31637661), none, 1920x1080, 750 kb/s, 30k tbr, 60k tbn (default)
    Metadata:
      variant_bitrate : 5166250
      major_brand     : mp42
      minor_version   : 1
      compatible_brands: mp41mp42isomhlsf
      creation_time   : 2016-12-21T21:37:54.000000Z
  Stream #0:25(en): Audio: ac3 (ac-3 / 0x332D6361), 48000 Hz, 5.1(side), fltp, 384 kb/s (default)
    Metadata:
      major_brand     : mp42
      minor_version   : 1
      compatible_brands: mp41mp42isomhlsf
      creation_time   : 2016-12-21T22:15:46.000000Z
      comment         : English
    Side data:
      audio service type: main
  Program 12 
    Metadata:
      variant_bitrate : 3438927
  Stream #0:12: Video: h264 (avc1 / 0x31637661), none, 1280x720, 513 kb/s, 30k tbr, 60k tbn (default)
    Metadata:
      variant_bitrate : 3438927
      major_brand     : mp42
      minor_version   : 1
      compatible_brands: mp41mp42isomhlsf
      creation_time   : 2016-12-21T21:37:59.000000Z
  Stream #0:25(en): Audio: ac3 (ac-3 / 0x332D6361), 48000 Hz, 5.1(side), fltp, 384 kb/s (default)
    Metadata:
      major_brand     : mp42
      minor_version   : 1
      compatible_brands: mp41mp42isomhlsf
      creation_time   : 2016-12-21T22:15:46.000000Z
      comment         : English
    Side data:
      audio service type: main
  Program 13 
    Metadata:
      variant_bitrate : 1491497
  Stream #0:13: Video: h264 (avc1 / 0x31637661), none, 768x432, 185 kb/s, 15k tbr, 30k tbn (default)
    Metadata:
      variant_bitrate : 1491497
      major_brand     : mp42
      minor_version   : 1
      compatible_brands: mp41mp42isomhlsf
      creation_time   : 2016-12-21T21:38:03.000000Z
  Stream #0:25(en): Audio: ac3 (ac-3 / 0x332D6361), 48000 Hz, 5.1(side), fltp, 384 kb/s (default)
    Metadata:
      major_brand     : mp42
      minor_version   : 1
      compatible_brands: mp41mp42isomhlsf
      creation_time   : 2016-12-21T22:15:46.000000Z
      comment         : English
    Side data:
      audio service type: main
  Program 14 
    Metadata:
      variant_bitrate : 1124801
  Stream #0:14: Video: h264 (avc1 / 0x31637661), none, 640x360, 111 kb/s, 15k tbr, 30k tbn (default)
    Metadata:
      variant_bitrate : 1124801
      major_brand     : mp42
      minor_version   : 1
      compatible_brands: mp41mp42isomhlsf
      creation_time   : 2016-12-21T21:38:06.000000Z
  Stream #0:25(en): Audio: ac3 (ac-3 / 0x332D6361), 48000 Hz, 5.1(side), fltp, 384 kb/s (default)
    Metadata:
      major_brand     : mp42
      minor_version   : 1
      compatible_brands: mp41mp42isomhlsf
      creation_time   : 2016-12-21T22:15:46.000000Z
      comment         : English
    Side data:
      audio service type: main
  Program 15 
    Metadata:
      variant_bitrate : 763555
  Stream #0:15: Video: h264 (avc1 / 0x31637661), none, 480x270, 59 kb/s, 15k tbr, 30k tbn (default)
    Metadata:
      variant_bitrate : 763555
      major_brand     : mp42
      minor_version   : 1
      compatible_brands: mp41mp42isomhlsf
      creation_time   : 2016-12-21T21:38:07.000000Z
  Stream #0:25(en): Audio: ac3 (ac-3 / 0x332D6361), 48000 Hz, 5.1(side), fltp, 384 kb/s (default)
    Metadata:
      major_brand     : mp42
      minor_version   : 1
      compatible_brands: mp41mp42isomhlsf
      creation_time   : 2016-12-21T22:15:46.000000Z
      comment         : English
    Side data:
      audio service type: main
  Program 16 
    Metadata:
      variant_bitrate : 2207619
  Stream #0:16: Video: h264 (avc1 / 0x31637661), none, 960x540, 335 kb/s, 30k tbr, 60k tbn (default)
    Metadata:
      variant_bitrate : 2207619
      major_brand     : mp42
      minor_version   : 1
      compatible_brands: mp41mp42isomhlsf
      creation_time   : 2016-12-21T21:37:39.000000Z
  Stream #0:26(en): Audio: eac3 (ec-3 / 0x332D6365), 48000 Hz, 5.1(side), fltp, 192 kb/s (default)
    Metadata:
      major_brand     : mp42
      minor_version   : 1
      compatible_brands: mp41mp42isomhlsf
      creation_time   : 2016-12-21T22:16:17.000000Z
      comment         : English
    Side data:
      audio service type: main
  Program 17 
    Metadata:
      variant_bitrate : 8031601
  Stream #0:17: Video: h264 (avc1 / 0x31637661), none, 1920x1080, 1351 kb/s, 30k tbr, 60k tbn (default)
    Metadata:
      variant_bitrate : 8031601
      major_brand     : mp42
      minor_version   : 1
      compatible_brands: mp41mp42isomhlsf
      creation_time   : 2016-12-21T21:37:42.000000Z
  Stream #0:26(en): Audio: eac3 (ec-3 / 0x332D6365), 48000 Hz, 5.1(side), fltp, 192 kb/s (default)
    Metadata:
      major_brand     : mp42
      minor_version   : 1
      compatible_brands: mp41mp42isomhlsf
      creation_time   : 2016-12-21T22:16:17.000000Z
      comment         : English
    Side data:
      audio service type: main
  Program 18 
    Metadata:
      variant_bitrate : 6343378
  Stream #0:18: Video: h264 (avc1 / 0x31637661), none, 1920x1080, 1019 kb/s, 30k tbr, 60k tbn (default)
    Metadata:
      variant_bitrate : 6343378
      major_brand     : mp42
      minor_version   : 1
      compatible_brands: mp41mp42isomhlsf
      creation_time   : 2016-12-21T21:37:48.000000Z
  Stream #0:26(en): Audio: eac3 (ec-3 / 0x332D6365), 48000 Hz, 5.1(side), fltp, 192 kb/s (default)
    Metadata:
      major_brand     : mp42
      minor_version   : 1
      compatible_brands: mp41mp42isomhlsf
      creation_time   : 2016-12-21T22:16:17.000000Z
      comment         : English
    Side data:
      audio service type: main
  Program 19 
    Metadata:
      variant_bitrate : 4974250
  Stream #0:19: Video: h264 (avc1 / 0x31637661), none, 1920x1080, 750 kb/s, 30k tbr, 60k tbn (default)
    Metadata:
      variant_bitrate : 4974250
      major_brand     : mp42
      minor_version   : 1
      compatible_brands: mp41mp42isomhlsf
      creation_time   : 2016-12-21T21:37:54.000000Z
  Stream #0:26(en): Audio: eac3 (ec-3 / 0x332D6365), 48000 Hz, 5.1(side), fltp, 192 kb/s (default)
    Metadata:
      major_brand     : mp42
      minor_version   : 1
      compatible_brands: mp41mp42isomhlsf
      creation_time   : 2016-12-21T22:16:17.000000Z
      comment         : English
    Side data:
      audio service type: main
  Program 20 
    Metadata:
      variant_bitrate : 3246927
  Stream #0:20: Video: h264 (avc1 / 0x31637661), none, 1280x720, 513 kb/s, 30k tbr, 60k tbn (default)
    Metadata:
      variant_bitrate : 3246927
      major_brand     : mp42
      minor_version   : 1
      compatible_brands: mp41mp42isomhlsf
      creation_time   : 2016-12-21T21:37:59.000000Z
  Stream #0:26(en): Audio: eac3 (ec-3 / 0x332D6365), 48000 Hz, 5.1(side), fltp, 192 kb/s (default)
    Metadata:
      major_brand     : mp42
      minor_version   : 1
      compatible_brands: mp41mp42isomhlsf
      creation_time   : 2016-12-21T22:16:17.000000Z
      comment         : English
    Side data:
      audio service type: main
  Program 21 
    Metadata:
      variant_bitrate : 1299497
  Stream #0:21: Video: h264 (avc1 / 0x31637661), none, 768x432, 185 kb/s, 15k tbr, 30k tbn (default)
    Metadata:
      variant_bitrate : 1299497
      major_brand     : mp42
      minor_version   : 1
      compatible_brands: mp41mp42isomhlsf
      creation_time   : 2016-12-21T21:38:03.000000Z
  Stream #0:26(en): Audio: eac3 (ec-3 / 0x332D6365), 48000 Hz, 5.1(side), fltp, 192 kb/s (default)
    Metadata:
      major_brand     : mp42
      minor_version   : 1
      compatible_brands: mp41mp42isomhlsf
      creation_time   : 2016-12-21T22:16:17.000000Z
      comment         : English
    Side data:
      audio service type: main
  Program 22 
    Metadata:
      variant_bitrate : 932801
  Stream #0:22: Video: h264 (avc1 / 0x31637661), none, 640x360, 111 kb/s, 15k tbr, 30k tbn (default)
    Metadata:
      variant_bitrate : 932801
      major_brand     : mp42
      minor_version   : 1
      compatible_brands: mp41mp42isomhlsf
      creation_time   : 2016-12-21T21:38:06.000000Z
  Stream #0:26(en): Audio: eac3 (ec-3 / 0x332D6365), 48000 Hz, 5.1(side), fltp, 192 kb/s (default)
    Metadata:
      major_brand     : mp42
      minor_version   : 1
      compatible_brands: mp41mp42isomhlsf
      creation_time   : 2016-12-21T22:16:17.000000Z
      comment         : English
    Side data:
      audio service type: main
  Program 23 
    Metadata:
      variant_bitrate : 571555
  Stream #0:23: Video: h264 (avc1 / 0x31637661), none, 480x270, 59 kb/s, 15k tbr, 30k tbn (default)
    Metadata:
      variant_bitrate : 571555
      major_brand     : mp42
      minor_version   : 1
      compatible_brands: mp41mp42isomhlsf
      creation_time   : 2016-12-21T21:38:07.000000Z
  Stream #0:26(en): Audio: eac3 (ec-3 / 0x332D6365), 48000 Hz, 5.1(side), fltp, 192 kb/s (default)
    Metadata:
      major_brand     : mp42
      minor_version   : 1
      compatible_brands: mp41mp42isomhlsf
      creation_time   : 2016-12-21T22:16:17.000000Z
      comment         : English
    Side data:
      audio service type: main
[hls @ 0x10ef7d390] Skip ('#EXT-X-VERSION:6')
[hls @ 0x10ef7d390] Skip ('#EXT-X-INDEPENDENT-SEGMENTS')
[hls @ 0x10ef7d390] Skip ('#EXT-X-I-FRAME-STREAM-INF:AVERAGE-BANDWIDTH=183689,BANDWIDTH=187492,CODECS="avc1.64002a",RESOLUTION=1920x1080,URI="v7/iframe_index.m3u8"')
[hls @ 0x10ef7d390] Skip ('#EXT-X-I-FRAME-STREAM-INF:AVERAGE-BANDWIDTH=132672,BANDWIDTH=136398,CODECS="avc1.640020",RESOLUTION=1280x720,URI="v6/iframe_index.m3u8"')
[hls @ 0x10ef7d390] Skip ('#EXT-X-I-FRAME-STREAM-INF:AVERAGE-BANDWIDTH=97767,BANDWIDTH=101378,CODECS="avc1.640020",RESOLUTION=960x540,URI="v5/iframe_index.m3u8"')
[hls @ 0x10ef7d390] Skip ('#EXT-X-I-FRAME-STREAM-INF:AVERAGE-BANDWIDTH=75722,BANDWIDTH=77818,CODECS="avc1.64001e",RESOLUTION=768x432,URI="v4/iframe_index.m3u8"')
[hls @ 0x10ef7d390] Skip ('#EXT-X-I-FRAME-STREAM-INF:AVERAGE-BANDWIDTH=63522,BANDWIDTH=65091,CODECS="avc1.64001e",RESOLUTION=640x360,URI="v3/iframe_index.m3u8"')
[hls @ 0x10ef7d390] Skip ('#EXT-X-I-FRAME-STREAM-INF:AVERAGE-BANDWIDTH=39678,BANDWIDTH=40282,CODECS="avc1.640015",RESOLUTION=480x270,URI="v2/iframe_index.m3u8"')
[hls @ 0x10ef7d390] Can't support the subtitle(uri: s1/en/prog_index.m3u8)
[hls @ 0x10ef7d390] Opening 'https://devstreaming-cdn.apple.com/videos/streaming/examples/img_bipbop_adv_example_fmp4/v5/prog_index.m3u8' for reading
[hls @ 0x10ef7d390] Skip ('#EXT-X-VERSION:7')
[hls @ 0x10ef7d390] Skip ('#EXT-X-INDEPENDENT-SEGMENTS')
[https @ 0x120374800] Opening 'https://devstreaming-cdn.apple.com/videos/streaming/examples/img_bipbop_adv_example_fmp4/v9/prog_index.m3u8' for reading
[hls @ 0x10ef7d390] Skip ('#EXT-X-VERSION:7')
[hls @ 0x10ef7d390] Skip ('#EXT-X-INDEPENDENT-SEGMENTS')
[https @ 0x120374800] Opening 'https://devstreaming-cdn.apple.com/videos/streaming/examples/img_bipbop_adv_example_fmp4/v8/prog_index.m3u8' for reading
[hls @ 0x10ef7d390] Skip ('#EXT-X-VERSION:7')
[hls @ 0x10ef7d390] Skip ('#EXT-X-INDEPENDENT-SEGMENTS')
[https @ 0x120374800] Opening 'https://devstreaming-cdn.apple.com/videos/streaming/examples/img_bipbop_adv_example_fmp4/v7/prog_index.m3u8' for reading
[hls @ 0x10ef7d390] Skip ('#EXT-X-VERSION:7')
[hls @ 0x10ef7d390] Skip ('#EXT-X-INDEPENDENT-SEGMENTS')
[https @ 0x120374800] Opening 'https://devstreaming-cdn.apple.com/videos/streaming/examples/img_bipbop_adv_example_fmp4/v6/prog_index.m3u8' for reading
[hls @ 0x10ef7d390] Skip ('#EXT-X-VERSION:7')
[hls @ 0x10ef7d390] Skip ('#EXT-X-INDEPENDENT-SEGMENTS')
[https @ 0x120374800] Opening 'https://devstreaming-cdn.apple.com/videos/streaming/examples/img_bipbop_adv_example_fmp4/v4/prog_index.m3u8' for reading
[hls @ 0x10ef7d390] Skip ('#EXT-X-VERSION:7')
[hls @ 0x10ef7d390] Skip ('#EXT-X-INDEPENDENT-SEGMENTS')
[https @ 0x120374800] Opening 'https://devstreaming-cdn.apple.com/videos/streaming/examples/img_bipbop_adv_example_fmp4/v3/prog_index.m3u8' for reading
[hls @ 0x10ef7d390] Skip ('#EXT-X-VERSION:7')
[hls @ 0x10ef7d390] Skip ('#EXT-X-INDEPENDENT-SEGMENTS')
[https @ 0x120374800] Opening 'https://devstreaming-cdn.apple.com/videos/streaming/examples/img_bipbop_adv_example_fmp4/v2/prog_index.m3u8' for reading
[hls @ 0x10ef7d390] Skip ('#EXT-X-VERSION:7')
[hls @ 0x10ef7d390] Skip ('#EXT-X-INDEPENDENT-SEGMENTS')
[https @ 0x120374800] Opening 'https://devstreaming-cdn.apple.com/videos/streaming/examples/img_bipbop_adv_example_fmp4/v5/prog_index.m3u8' for reading
[hls @ 0x10ef7d390] Skip ('#EXT-X-VERSION:7')
[hls @ 0x10ef7d390] Skip ('#EXT-X-INDEPENDENT-SEGMENTS')
[https @ 0x120374800] Opening 'https://devstreaming-cdn.apple.com/videos/streaming/examples/img_bipbop_adv_example_fmp4/v9/prog_index.m3u8' for reading
[hls @ 0x10ef7d390] Skip ('#EXT-X-VERSION:7')
[hls @ 0x10ef7d390] Skip ('#EXT-X-INDEPENDENT-SEGMENTS')
[https @ 0x120374800] Opening 'https://devstreaming-cdn.apple.com/videos/streaming/examples/img_bipbop_adv_example_fmp4/v8/prog_index.m3u8' for reading
[hls @ 0x10ef7d390] Skip ('#EXT-X-VERSION:7')
[hls @ 0x10ef7d390] Skip ('#EXT-X-INDEPENDENT-SEGMENTS')
[https @ 0x120374800] Opening 'https://devstreaming-cdn.apple.com/videos/streaming/examples/img_bipbop_adv_example_fmp4/v7/prog_index.m3u8' for reading
[hls @ 0x10ef7d390] Skip ('#EXT-X-VERSION:7')
[hls @ 0x10ef7d390] Skip ('#EXT-X-INDEPENDENT-SEGMENTS')
[https @ 0x120374800] Opening 'https://devstreaming-cdn.apple.com/videos/streaming/examples/img_bipbop_adv_example_fmp4/v6/prog_index.m3u8' for reading
[hls @ 0x10ef7d390] Skip ('#EXT-X-VERSION:7')
[hls @ 0x10ef7d390] Skip ('#EXT-X-INDEPENDENT-SEGMENTS')
[https @ 0x120374800] Opening 'https://devstreaming-cdn.apple.com/videos/streaming/examples/img_bipbop_adv_example_fmp4/v4/prog_index.m3u8' for reading
[hls @ 0x10ef7d390] Skip ('#EXT-X-VERSION:7')
[hls @ 0x10ef7d390] Skip ('#EXT-X-INDEPENDENT-SEGMENTS')
[https @ 0x120374800] Opening 'https://devstreaming-cdn.apple.com/videos/streaming/examples/img_bipbop_adv_example_fmp4/v3/prog_index.m3u8' for reading
[hls @ 0x10ef7d390] Skip ('#EXT-X-VERSION:7')
[hls @ 0x10ef7d390] Skip ('#EXT-X-INDEPENDENT-SEGMENTS')
[https @ 0x120374800] Opening 'https://devstreaming-cdn.apple.com/videos/streaming/examples/img_bipbop_adv_example_fmp4/v2/prog_index.m3u8' for reading
[hls @ 0x10ef7d390] Skip ('#EXT-X-VERSION:7')
[hls @ 0x10ef7d390] Skip ('#EXT-X-INDEPENDENT-SEGMENTS')
[https @ 0x120374800] Opening 'https://devstreaming-cdn.apple.com/videos/streaming/examples/img_bipbop_adv_example_fmp4/v5/prog_index.m3u8' for reading
[hls @ 0x10ef7d390] Skip ('#EXT-X-VERSION:7')
[hls @ 0x10ef7d390] Skip ('#EXT-X-INDEPENDENT-SEGMENTS')
[https @ 0x120374800] Opening 'https://devstreaming-cdn.apple.com/videos/streaming/examples/img_bipbop_adv_example_fmp4/v9/prog_index.m3u8' for reading
[hls @ 0x10ef7d390] Skip ('#EXT-X-VERSION:7')
[hls @ 0x10ef7d390] Skip ('#EXT-X-INDEPENDENT-SEGMENTS')
[https @ 0x120374800] Opening 'https://devstreaming-cdn.apple.com/videos/streaming/examples/img_bipbop_adv_example_fmp4/v8/prog_index.m3u8' for reading
[hls @ 0x10ef7d390] Skip ('#EXT-X-VERSION:7')
[hls @ 0x10ef7d390] Skip ('#EXT-X-INDEPENDENT-SEGMENTS')
[https @ 0x120374800] Opening 'https://devstreaming-cdn.apple.com/videos/streaming/examples/img_bipbop_adv_example_fmp4/v7/prog_index.m3u8' for reading
[hls @ 0x10ef7d390] Skip ('#EXT-X-VERSION:7')
[hls @ 0x10ef7d390] Skip ('#EXT-X-INDEPENDENT-SEGMENTS')
[https @ 0x120374800] Opening 'https://devstreaming-cdn.apple.com/videos/streaming/examples/img_bipbop_adv_example_fmp4/v6/prog_index.m3u8' for reading
[hls @ 0x10ef7d390] Skip ('#EXT-X-VERSION:7')
[hls @ 0x10ef7d390] Skip ('#EXT-X-INDEPENDENT-SEGMENTS')
[https @ 0x120374800] Opening 'https://devstreaming-cdn.apple.com/videos/streaming/examples/img_bipbop_adv_example_fmp4/v4/prog_index.m3u8' for reading
[hls @ 0x10ef7d390] Skip ('#EXT-X-VERSION:7')
[hls @ 0x10ef7d390] Skip ('#EXT-X-INDEPENDENT-SEGMENTS')
[https @ 0x120374800] Opening 'https://devstreaming-cdn.apple.com/videos/streaming/examples/img_bipbop_adv_example_fmp4/v3/prog_index.m3u8' for reading
[hls @ 0x10ef7d390] Skip ('#EXT-X-VERSION:7')
[hls @ 0x10ef7d390] Skip ('#EXT-X-INDEPENDENT-SEGMENTS')
[https @ 0x120374800] Opening 'https://devstreaming-cdn.apple.com/videos/streaming/examples/img_bipbop_adv_example_fmp4/v2/prog_index.m3u8' for reading
[hls @ 0x10ef7d390] Skip ('#EXT-X-VERSION:7')
[hls @ 0x10ef7d390] Skip ('#EXT-X-INDEPENDENT-SEGMENTS')
[https @ 0x120374800] Opening 'https://devstreaming-cdn.apple.com/videos/streaming/examples/img_bipbop_adv_example_fmp4/a1/prog_index.m3u8' for reading
[hls @ 0x10ef7d390] Skip ('#EXT-X-VERSION:7')
[hls @ 0x10ef7d390] Skip ('#EXT-X-INDEPENDENT-SEGMENTS')
[https @ 0x120374800] Opening 'https://devstreaming-cdn.apple.com/videos/streaming/examples/img_bipbop_adv_example_fmp4/a2/prog_index.m3u8' for reading
[hls @ 0x10ef7d390] Skip ('#EXT-X-VERSION:7')
[hls @ 0x10ef7d390] Skip ('#EXT-X-INDEPENDENT-SEGMENTS')
[https @ 0x120374800] Opening 'https://devstreaming-cdn.apple.com/videos/streaming/examples/img_bipbop_adv_example_fmp4/a3/prog_index.m3u8' for reading
[hls @ 0x10ef7d390] Skip ('#EXT-X-VERSION:7')
[hls @ 0x10ef7d390] Skip ('#EXT-X-INDEPENDENT-SEGMENTS')
[hls @ 0x10ef7d390] Opening 'https://devstreaming-cdn.apple.com/videos/streaming/examples/img_bipbop_adv_example_fmp4/v5/main.mp4' for reading
[hls @ 0x10ef7d390] Opening 'https://devstreaming-cdn.apple.com/videos/streaming/examples/img_bipbop_adv_example_fmp4/v5/main.mp4' for reading
[hls @ 0x10ef7d390] Opening 'https://devstreaming-cdn.apple.com/videos/streaming/examples/img_bipbop_adv_example_fmp4/v5/main.mp4' for reading
[hls @ 0x10ef7d390] Opening 'https://devstreaming-cdn.apple.com/videos/streaming/examples/img_bipbop_adv_example_fmp4/v9/main.mp4' for reading
[hls @ 0x10ef7d390] Opening 'https://devstreaming-cdn.apple.com/videos/streaming/examples/img_bipbop_adv_example_fmp4/v9/main.mp4' for reading
[hls @ 0x10ef7d390] Opening 'https://devstreaming-cdn.apple.com/videos/streaming/examples/img_bipbop_adv_example_fmp4/v9/main.mp4' for reading
[hls @ 0x10ef7d390] Opening 'https://devstreaming-cdn.apple.com/videos/streaming/examples/img_bipbop_adv_example_fmp4/v8/main.mp4' for reading
[hls @ 0x10ef7d390] Opening 'https://devstreaming-cdn.apple.com/videos/streaming/examples/img_bipbop_adv_example_fmp4/v8/main.mp4' for reading
[hls @ 0x10ef7d390] Opening 'https://devstreaming-cdn.apple.com/videos/streaming/examples/img_bipbop_adv_example_fmp4/v8/main.mp4' for reading
[hls @ 0x10ef7d390] Opening 'https://devstreaming-cdn.apple.com/videos/streaming/examples/img_bipbop_adv_example_fmp4/v7/main.mp4' for reading
[hls @ 0x10ef7d390] Opening 'https://devstreaming-cdn.apple.com/videos/streaming/examples/img_bipbop_adv_example_fmp4/v7/main.mp4' for reading
[hls @ 0x10ef7d390] Opening 'https://devstreaming-cdn.apple.com/videos/streaming/examples/img_bipbop_adv_example_fmp4/v7/main.mp4' for reading
[hls @ 0x10ef7d390] Opening 'https://devstreaming-cdn.apple.com/videos/streaming/examples/img_bipbop_adv_example_fmp4/v6/main.mp4' for reading
[hls @ 0x10ef7d390] Opening 'https://devstreaming-cdn.apple.com/videos/streaming/examples/img_bipbop_adv_example_fmp4/v6/main.mp4' for reading
[hls @ 0x10ef7d390] Opening 'https://devstreaming-cdn.apple.com/videos/streaming/examples/img_bipbop_adv_example_fmp4/v6/main.mp4' for reading
[hls @ 0x10ef7d390] Opening 'https://devstreaming-cdn.apple.com/videos/streaming/examples/img_bipbop_adv_example_fmp4/v4/main.mp4' for reading
[hls @ 0x10ef7d390] Opening 'https://devstreaming-cdn.apple.com/videos/streaming/examples/img_bipbop_adv_example_fmp4/v4/main.mp4' for reading
[hls @ 0x10ef7d390] Opening 'https://devstreaming-cdn.apple.com/videos/streaming/examples/img_bipbop_adv_example_fmp4/v4/main.mp4' for reading
[hls @ 0x10ef7d390] Opening 'https://devstreaming-cdn.apple.com/videos/streaming/examples/img_bipbop_adv_example_fmp4/v3/main.mp4' for reading
[hls @ 0x10ef7d390] Opening 'https://devstreaming-cdn.apple.com/videos/streaming/examples/img_bipbop_adv_example_fmp4/v3/main.mp4' for reading
[hls @ 0x10ef7d390] Opening 'https://devstreaming-cdn.apple.com/videos/streaming/examples/img_bipbop_adv_example_fmp4/v3/main.mp4' for reading
[hls @ 0x10ef7d390] Opening 'https://devstreaming-cdn.apple.com/videos/streaming/examples/img_bipbop_adv_example_fmp4/v2/main.mp4' for reading
[hls @ 0x10ef7d390] Opening 'https://devstreaming-cdn.apple.com/videos/streaming/examples/img_bipbop_adv_example_fmp4/v2/main.mp4' for reading
[hls @ 0x10ef7d390] Opening 'https://devstreaming-cdn.apple.com/videos/streaming/examples/img_bipbop_adv_example_fmp4/v2/main.mp4' for reading
[hls @ 0x10ef7d390] Opening 'https://devstreaming-cdn.apple.com/videos/streaming/examples/img_bipbop_adv_example_fmp4/v5/main.mp4' for reading
[hls @ 0x10ef7d390] Opening 'https://devstreaming-cdn.apple.com/videos/streaming/examples/img_bipbop_adv_example_fmp4/v5/main.mp4' for reading
[hls @ 0x10ef7d390] Opening 'https://devstreaming-cdn.apple.com/videos/streaming/examples/img_bipbop_adv_example_fmp4/v5/main.mp4' for reading
[hls @ 0x10ef7d390] Opening 'https://devstreaming-cdn.apple.com/videos/streaming/examples/img_bipbop_adv_example_fmp4/v9/main.mp4' for reading
[hls @ 0x10ef7d390] Opening 'https://devstreaming-cdn.apple.com/videos/streaming/examples/img_bipbop_adv_example_fmp4/v9/main.mp4' for reading
[hls @ 0x10ef7d390] Opening 'https://devstreaming-cdn.apple.com/videos/streaming/examples/img_bipbop_adv_example_fmp4/v9/main.mp4' for reading
[hls @ 0x10ef7d390] Opening 'https://devstreaming-cdn.apple.com/videos/streaming/examples/img_bipbop_adv_example_fmp4/v8/main.mp4' for reading
[hls @ 0x10ef7d390] Opening 'https://devstreaming-cdn.apple.com/videos/streaming/examples/img_bipbop_adv_example_fmp4/v8/main.mp4' for reading
[hls @ 0x10ef7d390] Opening 'https://devstreaming-cdn.apple.com/videos/streaming/examples/img_bipbop_adv_example_fmp4/v8/main.mp4' for reading
[hls @ 0x10ef7d390] Opening 'https://devstreaming-cdn.apple.com/videos/streaming/examples/img_bipbop_adv_example_fmp4/v7/main.mp4' for reading
[hls @ 0x10ef7d390] Opening 'https://devstreaming-cdn.apple.com/videos/streaming/examples/img_bipbop_adv_example_fmp4/v7/main.mp4' for reading
[hls @ 0x10ef7d390] Opening 'https://devstreaming-cdn.apple.com/videos/streaming/examples/img_bipbop_adv_example_fmp4/v7/main.mp4' for reading
[hls @ 0x10ef7d390] Opening 'https://devstreaming-cdn.apple.com/videos/streaming/examples/img_bipbop_adv_example_fmp4/v6/main.mp4' for reading
[hls @ 0x10ef7d390] Opening 'https://devstreaming-cdn.apple.com/videos/streaming/examples/img_bipbop_adv_example_fmp4/v6/main.mp4' for reading
[hls @ 0x10ef7d390] Opening 'https://devstreaming-cdn.apple.com/videos/streaming/examples/img_bipbop_adv_example_fmp4/v6/main.mp4' for reading
[hls @ 0x10ef7d390] Opening 'https://devstreaming-cdn.apple.com/videos/streaming/examples/img_bipbop_adv_example_fmp4/v4/main.mp4' for reading
[hls @ 0x10ef7d390] Opening 'https://devstreaming-cdn.apple.com/videos/streaming/examples/img_bipbop_adv_example_fmp4/v4/main.mp4' for reading
[hls @ 0x10ef7d390] Opening 'https://devstreaming-cdn.apple.com/videos/streaming/examples/img_bipbop_adv_example_fmp4/v4/main.mp4' for reading
[hls @ 0x10ef7d390] Opening 'https://devstreaming-cdn.apple.com/videos/streaming/examples/img_bipbop_adv_example_fmp4/v3/main.mp4' for reading
[hls @ 0x10ef7d390] Opening 'https://devstreaming-cdn.apple.com/videos/streaming/examples/img_bipbop_adv_example_fmp4/v3/main.mp4' for reading
[hls @ 0x10ef7d390] Opening 'https://devstreaming-cdn.apple.com/videos/streaming/examples/img_bipbop_adv_example_fmp4/v3/main.mp4' for reading
[hls @ 0x10ef7d390] Opening 'https://devstreaming-cdn.apple.com/videos/streaming/examples/img_bipbop_adv_example_fmp4/v2/main.mp4' for reading
[hls @ 0x10ef7d390] Opening 'https://devstreaming-cdn.apple.com/videos/streaming/examples/img_bipbop_adv_example_fmp4/v2/main.mp4' for reading
[hls @ 0x10ef7d390] Opening 'https://devstreaming-cdn.apple.com/videos/streaming/examples/img_bipbop_adv_example_fmp4/v2/main.mp4' for reading
[hls @ 0x10ef7d390] Opening 'https://devstreaming-cdn.apple.com/videos/streaming/examples/img_bipbop_adv_example_fmp4/v5/main.mp4' for reading
[hls @ 0x10ef7d390] Opening 'https://devstreaming-cdn.apple.com/videos/streaming/examples/img_bipbop_adv_example_fmp4/v5/main.mp4' for reading
[hls @ 0x10ef7d390] Opening 'https://devstreaming-cdn.apple.com/videos/streaming/examples/img_bipbop_adv_example_fmp4/v5/main.mp4' for reading
[hls @ 0x10ef7d390] Opening 'https://devstreaming-cdn.apple.com/videos/streaming/examples/img_bipbop_adv_example_fmp4/v9/main.mp4' for reading
[hls @ 0x10ef7d390] Opening 'https://devstreaming-cdn.apple.com/videos/streaming/examples/img_bipbop_adv_example_fmp4/v9/main.mp4' for reading
[hls @ 0x10ef7d390] Opening 'https://devstreaming-cdn.apple.com/videos/streaming/examples/img_bipbop_adv_example_fmp4/v9/main.mp4' for reading
[hls @ 0x10ef7d390] Opening 'https://devstreaming-cdn.apple.com/videos/streaming/examples/img_bipbop_adv_example_fmp4/v8/main.mp4' for reading
[hls @ 0x10ef7d390] Opening 'https://devstreaming-cdn.apple.com/videos/streaming/examples/img_bipbop_adv_example_fmp4/v8/main.mp4' for reading
[hls @ 0x10ef7d390] Opening 'https://devstreaming-cdn.apple.com/videos/streaming/examples/img_bipbop_adv_example_fmp4/v8/main.mp4' for reading
[hls @ 0x10ef7d390] Opening 'https://devstreaming-cdn.apple.com/videos/streaming/examples/img_bipbop_adv_example_fmp4/v7/main.mp4' for reading
[hls @ 0x10ef7d390] Opening 'https://devstreaming-cdn.apple.com/videos/streaming/examples/img_bipbop_adv_example_fmp4/v7/main.mp4' for reading
[hls @ 0x10ef7d390] Opening 'https://devstreaming-cdn.apple.com/videos/streaming/examples/img_bipbop_adv_example_fmp4/v7/main.mp4' for reading
[hls @ 0x10ef7d390] Opening 'https://devstreaming-cdn.apple.com/videos/streaming/examples/img_bipbop_adv_example_fmp4/v6/main.mp4' for reading
[hls @ 0x10ef7d390] Opening 'https://devstreaming-cdn.apple.com/videos/streaming/examples/img_bipbop_adv_example_fmp4/v6/main.mp4' for reading
[hls @ 0x10ef7d390] Opening 'https://devstreaming-cdn.apple.com/videos/streaming/examples/img_bipbop_adv_example_fmp4/v6/main.mp4' for reading
[hls @ 0x10ef7d390] Opening 'https://devstreaming-cdn.apple.com/videos/streaming/examples/img_bipbop_adv_example_fmp4/v4/main.mp4' for reading
[hls @ 0x10ef7d390] Opening 'https://devstreaming-cdn.apple.com/videos/streaming/examples/img_bipbop_adv_example_fmp4/v4/main.mp4' for reading
[hls @ 0x10ef7d390] Opening 'https://devstreaming-cdn.apple.com/videos/streaming/examples/img_bipbop_adv_example_fmp4/v4/main.mp4' for reading
[hls @ 0x10ef7d390] Opening 'https://devstreaming-cdn.apple.com/videos/streaming/examples/img_bipbop_adv_example_fmp4/v3/main.mp4' for reading
[hls @ 0x10ef7d390] Opening 'https://devstreaming-cdn.apple.com/videos/streaming/examples/img_bipbop_adv_example_fmp4/v3/main.mp4' for reading
[hls @ 0x10ef7d390] Opening 'https://devstreaming-cdn.apple.com/videos/streaming/examples/img_bipbop_adv_example_fmp4/v3/main.mp4' for reading
[hls @ 0x10ef7d390] Opening 'https://devstreaming-cdn.apple.com/videos/streaming/examples/img_bipbop_adv_example_fmp4/v2/main.mp4' for reading
[hls @ 0x10ef7d390] Opening 'https://devstreaming-cdn.apple.com/videos/streaming/examples/img_bipbop_adv_example_fmp4/v2/main.mp4' for reading
[hls @ 0x10ef7d390] Opening 'https://devstreaming-cdn.apple.com/videos/streaming/examples/img_bipbop_adv_example_fmp4/v2/main.mp4' for reading
[hls @ 0x10ef7d390] Opening 'https://devstreaming-cdn.apple.com/videos/streaming/examples/img_bipbop_adv_example_fmp4/a1/main.mp4' for reading
[hls @ 0x10ef7d390] Opening 'https://devstreaming-cdn.apple.com/videos/streaming/examples/img_bipbop_adv_example_fmp4/a1/main.mp4' for reading
[hls @ 0x10ef7d390] Opening 'https://devstreaming-cdn.apple.com/videos/streaming/examples/img_bipbop_adv_example_fmp4/a1/main.mp4' for reading
[hls @ 0x10ef7d390] Opening 'https://devstreaming-cdn.apple.com/videos/streaming/examples/img_bipbop_adv_example_fmp4/a2/main.mp4' for reading
[hls @ 0x10ef7d390] Opening 'https://devstreaming-cdn.apple.com/videos/streaming/examples/img_bipbop_adv_example_fmp4/a2/main.mp4' for reading
[hls @ 0x10ef7d390] Opening 'https://devstreaming-cdn.apple.com/videos/streaming/examples/img_bipbop_adv_example_fmp4/a2/main.mp4' for reading
[hls @ 0x10ef7d390] Opening 'https://devstreaming-cdn.apple.com/videos/streaming/examples/img_bipbop_adv_example_fmp4/a3/main.mp4' for reading
[hls @ 0x10ef7d390] Opening 'https://devstreaming-cdn.apple.com/videos/streaming/examples/img_bipbop_adv_example_fmp4/a3/main.mp4' for reading
[hls @ 0x10ef7d390] Opening 'https://devstreaming-cdn.apple.com/videos/streaming/examples/img_bipbop_adv_example_fmp4/a3/main.mp4' for reading
[hls @ 0x10ef7d390] Stream #0: not enough frames to estimate rate; consider increasing probesize
[hls @ 0x10ef7d390] Stream #1: not enough frames to estimate rate; consider increasing probesize
[hls @ 0x10ef7d390] Stream #2: not enough frames to estimate rate; consider increasing probesize
[hls @ 0x10ef7d390] Stream #3: not enough frames to estimate rate; consider increasing probesize
[hls @ 0x10ef7d390] Stream #4: not enough frames to estimate rate; consider increasing probesize
[hls @ 0x10ef7d390] Stream #5: not enough frames to estimate rate; consider increasing probesize
[hls @ 0x10ef7d390] Stream #6: not enough frames to estimate rate; consider increasing probesize
[hls @ 0x10ef7d390] Stream #7: not enough frames to estimate rate; consider increasing probesize
[hls @ 0x10ef7d390] Stream #8: not enough frames to estimate rate; consider increasing probesize
[hls @ 0x10ef7d390] Stream #9: not enough frames to estimate rate; consider increasing probesize
[hls @ 0x10ef7d390] Stream #10: not enough frames to estimate rate; consider increasing probesize
[hls @ 0x10ef7d390] Stream #11: not enough frames to estimate rate; consider increasing probesize
[hls @ 0x10ef7d390] Stream #12: not enough frames to estimate rate; consider increasing probesize
[hls @ 0x10ef7d390] Stream #13: not enough frames to estimate rate; consider increasing probesize
[hls @ 0x10ef7d390] Stream #14: not enough frames to estimate rate; consider increasing probesize
[hls @ 0x10ef7d390] Stream #15: not enough frames to estimate rate; consider increasing probesize
[hls @ 0x10ef7d390] Stream #16: not enough frames to estimate rate; consider increasing probesize
[hls @ 0x10ef7d390] Stream #17: not enough frames to estimate rate; consider increasing probesize
[hls @ 0x10ef7d390] Stream #18: not enough frames to estimate rate; consider increasing probesize
[hls @ 0x10ef7d390] Stream #19: not enough frames to estimate rate; consider increasing probesize
[hls @ 0x10ef7d390] Stream #20: not enough frames to estimate rate; consider increasing probesize
[hls @ 0x10ef7d390] Stream #21: not enough frames to estimate rate; consider increasing probesize
[hls @ 0x10ef7d390] Stream #22: not enough frames to estimate rate; consider increasing probesize
[hls @ 0x10ef7d390] Stream #23: not enough frames to estimate rate; consider increasing probesize
[hls @ 0x10ef7d390] Could not find codec parameters for stream 3 (Video: h264 (avc1 / 0x31637661), none, 1920x1080, 750 kb/s): unspecified pixel format
Consider increasing the value for the 'analyzeduration' (1000000) and 'probesize' (131072) options
[hls @ 0x10ef7d390] Could not find codec parameters for stream 4 (Video: h264 (avc1 / 0x31637661), none, 1280x720, 513 kb/s): unspecified pixel format
Consider increasing the value for the 'analyzeduration' (1000000) and 'probesize' (131072) options
[hls @ 0x10ef7d390] Could not find codec parameters for stream 5 (Video: h264 (avc1 / 0x31637661), none, 768x432, 185 kb/s): unspecified pixel format
Consider increasing the value for the 'analyzeduration' (1000000) and 'probesize' (131072) options
[hls @ 0x10ef7d390] Could not find codec parameters for stream 6 (Video: h264 (avc1 / 0x31637661), none, 640x360, 111 kb/s): unspecified pixel format
Consider increasing the value for the 'analyzeduration' (1000000) and 'probesize' (131072) options
[hls @ 0x10ef7d390] Could not find codec parameters for stream 7 (Video: h264 (avc1 / 0x31637661), none, 480x270, 59 kb/s): unspecified pixel format
Consider increasing the value for the 'analyzeduration' (1000000) and 'probesize' (131072) options
[hls @ 0x10ef7d390] Could not find codec parameters for stream 8 (Video: h264 (avc1 / 0x31637661), none, 960x540, 335 kb/s): unspecified pixel format
Consider increasing the value for the 'analyzeduration' (1000000) and 'probesize' (131072) options
[hls @ 0x10ef7d390] Could not find codec parameters for stream 9 (Video: h264 (avc1 / 0x31637661), none, 1920x1080, 1351 kb/s): unspecified pixel format
Consider increasing the value for the 'analyzeduration' (1000000) and 'probesize' (131072) options
[hls @ 0x10ef7d390] Could not find codec parameters for stream 10 (Video: h264 (avc1 / 0x31637661), none, 1920x1080, 1019 kb/s): unspecified pixel format
Consider increasing the value for the 'analyzeduration' (1000000) and 'probesize' (131072) options
[hls @ 0x10ef7d390] Could not find codec parameters for stream 11 (Video: h264 (avc1 / 0x31637661), none, 1920x1080, 750 kb/s): unspecified pixel format
Consider increasing the value for the 'analyzeduration' (1000000) and 'probesize' (131072) options
[hls @ 0x10ef7d390] Could not find codec parameters for stream 12 (Video: h264 (avc1 / 0x31637661), none, 1280x720, 513 kb/s): unspecified pixel format
Consider increasing the value for the 'analyzeduration' (1000000) and 'probesize' (131072) options
[hls @ 0x10ef7d390] Could not find codec parameters for stream 13 (Video: h264 (avc1 / 0x31637661), none, 768x432, 185 kb/s): unspecified pixel format
Consider increasing the value for the 'analyzeduration' (1000000) and 'probesize' (131072) options
[hls @ 0x10ef7d390] Could not find codec parameters for stream 14 (Video: h264 (avc1 / 0x31637661), none, 640x360, 111 kb/s): unspecified pixel format
Consider increasing the value for the 'analyzeduration' (1000000) and 'probesize' (131072) options
[hls @ 0x10ef7d390] Could not find codec parameters for stream 15 (Video: h264 (avc1 / 0x31637661), none, 480x270, 59 kb/s): unspecified pixel format
Consider increasing the value for the 'analyzeduration' (1000000) and 'probesize' (131072) options
[hls @ 0x10ef7d390] Could not find codec parameters for stream 16 (Video: h264 (avc1 / 0x31637661), none, 960x540, 335 kb/s): unspecified pixel format
Consider increasing the value for the 'analyzeduration' (1000000) and 'probesize' (131072) options
[hls @ 0x10ef7d390] Could not find codec parameters for stream 17 (Video: h264 (avc1 / 0x31637661), none, 1920x1080, 1351 kb/s): unspecified pixel format
Consider increasing the value for the 'analyzeduration' (1000000) and 'probesize' (131072) options
[hls @ 0x10ef7d390] Could not find codec parameters for stream 18 (Video: h264 (avc1 / 0x31637661), none, 1920x1080, 1019 kb/s): unspecified pixel format
Consider increasing the value for the 'analyzeduration' (1000000) and 'probesize' (131072) options
[hls @ 0x10ef7d390] Could not find codec parameters for stream 19 (Video: h264 (avc1 / 0x31637661), none, 1920x1080, 750 kb/s): unspecified pixel format
Consider increasing the value for the 'analyzeduration' (1000000) and 'probesize' (131072) options
[hls @ 0x10ef7d390] Could not find codec parameters for stream 20 (Video: h264 (avc1 / 0x31637661), none, 1280x720, 513 kb/s): unspecified pixel format
Consider increasing the value for the 'analyzeduration' (1000000) and 'probesize' (131072) options
[hls @ 0x10ef7d390] Could not find codec parameters for stream 21 (Video: h264 (avc1 / 0x31637661), none, 768x432, 185 kb/s): unspecified pixel format
Consider increasing the value for the 'analyzeduration' (1000000) and 'probesize' (131072) options
[hls @ 0x10ef7d390] Could not find codec parameters for stream 22 (Video: h264 (avc1 / 0x31637661), none, 640x360, 111 kb/s): unspecified pixel format
Consider increasing the value for the 'analyzeduration' (1000000) and 'probesize' (131072) options
[hls @ 0x10ef7d390] Could not find codec parameters for stream 23 (Video: h264 (avc1 / 0x31637661), none, 480x270, 59 kb/s): unspecified pixel format
Consider increasing the value for the 'analyzeduration' (1000000) and 'probesize' (131072) options
Input #0, hls, from 'https://devstreaming-cdn.apple.com/videos/streaming/examples/img_bipbop_adv_example_fmp4/master.m3u8':
  Duration: 00:10:00.00, start: 9.977333, bitrate: 0 kb/s
  Program 0 
    Metadata:
      variant_bitrate : 2177116
  Stream #0:0: Video: h264 (High) (avc1 / 0x31637661), yuv420p, 960x540 [SAR 1:1 DAR 16:9], Closed Captions, 335 kb/s, 60 tbr, 60k tbn (default)
    Metadata:
      variant_bitrate : 2177116
      major_brand     : mp42
      minor_version   : 1
      compatible_brands: mp41mp42isomhlsf
      creation_time   : 2016-12-21T21:37:39.000000Z
  Stream #0:24(en): Audio: aac (LC) (mp4a / 0x6134706D), 48000 Hz, stereo, fltp, 60 kb/s (default)
    Metadata:
      major_brand     : mp42
      minor_version   : 1
      compatible_brands: mp41mp42isomhlsf
      creation_time   : 2016-12-21T22:14:57.000000Z
      comment         : English
  Program 1 
    Metadata:
      variant_bitrate : 8001098
  Stream #0:1: Video: h264 (High) (avc1 / 0x31637661), yuv420p, 1920x1080 [SAR 1:1 DAR 16:9], Closed Captions, 1351 kb/s, 60 tbr, 60k tbn (default)
    Metadata:
      variant_bitrate : 8001098
      major_brand     : mp42
      minor_version   : 1
      compatible_brands: mp41mp42isomhlsf
      creation_time   : 2016-12-21T21:37:42.000000Z
  Stream #0:24(en): Audio: aac (LC) (mp4a / 0x6134706D), 48000 Hz, stereo, fltp, 60 kb/s (default)
    Metadata:
      major_brand     : mp42
      minor_version   : 1
      compatible_brands: mp41mp42isomhlsf
      creation_time   : 2016-12-21T22:14:57.000000Z
      comment         : English
  Program 2 
    Metadata:
      variant_bitrate : 6312875
  Stream #0:2: Video: h264 (High) (avc1 / 0x31637661), yuv420p, 1920x1080 [SAR 1:1 DAR 16:9], Closed Captions, 1019 kb/s, 60 tbr, 60k tbn (default)
    Metadata:
      variant_bitrate : 6312875
      major_brand     : mp42
      minor_version   : 1
      compatible_brands: mp41mp42isomhlsf
      creation_time   : 2016-12-21T21:37:48.000000Z
  Stream #0:24(en): Audio: aac (LC) (mp4a / 0x6134706D), 48000 Hz, stereo, fltp, 60 kb/s (default)
    Metadata:
      major_brand     : mp42
      minor_version   : 1
      compatible_brands: mp41mp42isomhlsf
      creation_time   : 2016-12-21T22:14:57.000000Z
      comment         : English
  Program 3 
    Metadata:
      variant_bitrate : 4943747
  Stream #0:3: Video: h264 (avc1 / 0x31637661), none, 1920x1080, 750 kb/s, 30k tbr, 60k tbn (default)
    Metadata:
      variant_bitrate : 4943747
      major_brand     : mp42
      minor_version   : 1
      compatible_brands: mp41mp42isomhlsf
      creation_time   : 2016-12-21T21:37:54.000000Z
  Stream #0:24(en): Audio: aac (LC) (mp4a / 0x6134706D), 48000 Hz, stereo, fltp, 60 kb/s (default)
    Metadata:
      major_brand     : mp42
      minor_version   : 1
      compatible_brands: mp41mp42isomhlsf
      creation_time   : 2016-12-21T22:14:57.000000Z
      comment         : English
  Program 4 
    Metadata:
      variant_bitrate : 3216424
  Stream #0:4: Video: h264 (avc1 / 0x31637661), none, 1280x720, 513 kb/s, 30k tbr, 60k tbn (default)
    Metadata:
      variant_bitrate : 3216424
      major_brand     : mp42
      minor_version   : 1
      compatible_brands: mp41mp42isomhlsf
      creation_time   : 2016-12-21T21:37:59.000000Z
  Stream #0:24(en): Audio: aac (LC) (mp4a / 0x6134706D), 48000 Hz, stereo, fltp, 60 kb/s (default)
    Metadata:
      major_brand     : mp42
      minor_version   : 1
      compatible_brands: mp41mp42isomhlsf
      creation_time   : 2016-12-21T22:14:57.000000Z
      comment         : English
  Program 5 
    Metadata:
      variant_bitrate : 1268994
  Stream #0:5: Video: h264 (avc1 / 0x31637661), none, 768x432, 185 kb/s, 15k tbr, 30k tbn (default)
    Metadata:
      variant_bitrate : 1268994
      major_brand     : mp42
      minor_version   : 1
      compatible_brands: mp41mp42isomhlsf
      creation_time   : 2016-12-21T21:38:03.000000Z
  Stream #0:24(en): Audio: aac (LC) (mp4a / 0x6134706D), 48000 Hz, stereo, fltp, 60 kb/s (default)
    Metadata:
      major_brand     : mp42
      minor_version   : 1
      compatible_brands: mp41mp42isomhlsf
      creation_time   : 2016-12-21T22:14:57.000000Z
      comment         : English
  Program 6 
    Metadata:
      variant_bitrate : 902298
  Stream #0:6: Video: h264 (avc1 / 0x31637661), none, 640x360, 111 kb/s, 15k tbr, 30k tbn (default)
    Metadata:
      variant_bitrate : 902298
      major_brand     : mp42
      minor_version   : 1
      compatible_brands: mp41mp42isomhlsf
      creation_time   : 2016-12-21T21:38:06.000000Z
  Stream #0:24(en): Audio: aac (LC) (mp4a / 0x6134706D), 48000 Hz, stereo, fltp, 60 kb/s (default)
    Metadata:
      major_brand     : mp42
      minor_version   : 1
      compatible_brands: mp41mp42isomhlsf
      creation_time   : 2016-12-21T22:14:57.000000Z
      comment         : English
  Program 7 
    Metadata:
      variant_bitrate : 541052
  Stream #0:7: Video: h264 (avc1 / 0x31637661), none, 480x270, 59 kb/s, 15k tbr, 30k tbn (default)
    Metadata:
      variant_bitrate : 541052
      major_brand     : mp42
      minor_version   : 1
      compatible_brands: mp41mp42isomhlsf
      creation_time   : 2016-12-21T21:38:07.000000Z
  Stream #0:24(en): Audio: aac (LC) (mp4a / 0x6134706D), 48000 Hz, stereo, fltp, 60 kb/s (default)
    Metadata:
      major_brand     : mp42
      minor_version   : 1
      compatible_brands: mp41mp42isomhlsf
      creation_time   : 2016-12-21T22:14:57.000000Z
      comment         : English
  Program 8 
    Metadata:
      variant_bitrate : 2399619
  Stream #0:8: Video: h264 (avc1 / 0x31637661), none, 960x540, 335 kb/s, 30k tbr, 60k tbn (default)
    Metadata:
      variant_bitrate : 2399619
      major_brand     : mp42
      minor_version   : 1
      compatible_brands: mp41mp42isomhlsf
      creation_time   : 2016-12-21T21:37:39.000000Z
  Stream #0:25(en): Audio: ac3 (ac-3 / 0x332D6361), 48000 Hz, 5.1(side), fltp, 384 kb/s (default)
    Metadata:
      major_brand     : mp42
      minor_version   : 1
      compatible_brands: mp41mp42isomhlsf
      creation_time   : 2016-12-21T22:15:46.000000Z
      comment         : English
    Side data:
      audio service type: main
  Program 9 
    Metadata:
      variant_bitrate : 8223601
  Stream #0:9: Video: h264 (avc1 / 0x31637661), none, 1920x1080, 1351 kb/s, 30k tbr, 60k tbn (default)
    Metadata:
      variant_bitrate : 8223601
      major_brand     : mp42
      minor_version   : 1
      compatible_brands: mp41mp42isomhlsf
      creation_time   : 2016-12-21T21:37:42.000000Z
  Stream #0:25(en): Audio: ac3 (ac-3 / 0x332D6361), 48000 Hz, 5.1(side), fltp, 384 kb/s (default)
    Metadata:
      major_brand     : mp42
      minor_version   : 1
      compatible_brands: mp41mp42isomhlsf
      creation_time   : 2016-12-21T22:15:46.000000Z
      comment         : English
    Side data:
      audio service type: main
  Program 10 
    Metadata:
      variant_bitrate : 6535378
  Stream #0:10: Video: h264 (avc1 / 0x31637661), none, 1920x1080, 1019 kb/s, 30k tbr, 60k tbn (default)
    Metadata:
      variant_bitrate : 6535378
      major_brand     : mp42
      minor_version   : 1
      compatible_brands: mp41mp42isomhlsf
      creation_time   : 2016-12-21T21:37:48.000000Z
  Stream #0:25(en): Audio: ac3 (ac-3 / 0x332D6361), 48000 Hz, 5.1(side), fltp, 384 kb/s (default)
    Metadata:
      major_brand     : mp42
      minor_version   : 1
      compatible_brands: mp41mp42isomhlsf
      creation_time   : 2016-12-21T22:15:46.000000Z
      comment         : English
    Side data:
      audio service type: main
  Program 11 
    Metadata:
      variant_bitrate : 5166250
  Stream #0:11: Video: h264 (avc1 / 0x31637661), none, 1920x1080, 750 kb/s, 30k tbr, 60k tbn (default)
    Metadata:
      variant_bitrate : 5166250
      major_brand     : mp42
      minor_version   : 1
      compatible_brands: mp41mp42isomhlsf
      creation_time   : 2016-12-21T21:37:54.000000Z
  Stream #0:25(en): Audio: ac3 (ac-3 / 0x332D6361), 48000 Hz, 5.1(side), fltp, 384 kb/s (default)
    Metadata:
      major_brand     : mp42
      minor_version   : 1
      compatible_brands: mp41mp42isomhlsf
      creation_time   : 2016-12-21T22:15:46.000000Z
      comment         : English
    Side data:
      audio service type: main
  Program 12 
    Metadata:
      variant_bitrate : 3438927
  Stream #0:12: Video: h264 (avc1 / 0x31637661), none, 1280x720, 513 kb/s, 30k tbr, 60k tbn (default)
    Metadata:
      variant_bitrate : 3438927
      major_brand     : mp42
      minor_version   : 1
      compatible_brands: mp41mp42isomhlsf
      creation_time   : 2016-12-21T21:37:59.000000Z
  Stream #0:25(en): Audio: ac3 (ac-3 / 0x332D6361), 48000 Hz, 5.1(side), fltp, 384 kb/s (default)
    Metadata:
      major_brand     : mp42
      minor_version   : 1
      compatible_brands: mp41mp42isomhlsf
      creation_time   : 2016-12-21T22:15:46.000000Z
      comment         : English
    Side data:
      audio service type: main
  Program 13 
    Metadata:
      variant_bitrate : 1491497
  Stream #0:13: Video: h264 (avc1 / 0x31637661), none, 768x432, 185 kb/s, 15k tbr, 30k tbn (default)
    Metadata:
      variant_bitrate : 1491497
      major_brand     : mp42
      minor_version   : 1
      compatible_brands: mp41mp42isomhlsf
      creation_time   : 2016-12-21T21:38:03.000000Z
  Stream #0:25(en): Audio: ac3 (ac-3 / 0x332D6361), 48000 Hz, 5.1(side), fltp, 384 kb/s (default)
    Metadata:
      major_brand     : mp42
      minor_version   : 1
      compatible_brands: mp41mp42isomhlsf
      creation_time   : 2016-12-21T22:15:46.000000Z
      comment         : English
    Side data:
      audio service type: main
  Program 14 
    Metadata:
      variant_bitrate : 1124801
  Stream #0:14: Video: h264 (avc1 / 0x31637661), none, 640x360, 111 kb/s, 15k tbr, 30k tbn (default)
    Metadata:
      variant_bitrate : 1124801
      major_brand     : mp42
      minor_version   : 1
      compatible_brands: mp41mp42isomhlsf
      creation_time   : 2016-12-21T21:38:06.000000Z
  Stream #0:25(en): Audio: ac3 (ac-3 / 0x332D6361), 48000 Hz, 5.1(side), fltp, 384 kb/s (default)
    Metadata:
      major_brand     : mp42
      minor_version   : 1
      compatible_brands: mp41mp42isomhlsf
      creation_time   : 2016-12-21T22:15:46.000000Z
      comment         : English
    Side data:
      audio service type: main
  Program 15 
    Metadata:
      variant_bitrate : 763555
  Stream #0:15: Video: h264 (avc1 / 0x31637661), none, 480x270, 59 kb/s, 15k tbr, 30k tbn (default)
    Metadata:
      variant_bitrate : 763555
      major_brand     : mp42
      minor_version   : 1
      compatible_brands: mp41mp42isomhlsf
      creation_time   : 2016-12-21T21:38:07.000000Z
  Stream #0:25(en): Audio: ac3 (ac-3 / 0x332D6361), 48000 Hz, 5.1(side), fltp, 384 kb/s (default)
    Metadata:
      major_brand     : mp42
      minor_version   : 1
      compatible_brands: mp41mp42isomhlsf
      creation_time   : 2016-12-21T22:15:46.000000Z
      comment         : English
    Side data:
      audio service type: main
  Program 16 
    Metadata:
      variant_bitrate : 2207619
  Stream #0:16: Video: h264 (avc1 / 0x31637661), none, 960x540, 335 kb/s, 30k tbr, 60k tbn (default)
    Metadata:
      variant_bitrate : 2207619
      major_brand     : mp42
      minor_version   : 1
      compatible_brands: mp41mp42isomhlsf
      creation_time   : 2016-12-21T21:37:39.000000Z
  Stream #0:26(en): Audio: eac3 (ec-3 / 0x332D6365), 48000 Hz, 5.1(side), fltp, 192 kb/s (default)
    Metadata:
      major_brand     : mp42
      minor_version   : 1
      compatible_brands: mp41mp42isomhlsf
      creation_time   : 2016-12-21T22:16:17.000000Z
      comment         : English
    Side data:
      audio service type: main
  Program 17 
    Metadata:
      variant_bitrate : 8031601
  Stream #0:17: Video: h264 (avc1 / 0x31637661), none, 1920x1080, 1351 kb/s, 30k tbr, 60k tbn (default)
    Metadata:
      variant_bitrate : 8031601
      major_brand     : mp42
      minor_version   : 1
      compatible_brands: mp41mp42isomhlsf
      creation_time   : 2016-12-21T21:37:42.000000Z
  Stream #0:26(en): Audio: eac3 (ec-3 / 0x332D6365), 48000 Hz, 5.1(side), fltp, 192 kb/s (default)
    Metadata:
      major_brand     : mp42
      minor_version   : 1
      compatible_brands: mp41mp42isomhlsf
      creation_time   : 2016-12-21T22:16:17.000000Z
      comment         : English
    Side data:
      audio service type: main
  Program 18 
    Metadata:
      variant_bitrate : 6343378
  Stream #0:18: Video: h264 (avc1 / 0x31637661), none, 1920x1080, 1019 kb/s, 30k tbr, 60k tbn (default)
    Metadata:
      variant_bitrate : 6343378
      major_brand     : mp42
      minor_version   : 1
      compatible_brands: mp41mp42isomhlsf
      creation_time   : 2016-12-21T21:37:48.000000Z
  Stream #0:26(en): Audio: eac3 (ec-3 / 0x332D6365), 48000 Hz, 5.1(side), fltp, 192 kb/s (default)
    Metadata:
      major_brand     : mp42
      minor_version   : 1
      compatible_brands: mp41mp42isomhlsf
      creation_time   : 2016-12-21T22:16:17.000000Z
      comment         : English
    Side data:
      audio service type: main
  Program 19 
    Metadata:
      variant_bitrate : 4974250
  Stream #0:19: Video: h264 (avc1 / 0x31637661), none, 1920x1080, 750 kb/s, 30k tbr, 60k tbn (default)
    Metadata:
      variant_bitrate : 4974250
      major_brand     : mp42
      minor_version   : 1
      compatible_brands: mp41mp42isomhlsf
      creation_time   : 2016-12-21T21:37:54.000000Z
  Stream #0:26(en): Audio: eac3 (ec-3 / 0x332D6365), 48000 Hz, 5.1(side), fltp, 192 kb/s (default)
    Metadata:
      major_brand     : mp42
      minor_version   : 1
      compatible_brands: mp41mp42isomhlsf
      creation_time   : 2016-12-21T22:16:17.000000Z
      comment         : English
    Side data:
      audio service type: main
  Program 20 
    Metadata:
      variant_bitrate : 3246927
  Stream #0:20: Video: h264 (avc1 / 0x31637661), none, 1280x720, 513 kb/s, 30k tbr, 60k tbn (default)
    Metadata:
      variant_bitrate : 3246927
      major_brand     : mp42
      minor_version   : 1
      compatible_brands: mp41mp42isomhlsf
      creation_time   : 2016-12-21T21:37:59.000000Z
  Stream #0:26(en): Audio: eac3 (ec-3 / 0x332D6365), 48000 Hz, 5.1(side), fltp, 192 kb/s (default)
    Metadata:
      major_brand     : mp42
      minor_version   : 1
      compatible_brands: mp41mp42isomhlsf
      creation_time   : 2016-12-21T22:16:17.000000Z
      comment         : English
    Side data:
      audio service type: main
  Program 21 
    Metadata:
      variant_bitrate : 1299497
  Stream #0:21: Video: h264 (avc1 / 0x31637661), none, 768x432, 185 kb/s, 15k tbr, 30k tbn (default)
    Metadata:
      variant_bitrate : 1299497
      major_brand     : mp42
      minor_version   : 1
      compatible_brands: mp41mp42isomhlsf
      creation_time   : 2016-12-21T21:38:03.000000Z
  Stream #0:26(en): Audio: eac3 (ec-3 / 0x332D6365), 48000 Hz, 5.1(side), fltp, 192 kb/s (default)
    Metadata:
      major_brand     : mp42
      minor_version   : 1
      compatible_brands: mp41mp42isomhlsf
      creation_time   : 2016-12-21T22:16:17.000000Z
      comment         : English
    Side data:
      audio service type: main
  Program 22 
    Metadata:
      variant_bitrate : 932801
  Stream #0:22: Video: h264 (avc1 / 0x31637661), none, 640x360, 111 kb/s, 15k tbr, 30k tbn (default)
    Metadata:
      variant_bitrate : 932801
      major_brand     : mp42
      minor_version   : 1
      compatible_brands: mp41mp42isomhlsf
      creation_time   : 2016-12-21T21:38:06.000000Z
  Stream #0:26(en): Audio: eac3 (ec-3 / 0x332D6365), 48000 Hz, 5.1(side), fltp, 192 kb/s (default)
    Metadata:
      major_brand     : mp42
      minor_version   : 1
      compatible_brands: mp41mp42isomhlsf
      creation_time   : 2016-12-21T22:16:17.000000Z
      comment         : English
    Side data:
      audio service type: main
  Program 23 
    Metadata:
      variant_bitrate : 571555
  Stream #0:23: Video: h264 (avc1 / 0x31637661), none, 480x270, 59 kb/s, 15k tbr, 30k tbn (default)
    Metadata:
      variant_bitrate : 571555
      major_brand     : mp42
      minor_version   : 1
      compatible_brands: mp41mp42isomhlsf
      creation_time   : 2016-12-21T21:38:07.000000Z
  Stream #0:26(en): Audio: eac3 (ec-3 / 0x332D6365), 48000 Hz, 5.1(side), fltp, 192 kb/s (default)
    Metadata:
      major_brand     : mp42
      minor_version   : 1
      compatible_brands: mp41mp42isomhlsf
      creation_time   : 2016-12-21T22:16:17.000000Z
      comment         : English
    Side data:
      audio service type: main
[tls @ 0x10f84bcc0] IO error: End of file
[https @ 0x10f84bbf0] Stream ends prematurely at 656081, should be 5875009
[https @ 0x120527800] Opening 'https://devstreaming-cdn.apple.com/videos/streaming/examples/img_bipbop_adv_example_fmp4/v9/main.mp4' for reading
[tls @ 0x10f84bcc0] IO error: End of file
[hls @ 0x10ef7d390] Opening 'https://devstreaming-cdn.apple.com/videos/streaming/examples/img_bipbop_adv_example_fmp4/v9/main.mp4' for reading
[NULL @ 0x10be311a0] Invalid NAL unit size (202682873 > 1507).
[NULL @ 0x10be311a0] missing picture in access unit with size 1511
[NULL @ 0x10be311a0] Invalid NAL unit size (-937492480 > 28053).
[NULL @ 0x10be311a0] missing picture in access unit with size 28057
[NULL @ 0x10be311a0] Invalid NAL unit size (-762364241 > 34601).
[NULL @ 0x10be311a0] missing picture in access unit with size 34605
[NULL @ 0x10be311a0] Invalid NAL unit size (-1626217860 > 1701).
[NULL @ 0x10be311a0] missing picture in access unit with size 1705
[NULL @ 0x10be311a0] Invalid NAL unit size (-1391419392 > 1510).
[NULL @ 0x10be311a0] missing picture in access unit with size 1514
[NULL @ 0x10be311a0] Invalid NAL unit size (2085063153 > 32839).
[NULL @ 0x10be311a0] missing picture in access unit with size 32843
[NULL @ 0x10be311a0] Invalid NAL unit size (1042531576 > 34624).
[NULL @ 0x10be311a0] missing picture in access unit with size 34628
[NULL @ 0x10be311a0] Invalid NAL unit size (1877160263 > 25585).
[NULL @ 0x10be311a0] missing picture in access unit with size 25589
[tls @ 0x10bb9cab0] IO error: End of file
[https @ 0x10bb2f2f0] Stream ends prematurely at 639696, should be 4545765
[NULL @ 0x10be311a0] Invalid NAL unit size (67473934 > 32642).
[NULL @ 0x10be311a0] missing picture in access unit with size 32646
[https @ 0x11c834e00] Opening 'https://devstreaming-cdn.apple.com/videos/streaming/examples/img_bipbop_adv_example_fmp4/v8/main.mp4' for reading
[tls @ 0x10bb9cab0] IO error: End of file
[hls @ 0x10ef7d390] Opening 'https://devstreaming-cdn.apple.com/videos/streaming/examples/img_bipbop_adv_example_fmp4/v8/main.mp4' for reading
[NULL @ 0x10be311a0] Invalid NAL unit size (69484544 > 21632).
[NULL @ 0x10be311a0] missing picture in access unit with size 21636
[NULL @ 0x10bc2e700] Invalid NAL unit size (1039264512 > 24013).
[NULL @ 0x10bc2e700] missing picture in access unit with size 24017
[NULL @ 0x10be311a0] Invalid NAL unit size (234384323 > 1321).
[NULL @ 0x10be311a0] missing picture in access unit with size 1325
[NULL @ 0x10bc2e700] Invalid NAL unit size (811031341 > 1159).
[NULL @ 0x10bc2e700] missing picture in access unit with size 1163
[NULL @ 0x10be311a0] Invalid NAL unit size (-2019583 > 31827).
[NULL @ 0x10be311a0] missing picture in access unit with size 31831
[NULL @ 0x10bc2e700] Invalid NAL unit size (134217808 > 24745).
[NULL @ 0x10bc2e700] missing picture in access unit with size 24749
[NULL @ 0x10be311a0] Invalid NAL unit size (-1916682223 > 1691).
[NULL @ 0x10be311a0] missing picture in access unit with size 1695
[NULL @ 0x10bc2e700] Invalid NAL unit size (-679019467 > 1245).
[NULL @ 0x10bc2e700] missing picture in access unit with size 1249
[NULL @ 0x10be311a0] Invalid NAL unit size (-499363960 > 1703).
[NULL @ 0x10be311a0] missing picture in access unit with size 1707
[NULL @ 0x10bc2e700] Invalid NAL unit size (468768646 > 1350).
[NULL @ 0x10bc2e700] missing picture in access unit with size 1354
[NULL @ 0x10be311a0] Invalid NAL unit size (-1894522308 > 29320).
[NULL @ 0x10be311a0] missing picture in access unit with size 29324
[NULL @ 0x10bc2e700] Invalid NAL unit size (1578889431 > 20968).
[NULL @ 0x10bc2e700] missing picture in access unit with size 20972
[NULL @ 0x10be311a0] Invalid NAL unit size (8599552 > 1498).
[NULL @ 0x10be311a0] missing picture in access unit with size 1502
[NULL @ 0x10bc2e700] Invalid NAL unit size (-1610593284 > 1122).
[NULL @ 0x10bc2e700] missing picture in access unit with size 1126
[NULL @ 0x10be311a0] Invalid NAL unit size (33972224 > 1506).
[NULL @ 0x10be311a0] missing picture in access unit with size 1510
[NULL @ 0x10bc2e700] Invalid NAL unit size (43606272 > 1167).
[NULL @ 0x10bc2e700] missing picture in access unit with size 1171
[NULL @ 0x10be311a0] Invalid NAL unit size (547582974 > 25523).
[NULL @ 0x10be311a0] missing picture in access unit with size 25527
[NULL @ 0x10bc2e700] Invalid NAL unit size (600111247 > 18039).
[NULL @ 0x10bc2e700] missing picture in access unit with size 18043
[NULL @ 0x10be311a0] Invalid NAL unit size (449649083 > 33682).
[NULL @ 0x10be311a0] missing picture in access unit with size 33686
[NULL @ 0x10bc2e700] Invalid NAL unit size (505864686 > 12863).
[NULL @ 0x10bc2e700] missing picture in access unit with size 12867
[NULL @ 0x10be311a0] Invalid NAL unit size (-1879044029 > 1476).
[NULL @ 0x10be311a0] missing picture in access unit with size 1480
[NULL @ 0x10bc2e700] Invalid NAL unit size (-254310660 > 1314).
[NULL @ 0x10bc2e700] missing picture in access unit with size 1318
[NULL @ 0x10be311a0] Invalid NAL unit size (-63577665 > 30335).
[NULL @ 0x10be311a0] missing picture in access unit with size 30339
[NULL @ 0x10bc2e700] Invalid NAL unit size (23465818 > 22766).
[NULL @ 0x10bc2e700] missing picture in access unit with size 22770
[NULL @ 0x10be311a0] Invalid NAL unit size (-259824811 > 25310).
[NULL @ 0x10be311a0] missing picture in access unit with size 25314
[NULL @ 0x10bc2e700] Invalid NAL unit size (-1886862336 > 13049).
[NULL @ 0x10bc2e700] missing picture in access unit with size 13053
[NULL @ 0x10be311a0] Invalid NAL unit size (-646578184 > 1660).
[NULL @ 0x10be311a0] missing picture in access unit with size 1664
[NULL @ 0x10bc2e700] Invalid NAL unit size (1334374718 > 1442).
[NULL @ 0x10bc2e700] missing picture in access unit with size 1446
[NULL @ 0x10be311a0] Invalid NAL unit size (17793952 > 16055).
[NULL @ 0x10be311a0] missing picture in access unit with size 16059
[NULL @ 0x10bc2e700] Invalid NAL unit size (335545345 > 11774).
[NULL @ 0x10bc2e700] missing picture in access unit with size 11778
[NULL @ 0x10be311a0] Invalid NAL unit size (271196458 > 1400).
[NULL @ 0x10be311a0] missing picture in access unit with size 1404
[NULL @ 0x10bc2e700] Invalid NAL unit size (2085063153 > 1306).
[NULL @ 0x10bc2e700] missing picture in access unit with size 1310
[NULL @ 0x10be311a0] Invalid NAL unit size (667187359 > 24130).
[NULL @ 0x10be311a0] missing picture in access unit with size 24134
[NULL @ 0x10bc2e700] Invalid NAL unit size (-1894522308 > 12760).
[NULL @ 0x10bc2e700] missing picture in access unit with size 12764
[NULL @ 0x10be311a0] Invalid NAL unit size (225996739 > 22215).
[NULL @ 0x10be311a0] missing picture in access unit with size 22219
[NULL @ 0x10bc2e700] Invalid NAL unit size (-507572872 > 17299).
[NULL @ 0x10bc2e700] missing picture in access unit with size 17303
[NULL @ 0x10be311a0] Invalid NAL unit size (234883150 > 1435).
[NULL @ 0x10be311a0] missing picture in access unit with size 1439
[NULL @ 0x10bc2e700] Invalid NAL unit size (-1017242640 > 1529).
[NULL @ 0x10bc2e700] missing picture in access unit with size 1533
[NULL @ 0x10be311a0] Invalid NAL unit size (-249681980 > 15692).
[NULL @ 0x10be311a0] missing picture in access unit with size 15696
[NULL @ 0x10bc2e700] Invalid NAL unit size (8398850 > 13120).
[NULL @ 0x10bc2e700] missing picture in access unit with size 13124
[NULL @ 0x10be311a0] Invalid NAL unit size (-2138517056 > 25445).
[NULL @ 0x10be311a0] missing picture in access unit with size 25449
[NULL @ 0x10bc2e700] Invalid NAL unit size (1899903133 > 22744).
[NULL @ 0x10bc2e700] missing picture in access unit with size 22748
[NULL @ 0x10be311a0] Invalid NAL unit size (1291353896 > 1289).
[NULL @ 0x10be311a0] missing picture in access unit with size 1293
[NULL @ 0x10bc2e700] Invalid NAL unit size (-127155330 > 1192).
[NULL @ 0x10bc2e700] missing picture in access unit with size 1196
[NULL @ 0x10be311a0] Invalid NAL unit size (-495171703 > 1445).
[NULL @ 0x10be311a0] missing picture in access unit with size 1449
[NULL @ 0x10bc2e700] Invalid NAL unit size (-253786436 > 1539).
[NULL @ 0x10bc2e700] missing picture in access unit with size 1543
[NULL @ 0x10be311a0] Invalid NAL unit size (321990961 > 29376).
[NULL @ 0x10be311a0] missing picture in access unit with size 29380
[NULL @ 0x10bc2e700] Invalid NAL unit size (-253786436 > 27083).
[NULL @ 0x10bc2e700] missing picture in access unit with size 27087
[NULL @ 0x10be311a0] Invalid NAL unit size (-1301466353 > 1506).
[NULL @ 0x10be311a0] missing picture in access unit with size 1510
[NULL @ 0x10bc2e700] Invalid NAL unit size (948637188 > 1232).
[NULL @ 0x10bc2e700] missing picture in access unit with size 1236
[NULL @ 0x10be311a0] Invalid NAL unit size (-2147450334 > 1131).
[NULL @ 0x10be311a0] missing picture in access unit with size 1135
[NULL @ 0x10bc2e700] Invalid NAL unit size (-1910143601 > 968).
[NULL @ 0x10bc2e700] missing picture in access unit with size 972
[NULL @ 0x10be311a0] Invalid NAL unit size (745005190 > 29189).
[NULL @ 0x10be311a0] missing picture in access unit with size 29193
[NULL @ 0x10bc2e700] Invalid NAL unit size (1259018300 > 23329).
[NULL @ 0x10bc2e700] missing picture in access unit with size 23333
[NULL @ 0x10be311a0] Invalid NAL unit size (667187359 > 1203).
[NULL @ 0x10be311a0] missing picture in access unit with size 1207
[NULL @ 0x10bc2e700] Invalid NAL unit size (-499363960 > 988).
[NULL @ 0x10bc2e700] missing picture in access unit with size 992
[NULL @ 0x10be311a0] Invalid NAL unit size (-1626217860 > 21695).
[NULL @ 0x10be311a0] missing picture in access unit with size 21699
[NULL @ 0x10bc2e700] Invalid NAL unit size (1406493312 > 13083).
[NULL @ 0x10bc2e700] missing picture in access unit with size 13087
[NULL @ 0x10be311a0] Invalid NAL unit size (805568512 > 30577).
[NULL @ 0x10be311a0] missing picture in access unit with size 30581
[NULL @ 0x10bc2e700] Invalid NAL unit size (-2147450857 > 26737).
[NULL @ 0x10bc2e700] missing picture in access unit with size 26741
[NULL @ 0x10be311a0] Invalid NAL unit size (1879116163 > 14640).
[NULL @ 0x10be311a0] missing picture in access unit with size 14644
[NULL @ 0x10bc2e700] Invalid NAL unit size (1042531576 > 12782).
[NULL @ 0x10bc2e700] missing picture in access unit with size 12786
[NULL @ 0x10be311a0] Invalid NAL unit size (903986957 > 14935).
[NULL @ 0x10be311a0] missing picture in access unit with size 14939
[NULL @ 0x10bc2e700] Invalid NAL unit size (937537293 > 12496).
[NULL @ 0x10bc2e700] missing picture in access unit with size 12500
[NULL @ 0x10be311a0] Invalid NAL unit size (-1610604338 > 33748).
[NULL @ 0x10be311a0] missing picture in access unit with size 33752
[NULL @ 0x10bc2e700] Invalid NAL unit size (-2147450797 > 25967).
[NULL @ 0x10bc2e700] missing picture in access unit with size 25971
[NULL @ 0x10be311a0] Invalid NAL unit size (-2111617280 > 1592).
[NULL @ 0x10be311a0] missing picture in access unit with size 1596
[NULL @ 0x10bc2e700] Invalid NAL unit size (1963697302 > 1165).
[NULL @ 0x10bc2e700] missing picture in access unit with size 1169
[NULL @ 0x10be311a0] Invalid NAL unit size (602122 > 1530).
[NULL @ 0x10be311a0] missing picture in access unit with size 1534
[NULL @ 0x10bc2e700] Invalid NAL unit size (-1058481608 > 1203).
[NULL @ 0x10bc2e700] missing picture in access unit with size 1207
[NULL @ 0x10be311a0] Invalid NAL unit size (134351685 > 33447).
[NULL @ 0x10be311a0] missing picture in access unit with size 33451
[NULL @ 0x10bc2e700] Invalid NAL unit size (-1933099008 > 27451).
[NULL @ 0x10bc2e700] missing picture in access unit with size 27455
[NULL @ 0x10be311a0] Invalid NAL unit size (63963826 > 25338).
[NULL @ 0x10be311a0] missing picture in access unit with size 25342
[NULL @ 0x10bc2e700] Invalid NAL unit size (-1010749164 > 12728).
[NULL @ 0x10bc2e700] missing picture in access unit with size 12732
[NULL @ 0x10be311a0] Invalid NAL unit size (2115694815 > 1587).
[NULL @ 0x10be311a0] missing picture in access unit with size 1591
[NULL @ 0x10bc2e700] Invalid NAL unit size (1334374718 > 1115).
[NULL @ 0x10bc2e700] missing picture in access unit with size 1119
[NULL @ 0x10be311a0] Invalid NAL unit size (121634848 > 33305).
[NULL @ 0x10be311a0] missing picture in access unit with size 33309
[NULL @ 0x10bc2e700] Invalid NAL unit size (1042531576 > 26995).
[NULL @ 0x10bc2e700] missing picture in access unit with size 26999
[NULL @ 0x10be311a0] Invalid NAL unit size (-1996487451 > 1413).
[NULL @ 0x10be311a0] missing picture in access unit with size 1417
[NULL @ 0x10bc2e700] Invalid NAL unit size (2023690722 > 1116).
[NULL @ 0x10bc2e700] missing picture in access unit with size 1120
[NULL @ 0x10be311a0] Invalid NAL unit size (-134217471 > 1631).
[NULL @ 0x10be311a0] missing picture in access unit with size 1635
[NULL @ 0x10bc2e700] Invalid NAL unit size (-1858076508 > 1255).
[NULL @ 0x10bc2e700] missing picture in access unit with size 1259
[NULL @ 0x10be311a0] Invalid NAL unit size (7600650 > 30844).
[NULL @ 0x10be311a0] missing picture in access unit with size 30848
[NULL @ 0x10bc2e700] Invalid NAL unit size (-1548920672 > 26081).
[NULL @ 0x10bc2e700] missing picture in access unit with size 26085
[NULL @ 0x10be311a0] Invalid NAL unit size (1074774878 > 1548).
[NULL @ 0x10be311a0] missing picture in access unit with size 1552
[NULL @ 0x10bc2e700] Invalid NAL unit size (-1626217860 > 1215).
[NULL @ 0x10bc2e700] missing picture in access unit with size 1219
[NULL @ 0x10be311a0] Invalid NAL unit size (1030832143 > 14791).
[NULL @ 0x10be311a0] missing picture in access unit with size 14795
[NULL @ 0x10bc2e700] Invalid NAL unit size (294734639 > 12773).
[NULL @ 0x10bc2e700] missing picture in access unit with size 12777
[NULL @ 0x10be311a0] Invalid NAL unit size (-1765686203 > 33451).
[NULL @ 0x10be311a0] missing picture in access unit with size 33455
[NULL @ 0x10bc2e700] Invalid NAL unit size (-1894522308 > 27107).
[NULL @ 0x10bc2e700] missing picture in access unit with size 27111

> Task :composeApp:desktopTest

com.menmapro.iptv.player.ffmpeg.HlsStreamIntegrationTest[desktop] > testHlsStreamStatistics[desktop] FAILED
    java.lang.AssertionError at HlsStreamIntegrationTest.kt:255

[hls @ 0x10eea35e0] Opening 'https://test-streams.mux.dev/x36xhzz/url_0/193039199_mp4_h264_aac_hd_7.m3u8' for reading
[hls @ 0x10eea35e0] Skip ('#EXT-X-VERSION:3')
[https @ 0x126368400] Opening 'https://test-streams.mux.dev/x36xhzz/url_2/193039199_mp4_h264_aac_ld_7.m3u8' for reading
[hls @ 0x10eea35e0] Skip ('#EXT-X-VERSION:3')
[https @ 0x126368400] Opening 'https://test-streams.mux.dev/x36xhzz/url_4/193039199_mp4_h264_aac_7.m3u8' for reading
[hls @ 0x10eea35e0] Skip ('#EXT-X-VERSION:3')
[https @ 0x126368400] Opening 'https://test-streams.mux.dev/x36xhzz/url_6/193039199_mp4_h264_aac_hq_7.m3u8' for reading
[hls @ 0x10eea35e0] Skip ('#EXT-X-VERSION:3')
[https @ 0x126368400] Opening 'https://test-streams.mux.dev/x36xhzz/url_8/193039199_mp4_h264_aac_fhd_7.m3u8' for reading
[hls @ 0x10eea35e0] Skip ('#EXT-X-VERSION:3')
[hls @ 0x10eea35e0] Opening 'https://test-streams.mux.dev/x36xhzz/url_0/url_462/193039199_mp4_h264_aac_hd_7.ts' for reading
[hls @ 0x10eea35e0] Opening 'https://test-streams.mux.dev/x36xhzz/url_0/url_463/193039199_mp4_h264_aac_hd_7.ts' for reading
[hls @ 0x10eea35e0] Opening 'https://test-streams.mux.dev/x36xhzz/url_2/url_526/193039199_mp4_h264_aac_ld_7.ts' for reading
[hls @ 0x10eea35e0] Opening 'https://test-streams.mux.dev/x36xhzz/url_2/url_527/193039199_mp4_h264_aac_ld_7.ts' for reading
[hls @ 0x10eea35e0] Opening 'https://test-streams.mux.dev/x36xhzz/url_4/url_718/193039199_mp4_h264_aac_7.ts' for reading
[hls @ 0x10eea35e0] Opening 'https://test-streams.mux.dev/x36xhzz/url_4/url_719/193039199_mp4_h264_aac_7.ts' for reading
[hls @ 0x10eea35e0] Opening 'https://test-streams.mux.dev/x36xhzz/url_6/url_846/193039199_mp4_h264_aac_hq_7.ts' for reading
[hls @ 0x10eea35e0] Opening 'https://test-streams.mux.dev/x36xhzz/url_6/url_847/193039199_mp4_h264_aac_hq_7.ts' for reading
[hls @ 0x10eea35e0] Opening 'https://test-streams.mux.dev/x36xhzz/url_8/url_590/193039199_mp4_h264_aac_fhd_7.ts' for reading
[hls @ 0x10eea35e0] Opening 'https://test-streams.mux.dev/x36xhzz/url_8/url_591/193039199_mp4_h264_aac_fhd_7.ts' for reading
[hls @ 0x10eea35e0] Could not find codec parameters for stream 0 (Audio: aac ([15][0][0][0] / 0x000F), 0 channels, fltp): unspecified sample rate
Consider increasing the value for the 'analyzeduration' (1000000) and 'probesize' (131072) options
[hls @ 0x10eea35e0] Could not find codec parameters for stream 2 (Audio: aac ([15][0][0][0] / 0x000F), 0 channels, fltp): unspecified sample rate
Consider increasing the value for the 'analyzeduration' (1000000) and 'probesize' (131072) options
[hls @ 0x10eea35e0] Could not find codec parameters for stream 4 (Audio: aac ([15][0][0][0] / 0x000F), 0 channels, fltp): unspecified sample rate
Consider increasing the value for the 'analyzeduration' (1000000) and 'probesize' (131072) options
[hls @ 0x10eea35e0] Could not find codec parameters for stream 6 (Audio: aac ([15][0][0][0] / 0x000F), 0 channels, fltp): unspecified sample rate
Consider increasing the value for the 'analyzeduration' (1000000) and 'probesize' (131072) options
[hls @ 0x10eea35e0] Could not find codec parameters for stream 8 (Audio: aac ([15][0][0][0] / 0x000F), 0 channels, fltp): unspecified sample rate
Consider increasing the value for the 'analyzeduration' (1000000) and 'probesize' (131072) options
Input #0, hls, from 'https://test-streams.mux.dev/x36xhzz/x36xhzz.m3u8':
  Duration: 00:10:34.58, start: 10.000000, bitrate: 0 kb/s
  Program 0 
    Metadata:
      variant_bitrate : 2149280
  Stream #0:0: Audio: aac ([15][0][0][0] / 0x000F), 0 channels, fltp
    Metadata:
      variant_bitrate : 2149280
  Stream #0:1: Video: h264 (High) ([27][0][0][0] / 0x001B), yuv420p, 1280x720 [SAR 1:1 DAR 16:9], 60 fps, 60 tbr, 90k tbn
    Metadata:
      variant_bitrate : 2149280
  Program 1 
    Metadata:
      variant_bitrate : 246440
  Stream #0:2: Audio: aac ([15][0][0][0] / 0x000F), 0 channels, fltp
    Metadata:
      variant_bitrate : 246440
  Stream #0:3: Video: h264 (Constrained Baseline) ([27][0][0][0] / 0x001B), yuv420p, 320x184 [SAR 1:1 DAR 40:23], 30 fps, 30 tbr, 90k tbn
    Metadata:
      variant_bitrate : 246440
  Program 2 
    Metadata:
      variant_bitrate : 460560
  Stream #0:4: Audio: aac ([15][0][0][0] / 0x000F), 0 channels, fltp
    Metadata:
      variant_bitrate : 460560
  Stream #0:5: Video: h264 (Constrained Baseline) ([27][0][0][0] / 0x001B), yuv420p, 512x288 [SAR 1:1 DAR 16:9], 30 fps, 30 tbr, 90k tbn
    Metadata:
      variant_bitrate : 460560
  Program 3 
    Metadata:
      variant_bitrate : 836280
  Stream #0:6: Audio: aac ([15][0][0][0] / 0x000F), 0 channels, fltp
    Metadata:
      variant_bitrate : 836280
  Stream #0:7: Video: h264 (High) ([27][0][0][0] / 0x001B), yuv420p, 848x480 [SAR 1:1 DAR 53:30], 60 fps, 60 tbr, 90k tbn
    Metadata:
      variant_bitrate : 836280
  Program 4 
    Metadata:
      variant_bitrate : 6221600
  Stream #0:8: Audio: aac ([15][0][0][0] / 0x000F), 0 channels, fltp
    Metadata:
      variant_bitrate : 6221600
  Stream #0:9: Video: h264 (High) ([27][0][0][0] / 0x001B), yuv420p, 1920x1080 [SAR 1:1 DAR 16:9], 60 fps, 60 tbr, 90k tbn
    Metadata:
      variant_bitrate : 6221600
[h264 @ 0x10fcba420] co located POCs unavailable
[swscaler @ 0x129008000] No accelerated colorspace conversion found from yuv420p to bgr24.
[tcp @ 0x10ba09530] Failed to resolve hostname invalid-domain-that-does-not-exist.com: nodename nor servname provided, or not known
[tcp @ 0x10fc56cf0] Failed to resolve hostname invalid-domain-that-does-not-exist.com: nodename nor servname provided, or not known
[hls @ 0x10be50c50] Skip ('#EXT-X-VERSION:6')
[hls @ 0x10be50c50] Skip ('#EXT-X-INDEPENDENT-SEGMENTS')
[hls @ 0x10be50c50] Skip ('#EXT-X-I-FRAME-STREAM-INF:AVERAGE-BANDWIDTH=183689,BANDWIDTH=187492,CODECS="avc1.64002a",RESOLUTION=1920x1080,URI="v7/iframe_index.m3u8"')
[hls @ 0x10be50c50] Skip ('#EXT-X-I-FRAME-STREAM-INF:AVERAGE-BANDWIDTH=132672,BANDWIDTH=136398,CODECS="avc1.640020",RESOLUTION=1280x720,URI="v6/iframe_index.m3u8"')
[hls @ 0x10be50c50] Skip ('#EXT-X-I-FRAME-STREAM-INF:AVERAGE-BANDWIDTH=97767,BANDWIDTH=101378,CODECS="avc1.640020",RESOLUTION=960x540,URI="v5/iframe_index.m3u8"')
[hls @ 0x10be50c50] Skip ('#EXT-X-I-FRAME-STREAM-INF:AVERAGE-BANDWIDTH=75722,BANDWIDTH=77818,CODECS="avc1.64001e",RESOLUTION=768x432,URI="v4/iframe_index.m3u8"')
[hls @ 0x10be50c50] Skip ('#EXT-X-I-FRAME-STREAM-INF:AVERAGE-BANDWIDTH=63522,BANDWIDTH=65091,CODECS="avc1.64001e",RESOLUTION=640x360,URI="v3/iframe_index.m3u8"')
[hls @ 0x10be50c50] Skip ('#EXT-X-I-FRAME-STREAM-INF:AVERAGE-BANDWIDTH=39678,BANDWIDTH=40282,CODECS="avc1.640015",RESOLUTION=480x270,URI="v2/iframe_index.m3u8"')
[hls @ 0x10be50c50] Can't support the subtitle(uri: s1/en/prog_index.m3u8)
[hls @ 0x10be50c50] Opening 'https://devstreaming-cdn.apple.com/videos/streaming/examples/img_bipbop_adv_example_fmp4/v5/prog_index.m3u8' for reading
[hls @ 0x10be50c50] Skip ('#EXT-X-VERSION:7')
[hls @ 0x10be50c50] Skip ('#EXT-X-INDEPENDENT-SEGMENTS')
[https @ 0x11c877c00] Opening 'https://devstreaming-cdn.apple.com/videos/streaming/examples/img_bipbop_adv_example_fmp4/v9/prog_index.m3u8' for reading
[hls @ 0x10be50c50] Skip ('#EXT-X-VERSION:7')
[hls @ 0x10be50c50] Skip ('#EXT-X-INDEPENDENT-SEGMENTS')
[https @ 0x11c877c00] Opening 'https://devstreaming-cdn.apple.com/videos/streaming/examples/img_bipbop_adv_example_fmp4/v8/prog_index.m3u8' for reading
[hls @ 0x10be50c50] Skip ('#EXT-X-VERSION:7')
[hls @ 0x10be50c50] Skip ('#EXT-X-INDEPENDENT-SEGMENTS')
[https @ 0x11c877c00] Opening 'https://devstreaming-cdn.apple.com/videos/streaming/examples/img_bipbop_adv_example_fmp4/v7/prog_index.m3u8' for reading
[hls @ 0x10be50c50] Skip ('#EXT-X-VERSION:7')
[hls @ 0x10be50c50] Skip ('#EXT-X-INDEPENDENT-SEGMENTS')
[https @ 0x11c877c00] Opening 'https://devstreaming-cdn.apple.com/videos/streaming/examples/img_bipbop_adv_example_fmp4/v6/prog_index.m3u8' for reading
[hls @ 0x10be50c50] Skip ('#EXT-X-VERSION:7')
[hls @ 0x10be50c50] Skip ('#EXT-X-INDEPENDENT-SEGMENTS')
[https @ 0x11c877c00] Opening 'https://devstreaming-cdn.apple.com/videos/streaming/examples/img_bipbop_adv_example_fmp4/v4/prog_index.m3u8' for reading
[hls @ 0x10be50c50] Skip ('#EXT-X-VERSION:7')
[hls @ 0x10be50c50] Skip ('#EXT-X-INDEPENDENT-SEGMENTS')
[https @ 0x11c877c00] Opening 'https://devstreaming-cdn.apple.com/videos/streaming/examples/img_bipbop_adv_example_fmp4/v3/prog_index.m3u8' for reading
[hls @ 0x10be50c50] Skip ('#EXT-X-VERSION:7')
[hls @ 0x10be50c50] Skip ('#EXT-X-INDEPENDENT-SEGMENTS')
[https @ 0x11c877c00] Opening 'https://devstreaming-cdn.apple.com/videos/streaming/examples/img_bipbop_adv_example_fmp4/v2/prog_index.m3u8' for reading
[hls @ 0x10be50c50] Skip ('#EXT-X-VERSION:7')
[hls @ 0x10be50c50] Skip ('#EXT-X-INDEPENDENT-SEGMENTS')
[https @ 0x11c877c00] Opening 'https://devstreaming-cdn.apple.com/videos/streaming/examples/img_bipbop_adv_example_fmp4/v5/prog_index.m3u8' for reading
[hls @ 0x10be50c50] Skip ('#EXT-X-VERSION:7')
[hls @ 0x10be50c50] Skip ('#EXT-X-INDEPENDENT-SEGMENTS')
[https @ 0x11c877c00] Opening 'https://devstreaming-cdn.apple.com/videos/streaming/examples/img_bipbop_adv_example_fmp4/v9/prog_index.m3u8' for reading
[hls @ 0x10be50c50] Skip ('#EXT-X-VERSION:7')
[hls @ 0x10be50c50] Skip ('#EXT-X-INDEPENDENT-SEGMENTS')
[https @ 0x11c877c00] Opening 'https://devstreaming-cdn.apple.com/videos/streaming/examples/img_bipbop_adv_example_fmp4/v8/prog_index.m3u8' for reading
[hls @ 0x10be50c50] Skip ('#EXT-X-VERSION:7')
[hls @ 0x10be50c50] Skip ('#EXT-X-INDEPENDENT-SEGMENTS')
[https @ 0x11c877c00] Opening 'https://devstreaming-cdn.apple.com/videos/streaming/examples/img_bipbop_adv_example_fmp4/v7/prog_index.m3u8' for reading
[hls @ 0x10be50c50] Skip ('#EXT-X-VERSION:7')
[hls @ 0x10be50c50] Skip ('#EXT-X-INDEPENDENT-SEGMENTS')
[https @ 0x11c877c00] Opening 'https://devstreaming-cdn.apple.com/videos/streaming/examples/img_bipbop_adv_example_fmp4/v6/prog_index.m3u8' for reading
[hls @ 0x10be50c50] Skip ('#EXT-X-VERSION:7')
[hls @ 0x10be50c50] Skip ('#EXT-X-INDEPENDENT-SEGMENTS')
[https @ 0x11c877c00] Opening 'https://devstreaming-cdn.apple.com/videos/streaming/examples/img_bipbop_adv_example_fmp4/v4/prog_index.m3u8' for reading
[hls @ 0x10be50c50] Skip ('#EXT-X-VERSION:7')
[hls @ 0x10be50c50] Skip ('#EXT-X-INDEPENDENT-SEGMENTS')
[https @ 0x11c877c00] Opening 'https://devstreaming-cdn.apple.com/videos/streaming/examples/img_bipbop_adv_example_fmp4/v3/prog_index.m3u8' for reading
[hls @ 0x10be50c50] Skip ('#EXT-X-VERSION:7')
[hls @ 0x10be50c50] Skip ('#EXT-X-INDEPENDENT-SEGMENTS')
[https @ 0x11c877c00] Opening 'https://devstreaming-cdn.apple.com/videos/streaming/examples/img_bipbop_adv_example_fmp4/v2/prog_index.m3u8' for reading
[hls @ 0x10be50c50] Skip ('#EXT-X-VERSION:7')
[hls @ 0x10be50c50] Skip ('#EXT-X-INDEPENDENT-SEGMENTS')
[https @ 0x11c877c00] Opening 'https://devstreaming-cdn.apple.com/videos/streaming/examples/img_bipbop_adv_example_fmp4/v5/prog_index.m3u8' for reading
[hls @ 0x10be50c50] Skip ('#EXT-X-VERSION:7')
[hls @ 0x10be50c50] Skip ('#EXT-X-INDEPENDENT-SEGMENTS')
[https @ 0x11c877c00] Opening 'https://devstreaming-cdn.apple.com/videos/streaming/examples/img_bipbop_adv_example_fmp4/v9/prog_index.m3u8' for reading
[hls @ 0x10be50c50] Skip ('#EXT-X-VERSION:7')
[hls @ 0x10be50c50] Skip ('#EXT-X-INDEPENDENT-SEGMENTS')
[https @ 0x11c877c00] Opening 'https://devstreaming-cdn.apple.com/videos/streaming/examples/img_bipbop_adv_example_fmp4/v8/prog_index.m3u8' for reading
[hls @ 0x10be50c50] Skip ('#EXT-X-VERSION:7')
[hls @ 0x10be50c50] Skip ('#EXT-X-INDEPENDENT-SEGMENTS')
[https @ 0x11c877c00] Opening 'https://devstreaming-cdn.apple.com/videos/streaming/examples/img_bipbop_adv_example_fmp4/v7/prog_index.m3u8' for reading
[hls @ 0x10be50c50] Skip ('#EXT-X-VERSION:7')
[hls @ 0x10be50c50] Skip ('#EXT-X-INDEPENDENT-SEGMENTS')
[https @ 0x11c877c00] Opening 'https://devstreaming-cdn.apple.com/videos/streaming/examples/img_bipbop_adv_example_fmp4/v6/prog_index.m3u8' for reading
[hls @ 0x10be50c50] Skip ('#EXT-X-VERSION:7')
[hls @ 0x10be50c50] Skip ('#EXT-X-INDEPENDENT-SEGMENTS')
[https @ 0x11c877c00] Opening 'https://devstreaming-cdn.apple.com/videos/streaming/examples/img_bipbop_adv_example_fmp4/v4/prog_index.m3u8' for reading
[hls @ 0x10be50c50] Skip ('#EXT-X-VERSION:7')
[hls @ 0x10be50c50] Skip ('#EXT-X-INDEPENDENT-SEGMENTS')
[https @ 0x11c877c00] Opening 'https://devstreaming-cdn.apple.com/videos/streaming/examples/img_bipbop_adv_example_fmp4/v3/prog_index.m3u8' for reading
[hls @ 0x10be50c50] Skip ('#EXT-X-VERSION:7')
[hls @ 0x10be50c50] Skip ('#EXT-X-INDEPENDENT-SEGMENTS')
[https @ 0x11c877c00] Opening 'https://devstreaming-cdn.apple.com/videos/streaming/examples/img_bipbop_adv_example_fmp4/v2/prog_index.m3u8' for reading
[hls @ 0x10be50c50] Skip ('#EXT-X-VERSION:7')
[hls @ 0x10be50c50] Skip ('#EXT-X-INDEPENDENT-SEGMENTS')
[https @ 0x11c877c00] Opening 'https://devstreaming-cdn.apple.com/videos/streaming/examples/img_bipbop_adv_example_fmp4/a1/prog_index.m3u8' for reading
[hls @ 0x10be50c50] Skip ('#EXT-X-VERSION:7')
[hls @ 0x10be50c50] Skip ('#EXT-X-INDEPENDENT-SEGMENTS')
[https @ 0x11c877c00] Opening 'https://devstreaming-cdn.apple.com/videos/streaming/examples/img_bipbop_adv_example_fmp4/a2/prog_index.m3u8' for reading
[hls @ 0x10be50c50] Skip ('#EXT-X-VERSION:7')
[hls @ 0x10be50c50] Skip ('#EXT-X-INDEPENDENT-SEGMENTS')
[https @ 0x11c877c00] Opening 'https://devstreaming-cdn.apple.com/videos/streaming/examples/img_bipbop_adv_example_fmp4/a3/prog_index.m3u8' for reading
[hls @ 0x10be50c50] Skip ('#EXT-X-VERSION:7')
[hls @ 0x10be50c50] Skip ('#EXT-X-INDEPENDENT-SEGMENTS')
[hls @ 0x10be50c50] Opening 'https://devstreaming-cdn.apple.com/videos/streaming/examples/img_bipbop_adv_example_fmp4/v5/main.mp4' for reading
[hls @ 0x10be50c50] Opening 'https://devstreaming-cdn.apple.com/videos/streaming/examples/img_bipbop_adv_example_fmp4/v5/main.mp4' for reading
[hls @ 0x10be50c50] Opening 'https://devstreaming-cdn.apple.com/videos/streaming/examples/img_bipbop_adv_example_fmp4/v5/main.mp4' for reading
[hls @ 0x10be50c50] Opening 'https://devstreaming-cdn.apple.com/videos/streaming/examples/img_bipbop_adv_example_fmp4/v9/main.mp4' for reading
[hls @ 0x10be50c50] Opening 'https://devstreaming-cdn.apple.com/videos/streaming/examples/img_bipbop_adv_example_fmp4/v9/main.mp4' for reading
[hls @ 0x10be50c50] Opening 'https://devstreaming-cdn.apple.com/videos/streaming/examples/img_bipbop_adv_example_fmp4/v9/main.mp4' for reading
[hls @ 0x10be50c50] Opening 'https://devstreaming-cdn.apple.com/videos/streaming/examples/img_bipbop_adv_example_fmp4/v8/main.mp4' for reading
[hls @ 0x10be50c50] Opening 'https://devstreaming-cdn.apple.com/videos/streaming/examples/img_bipbop_adv_example_fmp4/v8/main.mp4' for reading
[hls @ 0x10be50c50] Opening 'https://devstreaming-cdn.apple.com/videos/streaming/examples/img_bipbop_adv_example_fmp4/v8/main.mp4' for reading
[hls @ 0x10be50c50] Opening 'https://devstreaming-cdn.apple.com/videos/streaming/examples/img_bipbop_adv_example_fmp4/v7/main.mp4' for reading
[hls @ 0x10be50c50] Opening 'https://devstreaming-cdn.apple.com/videos/streaming/examples/img_bipbop_adv_example_fmp4/v7/main.mp4' for reading
[hls @ 0x10be50c50] Opening 'https://devstreaming-cdn.apple.com/videos/streaming/examples/img_bipbop_adv_example_fmp4/v7/main.mp4' for reading
[hls @ 0x10be50c50] Opening 'https://devstreaming-cdn.apple.com/videos/streaming/examples/img_bipbop_adv_example_fmp4/v6/main.mp4' for reading
[hls @ 0x10be50c50] Opening 'https://devstreaming-cdn.apple.com/videos/streaming/examples/img_bipbop_adv_example_fmp4/v6/main.mp4' for reading
[hls @ 0x10be50c50] Opening 'https://devstreaming-cdn.apple.com/videos/streaming/examples/img_bipbop_adv_example_fmp4/v6/main.mp4' for reading
[hls @ 0x10be50c50] Opening 'https://devstreaming-cdn.apple.com/videos/streaming/examples/img_bipbop_adv_example_fmp4/v4/main.mp4' for reading
[hls @ 0x10be50c50] Opening 'https://devstreaming-cdn.apple.com/videos/streaming/examples/img_bipbop_adv_example_fmp4/v4/main.mp4' for reading
[hls @ 0x10be50c50] Opening 'https://devstreaming-cdn.apple.com/videos/streaming/examples/img_bipbop_adv_example_fmp4/v4/main.mp4' for reading
[hls @ 0x10be50c50] Opening 'https://devstreaming-cdn.apple.com/videos/streaming/examples/img_bipbop_adv_example_fmp4/v3/main.mp4' for reading
[hls @ 0x10be50c50] Opening 'https://devstreaming-cdn.apple.com/videos/streaming/examples/img_bipbop_adv_example_fmp4/v3/main.mp4' for reading
[hls @ 0x10be50c50] Opening 'https://devstreaming-cdn.apple.com/videos/streaming/examples/img_bipbop_adv_example_fmp4/v3/main.mp4' for reading
[hls @ 0x10be50c50] Opening 'https://devstreaming-cdn.apple.com/videos/streaming/examples/img_bipbop_adv_example_fmp4/v2/main.mp4' for reading
[hls @ 0x10be50c50] Opening 'https://devstreaming-cdn.apple.com/videos/streaming/examples/img_bipbop_adv_example_fmp4/v2/main.mp4' for reading
[hls @ 0x10be50c50] Opening 'https://devstreaming-cdn.apple.com/videos/streaming/examples/img_bipbop_adv_example_fmp4/v2/main.mp4' for reading
[hls @ 0x10be50c50] Opening 'https://devstreaming-cdn.apple.com/videos/streaming/examples/img_bipbop_adv_example_fmp4/v5/main.mp4' for reading
[hls @ 0x10be50c50] Opening 'https://devstreaming-cdn.apple.com/videos/streaming/examples/img_bipbop_adv_example_fmp4/v5/main.mp4' for reading
[hls @ 0x10be50c50] Opening 'https://devstreaming-cdn.apple.com/videos/streaming/examples/img_bipbop_adv_example_fmp4/v5/main.mp4' for reading
[hls @ 0x10be50c50] Opening 'https://devstreaming-cdn.apple.com/videos/streaming/examples/img_bipbop_adv_example_fmp4/v9/main.mp4' for reading
[hls @ 0x10be50c50] Opening 'https://devstreaming-cdn.apple.com/videos/streaming/examples/img_bipbop_adv_example_fmp4/v9/main.mp4' for reading
[hls @ 0x10be50c50] Opening 'https://devstreaming-cdn.apple.com/videos/streaming/examples/img_bipbop_adv_example_fmp4/v9/main.mp4' for reading
[hls @ 0x10be50c50] Opening 'https://devstreaming-cdn.apple.com/videos/streaming/examples/img_bipbop_adv_example_fmp4/v8/main.mp4' for reading
[hls @ 0x10be50c50] Opening 'https://devstreaming-cdn.apple.com/videos/streaming/examples/img_bipbop_adv_example_fmp4/v8/main.mp4' for reading
[hls @ 0x10be50c50] Opening 'https://devstreaming-cdn.apple.com/videos/streaming/examples/img_bipbop_adv_example_fmp4/v8/main.mp4' for reading
[hls @ 0x10be50c50] Opening 'https://devstreaming-cdn.apple.com/videos/streaming/examples/img_bipbop_adv_example_fmp4/v7/main.mp4' for reading
[hls @ 0x10be50c50] Opening 'https://devstreaming-cdn.apple.com/videos/streaming/examples/img_bipbop_adv_example_fmp4/v7/main.mp4' for reading
[hls @ 0x10be50c50] Opening 'https://devstreaming-cdn.apple.com/videos/streaming/examples/img_bipbop_adv_example_fmp4/v7/main.mp4' for reading
[hls @ 0x10be50c50] Opening 'https://devstreaming-cdn.apple.com/videos/streaming/examples/img_bipbop_adv_example_fmp4/v6/main.mp4' for reading
[hls @ 0x10be50c50] Opening 'https://devstreaming-cdn.apple.com/videos/streaming/examples/img_bipbop_adv_example_fmp4/v6/main.mp4' for reading
[hls @ 0x10be50c50] Opening 'https://devstreaming-cdn.apple.com/videos/streaming/examples/img_bipbop_adv_example_fmp4/v6/main.mp4' for reading
[hls @ 0x10be50c50] Opening 'https://devstreaming-cdn.apple.com/videos/streaming/examples/img_bipbop_adv_example_fmp4/v4/main.mp4' for reading
[hls @ 0x10be50c50] Opening 'https://devstreaming-cdn.apple.com/videos/streaming/examples/img_bipbop_adv_example_fmp4/v4/main.mp4' for reading
[hls @ 0x10be50c50] Opening 'https://devstreaming-cdn.apple.com/videos/streaming/examples/img_bipbop_adv_example_fmp4/v4/main.mp4' for reading
[hls @ 0x10be50c50] Opening 'https://devstreaming-cdn.apple.com/videos/streaming/examples/img_bipbop_adv_example_fmp4/v3/main.mp4' for reading
[hls @ 0x10be50c50] Opening 'https://devstreaming-cdn.apple.com/videos/streaming/examples/img_bipbop_adv_example_fmp4/v3/main.mp4' for reading
[hls @ 0x10be50c50] Opening 'https://devstreaming-cdn.apple.com/videos/streaming/examples/img_bipbop_adv_example_fmp4/v3/main.mp4' for reading
[hls @ 0x10be50c50] Opening 'https://devstreaming-cdn.apple.com/videos/streaming/examples/img_bipbop_adv_example_fmp4/v2/main.mp4' for reading
[hls @ 0x10be50c50] Opening 'https://devstreaming-cdn.apple.com/videos/streaming/examples/img_bipbop_adv_example_fmp4/v2/main.mp4' for reading
[hls @ 0x10be50c50] Opening 'https://devstreaming-cdn.apple.com/videos/streaming/examples/img_bipbop_adv_example_fmp4/v2/main.mp4' for reading
[hls @ 0x10be50c50] Opening 'https://devstreaming-cdn.apple.com/videos/streaming/examples/img_bipbop_adv_example_fmp4/v5/main.mp4' for reading
[hls @ 0x10be50c50] Opening 'https://devstreaming-cdn.apple.com/videos/streaming/examples/img_bipbop_adv_example_fmp4/v5/main.mp4' for reading
[hls @ 0x10be50c50] Opening 'https://devstreaming-cdn.apple.com/videos/streaming/examples/img_bipbop_adv_example_fmp4/v5/main.mp4' for reading
[hls @ 0x10be50c50] Opening 'https://devstreaming-cdn.apple.com/videos/streaming/examples/img_bipbop_adv_example_fmp4/v9/main.mp4' for reading
[hls @ 0x10be50c50] Opening 'https://devstreaming-cdn.apple.com/videos/streaming/examples/img_bipbop_adv_example_fmp4/v9/main.mp4' for reading
[hls @ 0x10be50c50] Opening 'https://devstreaming-cdn.apple.com/videos/streaming/examples/img_bipbop_adv_example_fmp4/v9/main.mp4' for reading
[hls @ 0x10be50c50] Opening 'https://devstreaming-cdn.apple.com/videos/streaming/examples/img_bipbop_adv_example_fmp4/v8/main.mp4' for reading
[hls @ 0x10be50c50] Opening 'https://devstreaming-cdn.apple.com/videos/streaming/examples/img_bipbop_adv_example_fmp4/v8/main.mp4' for reading
[hls @ 0x10be50c50] Opening 'https://devstreaming-cdn.apple.com/videos/streaming/examples/img_bipbop_adv_example_fmp4/v8/main.mp4' for reading
[hls @ 0x10be50c50] Opening 'https://devstreaming-cdn.apple.com/videos/streaming/examples/img_bipbop_adv_example_fmp4/v7/main.mp4' for reading
[hls @ 0x10be50c50] Opening 'https://devstreaming-cdn.apple.com/videos/streaming/examples/img_bipbop_adv_example_fmp4/v7/main.mp4' for reading
[hls @ 0x10be50c50] Opening 'https://devstreaming-cdn.apple.com/videos/streaming/examples/img_bipbop_adv_example_fmp4/v7/main.mp4' for reading
[hls @ 0x10be50c50] Opening 'https://devstreaming-cdn.apple.com/videos/streaming/examples/img_bipbop_adv_example_fmp4/v6/main.mp4' for reading
[hls @ 0x10be50c50] Opening 'https://devstreaming-cdn.apple.com/videos/streaming/examples/img_bipbop_adv_example_fmp4/v6/main.mp4' for reading
[hls @ 0x10be50c50] Opening 'https://devstreaming-cdn.apple.com/videos/streaming/examples/img_bipbop_adv_example_fmp4/v6/main.mp4' for reading
[hls @ 0x10be50c50] Opening 'https://devstreaming-cdn.apple.com/videos/streaming/examples/img_bipbop_adv_example_fmp4/v4/main.mp4' for reading
[hls @ 0x10be50c50] Opening 'https://devstreaming-cdn.apple.com/videos/streaming/examples/img_bipbop_adv_example_fmp4/v4/main.mp4' for reading
[hls @ 0x10be50c50] Opening 'https://devstreaming-cdn.apple.com/videos/streaming/examples/img_bipbop_adv_example_fmp4/v4/main.mp4' for reading
[hls @ 0x10be50c50] Opening 'https://devstreaming-cdn.apple.com/videos/streaming/examples/img_bipbop_adv_example_fmp4/v3/main.mp4' for reading
[hls @ 0x10be50c50] Opening 'https://devstreaming-cdn.apple.com/videos/streaming/examples/img_bipbop_adv_example_fmp4/v3/main.mp4' for reading
[hls @ 0x10be50c50] Opening 'https://devstreaming-cdn.apple.com/videos/streaming/examples/img_bipbop_adv_example_fmp4/v3/main.mp4' for reading
[hls @ 0x10be50c50] Opening 'https://devstreaming-cdn.apple.com/videos/streaming/examples/img_bipbop_adv_example_fmp4/v2/main.mp4' for reading
[hls @ 0x10be50c50] Opening 'https://devstreaming-cdn.apple.com/videos/streaming/examples/img_bipbop_adv_example_fmp4/v2/main.mp4' for reading
[hls @ 0x10be50c50] Opening 'https://devstreaming-cdn.apple.com/videos/streaming/examples/img_bipbop_adv_example_fmp4/v2/main.mp4' for reading
[hls @ 0x10be50c50] Opening 'https://devstreaming-cdn.apple.com/videos/streaming/examples/img_bipbop_adv_example_fmp4/a1/main.mp4' for reading
[hls @ 0x10be50c50] Opening 'https://devstreaming-cdn.apple.com/videos/streaming/examples/img_bipbop_adv_example_fmp4/a1/main.mp4' for reading
[hls @ 0x10be50c50] Opening 'https://devstreaming-cdn.apple.com/videos/streaming/examples/img_bipbop_adv_example_fmp4/a1/main.mp4' for reading
[hls @ 0x10be50c50] Opening 'https://devstreaming-cdn.apple.com/videos/streaming/examples/img_bipbop_adv_example_fmp4/a2/main.mp4' for reading
[hls @ 0x10be50c50] Opening 'https://devstreaming-cdn.apple.com/videos/streaming/examples/img_bipbop_adv_example_fmp4/a2/main.mp4' for reading
[hls @ 0x10be50c50] Opening 'https://devstreaming-cdn.apple.com/videos/streaming/examples/img_bipbop_adv_example_fmp4/a2/main.mp4' for reading
[hls @ 0x10be50c50] Opening 'https://devstreaming-cdn.apple.com/videos/streaming/examples/img_bipbop_adv_example_fmp4/a3/main.mp4' for reading
[hls @ 0x10be50c50] Opening 'https://devstreaming-cdn.apple.com/videos/streaming/examples/img_bipbop_adv_example_fmp4/a3/main.mp4' for reading
[hls @ 0x10be50c50] Opening 'https://devstreaming-cdn.apple.com/videos/streaming/examples/img_bipbop_adv_example_fmp4/a3/main.mp4' for reading
[hls @ 0x10be50c50] Stream #0: not enough frames to estimate rate; consider increasing probesize
[hls @ 0x10be50c50] Stream #1: not enough frames to estimate rate; consider increasing probesize
[hls @ 0x10be50c50] Stream #2: not enough frames to estimate rate; consider increasing probesize
[hls @ 0x10be50c50] Stream #3: not enough frames to estimate rate; consider increasing probesize
[hls @ 0x10be50c50] Stream #4: not enough frames to estimate rate; consider increasing probesize
[hls @ 0x10be50c50] Stream #5: not enough frames to estimate rate; consider increasing probesize
[hls @ 0x10be50c50] Stream #6: not enough frames to estimate rate; consider increasing probesize
[hls @ 0x10be50c50] Stream #7: not enough frames to estimate rate; consider increasing probesize
[hls @ 0x10be50c50] Stream #8: not enough frames to estimate rate; consider increasing probesize
[hls @ 0x10be50c50] Stream #9: not enough frames to estimate rate; consider increasing probesize
[hls @ 0x10be50c50] Stream #10: not enough frames to estimate rate; consider increasing probesize
[hls @ 0x10be50c50] Stream #11: not enough frames to estimate rate; consider increasing probesize
[hls @ 0x10be50c50] Stream #12: not enough frames to estimate rate; consider increasing probesize
[hls @ 0x10be50c50] Stream #13: not enough frames to estimate rate; consider increasing probesize
[hls @ 0x10be50c50] Stream #14: not enough frames to estimate rate; consider increasing probesize
[hls @ 0x10be50c50] Stream #15: not enough frames to estimate rate; consider increasing probesize
[hls @ 0x10be50c50] Stream #16: not enough frames to estimate rate; consider increasing probesize
[hls @ 0x10be50c50] Stream #17: not enough frames to estimate rate; consider increasing probesize
[hls @ 0x10be50c50] Stream #18: not enough frames to estimate rate; consider increasing probesize
[hls @ 0x10be50c50] Stream #19: not enough frames to estimate rate; consider increasing probesize
[hls @ 0x10be50c50] Stream #20: not enough frames to estimate rate; consider increasing probesize
[hls @ 0x10be50c50] Stream #21: not enough frames to estimate rate; consider increasing probesize
[hls @ 0x10be50c50] Stream #22: not enough frames to estimate rate; consider increasing probesize
[hls @ 0x10be50c50] Stream #23: not enough frames to estimate rate; consider increasing probesize
[hls @ 0x10be50c50] Could not find codec parameters for stream 3 (Video: h264 (avc1 / 0x31637661), none, 1920x1080, 750 kb/s): unspecified pixel format
Consider increasing the value for the 'analyzeduration' (1000000) and 'probesize' (131072) options
[hls @ 0x10be50c50] Could not find codec parameters for stream 4 (Video: h264 (avc1 / 0x31637661), none, 1280x720, 513 kb/s): unspecified pixel format
Consider increasing the value for the 'analyzeduration' (1000000) and 'probesize' (131072) options
[hls @ 0x10be50c50] Could not find codec parameters for stream 5 (Video: h264 (avc1 / 0x31637661), none, 768x432, 185 kb/s): unspecified pixel format
Consider increasing the value for the 'analyzeduration' (1000000) and 'probesize' (131072) options
[hls @ 0x10be50c50] Could not find codec parameters for stream 6 (Video: h264 (avc1 / 0x31637661), none, 640x360, 111 kb/s): unspecified pixel format
Consider increasing the value for the 'analyzeduration' (1000000) and 'probesize' (131072) options
[hls @ 0x10be50c50] Could not find codec parameters for stream 7 (Video: h264 (avc1 / 0x31637661), none, 480x270, 59 kb/s): unspecified pixel format
Consider increasing the value for the 'analyzeduration' (1000000) and 'probesize' (131072) options
[hls @ 0x10be50c50] Could not find codec parameters for stream 8 (Video: h264 (avc1 / 0x31637661), none, 960x540, 335 kb/s): unspecified pixel format
Consider increasing the value for the 'analyzeduration' (1000000) and 'probesize' (131072) options
[hls @ 0x10be50c50] Could not find codec parameters for stream 9 (Video: h264 (avc1 / 0x31637661), none, 1920x1080, 1351 kb/s): unspecified pixel format
Consider increasing the value for the 'analyzeduration' (1000000) and 'probesize' (131072) options
[hls @ 0x10be50c50] Could not find codec parameters for stream 10 (Video: h264 (avc1 / 0x31637661), none, 1920x1080, 1019 kb/s): unspecified pixel format
Consider increasing the value for the 'analyzeduration' (1000000) and 'probesize' (131072) options
[hls @ 0x10be50c50] Could not find codec parameters for stream 11 (Video: h264 (avc1 / 0x31637661), none, 1920x1080, 750 kb/s): unspecified pixel format
Consider increasing the value for the 'analyzeduration' (1000000) and 'probesize' (131072) options
[hls @ 0x10be50c50] Could not find codec parameters for stream 12 (Video: h264 (avc1 / 0x31637661), none, 1280x720, 513 kb/s): unspecified pixel format
Consider increasing the value for the 'analyzeduration' (1000000) and 'probesize' (131072) options
[hls @ 0x10be50c50] Could not find codec parameters for stream 13 (Video: h264 (avc1 / 0x31637661), none, 768x432, 185 kb/s): unspecified pixel format
Consider increasing the value for the 'analyzeduration' (1000000) and 'probesize' (131072) options
[hls @ 0x10be50c50] Could not find codec parameters for stream 14 (Video: h264 (avc1 / 0x31637661), none, 640x360, 111 kb/s): unspecified pixel format
Consider increasing the value for the 'analyzeduration' (1000000) and 'probesize' (131072) options
[hls @ 0x10be50c50] Could not find codec parameters for stream 15 (Video: h264 (avc1 / 0x31637661), none, 480x270, 59 kb/s): unspecified pixel format
Consider increasing the value for the 'analyzeduration' (1000000) and 'probesize' (131072) options
[hls @ 0x10be50c50] Could not find codec parameters for stream 16 (Video: h264 (avc1 / 0x31637661), none, 960x540, 335 kb/s): unspecified pixel format
Consider increasing the value for the 'analyzeduration' (1000000) and 'probesize' (131072) options
[hls @ 0x10be50c50] Could not find codec parameters for stream 17 (Video: h264 (avc1 / 0x31637661), none, 1920x1080, 1351 kb/s): unspecified pixel format
Consider increasing the value for the 'analyzeduration' (1000000) and 'probesize' (131072) options
[hls @ 0x10be50c50] Could not find codec parameters for stream 18 (Video: h264 (avc1 / 0x31637661), none, 1920x1080, 1019 kb/s): unspecified pixel format
Consider increasing the value for the 'analyzeduration' (1000000) and 'probesize' (131072) options
[hls @ 0x10be50c50] Could not find codec parameters for stream 19 (Video: h264 (avc1 / 0x31637661), none, 1920x1080, 750 kb/s): unspecified pixel format
Consider increasing the value for the 'analyzeduration' (1000000) and 'probesize' (131072) options
[hls @ 0x10be50c50] Could not find codec parameters for stream 20 (Video: h264 (avc1 / 0x31637661), none, 1280x720, 513 kb/s): unspecified pixel format
Consider increasing the value for the 'analyzeduration' (1000000) and 'probesize' (131072) options
[hls @ 0x10be50c50] Could not find codec parameters for stream 21 (Video: h264 (avc1 / 0x31637661), none, 768x432, 185 kb/s): unspecified pixel format
Consider increasing the value for the 'analyzeduration' (1000000) and 'probesize' (131072) options
[hls @ 0x10be50c50] Could not find codec parameters for stream 22 (Video: h264 (avc1 / 0x31637661), none, 640x360, 111 kb/s): unspecified pixel format
Consider increasing the value for the 'analyzeduration' (1000000) and 'probesize' (131072) options
[hls @ 0x10be50c50] Could not find codec parameters for stream 23 (Video: h264 (avc1 / 0x31637661), none, 480x270, 59 kb/s): unspecified pixel format
Consider increasing the value for the 'analyzeduration' (1000000) and 'probesize' (131072) options
Input #0, hls, from 'https://devstreaming-cdn.apple.com/videos/streaming/examples/img_bipbop_adv_example_fmp4/master.m3u8':
  Duration: 00:10:00.00, start: 9.977333, bitrate: 0 kb/s
  Program 0 
    Metadata:
      variant_bitrate : 2177116
  Stream #0:0: Video: h264 (High) (avc1 / 0x31637661), yuv420p, 960x540 [SAR 1:1 DAR 16:9], Closed Captions, 335 kb/s, 60 tbr, 60k tbn (default)
    Metadata:
      variant_bitrate : 2177116
      major_brand     : mp42
      minor_version   : 1
      compatible_brands: mp41mp42isomhlsf
      creation_time   : 2016-12-21T21:37:39.000000Z
  Stream #0:24(en): Audio: aac (LC) (mp4a / 0x6134706D), 48000 Hz, stereo, fltp, 60 kb/s (default)
    Metadata:
      major_brand     : mp42
      minor_version   : 1
      compatible_brands: mp41mp42isomhlsf
      creation_time   : 2016-12-21T22:14:57.000000Z
      comment         : English
  Program 1 
    Metadata:
      variant_bitrate : 8001098
  Stream #0:1: Video: h264 (High) (avc1 / 0x31637661), yuv420p, 1920x1080 [SAR 1:1 DAR 16:9], Closed Captions, 1351 kb/s, 60 tbr, 60k tbn (default)
    Metadata:
      variant_bitrate : 8001098
      major_brand     : mp42
      minor_version   : 1
      compatible_brands: mp41mp42isomhlsf
      creation_time   : 2016-12-21T21:37:42.000000Z
  Stream #0:24(en): Audio: aac (LC) (mp4a / 0x6134706D), 48000 Hz, stereo, fltp, 60 kb/s (default)
    Metadata:
      major_brand     : mp42
      minor_version   : 1
      compatible_brands: mp41mp42isomhlsf
      creation_time   : 2016-12-21T22:14:57.000000Z
      comment         : English
  Program 2 
    Metadata:
      variant_bitrate : 6312875
  Stream #0:2: Video: h264 (High) (avc1 / 0x31637661), yuv420p, 1920x1080 [SAR 1:1 DAR 16:9], Closed Captions, 1019 kb/s, 60 tbr, 60k tbn (default)
    Metadata:
      variant_bitrate : 6312875
      major_brand     : mp42
      minor_version   : 1
      compatible_brands: mp41mp42isomhlsf
      creation_time   : 2016-12-21T21:37:48.000000Z
  Stream #0:24(en): Audio: aac (LC) (mp4a / 0x6134706D), 48000 Hz, stereo, fltp, 60 kb/s (default)
    Metadata:
      major_brand     : mp42
      minor_version   : 1
      compatible_brands: mp41mp42isomhlsf
      creation_time   : 2016-12-21T22:14:57.000000Z
      comment         : English
  Program 3 
    Metadata:
      variant_bitrate : 4943747
  Stream #0:3: Video: h264 (avc1 / 0x31637661), none, 1920x1080, 750 kb/s, 30k tbr, 60k tbn (default)
    Metadata:
      variant_bitrate : 4943747
      major_brand     : mp42
      minor_version   : 1
      compatible_brands: mp41mp42isomhlsf
      creation_time   : 2016-12-21T21:37:54.000000Z
  Stream #0:24(en): Audio: aac (LC) (mp4a / 0x6134706D), 48000 Hz, stereo, fltp, 60 kb/s (default)
    Metadata:
      major_brand     : mp42
      minor_version   : 1
      compatible_brands: mp41mp42isomhlsf
      creation_time   : 2016-12-21T22:14:57.000000Z
      comment         : English
  Program 4 
    Metadata:
      variant_bitrate : 3216424
  Stream #0:4: Video: h264 (avc1 / 0x31637661), none, 1280x720, 513 kb/s, 30k tbr, 60k tbn (default)
    Metadata:
      variant_bitrate : 3216424
      major_brand     : mp42
      minor_version   : 1
      compatible_brands: mp41mp42isomhlsf
      creation_time   : 2016-12-21T21:37:59.000000Z
  Stream #0:24(en): Audio: aac (LC) (mp4a / 0x6134706D), 48000 Hz, stereo, fltp, 60 kb/s (default)
    Metadata:
      major_brand     : mp42
      minor_version   : 1
      compatible_brands: mp41mp42isomhlsf
      creation_time   : 2016-12-21T22:14:57.000000Z
      comment         : English
  Program 5 
    Metadata:
      variant_bitrate : 1268994
  Stream #0:5: Video: h264 (avc1 / 0x31637661), none, 768x432, 185 kb/s, 15k tbr, 30k tbn (default)
    Metadata:
      variant_bitrate : 1268994
      major_brand     : mp42
      minor_version   : 1
      compatible_brands: mp41mp42isomhlsf
      creation_time   : 2016-12-21T21:38:03.000000Z
  Stream #0:24(en): Audio: aac (LC) (mp4a / 0x6134706D), 48000 Hz, stereo, fltp, 60 kb/s (default)
    Metadata:
      major_brand     : mp42
      minor_version   : 1
      compatible_brands: mp41mp42isomhlsf
      creation_time   : 2016-12-21T22:14:57.000000Z
      comment         : English
  Program 6 
    Metadata:
      variant_bitrate : 902298
  Stream #0:6: Video: h264 (avc1 / 0x31637661), none, 640x360, 111 kb/s, 15k tbr, 30k tbn (default)
    Metadata:
      variant_bitrate : 902298
      major_brand     : mp42
      minor_version   : 1
      compatible_brands: mp41mp42isomhlsf
      creation_time   : 2016-12-21T21:38:06.000000Z
  Stream #0:24(en): Audio: aac (LC) (mp4a / 0x6134706D), 48000 Hz, stereo, fltp, 60 kb/s (default)
    Metadata:
      major_brand     : mp42
      minor_version   : 1
      compatible_brands: mp41mp42isomhlsf
      creation_time   : 2016-12-21T22:14:57.000000Z
      comment         : English
  Program 7 
    Metadata:
      variant_bitrate : 541052
  Stream #0:7: Video: h264 (avc1 / 0x31637661), none, 480x270, 59 kb/s, 15k tbr, 30k tbn (default)
    Metadata:
      variant_bitrate : 541052
      major_brand     : mp42
      minor_version   : 1
      compatible_brands: mp41mp42isomhlsf
      creation_time   : 2016-12-21T21:38:07.000000Z
  Stream #0:24(en): Audio: aac (LC) (mp4a / 0x6134706D), 48000 Hz, stereo, fltp, 60 kb/s (default)
    Metadata:
      major_brand     : mp42
      minor_version   : 1
      compatible_brands: mp41mp42isomhlsf
      creation_time   : 2016-12-21T22:14:57.000000Z
      comment         : English
  Program 8 
    Metadata:
      variant_bitrate : 2399619
  Stream #0:8: Video: h264 (avc1 / 0x31637661), none, 960x540, 335 kb/s, 30k tbr, 60k tbn (default)
    Metadata:
      variant_bitrate : 2399619
      major_brand     : mp42
      minor_version   : 1
      compatible_brands: mp41mp42isomhlsf
      creation_time   : 2016-12-21T21:37:39.000000Z
  Stream #0:25(en): Audio: ac3 (ac-3 / 0x332D6361), 48000 Hz, 5.1(side), fltp, 384 kb/s (default)
    Metadata:
      major_brand     : mp42
      minor_version   : 1
      compatible_brands: mp41mp42isomhlsf
      creation_time   : 2016-12-21T22:15:46.000000Z
      comment         : English
    Side data:
      audio service type: main
  Program 9 
    Metadata:
      variant_bitrate : 8223601
  Stream #0:9: Video: h264 (avc1 / 0x31637661), none, 1920x1080, 1351 kb/s, 30k tbr, 60k tbn (default)
    Metadata:
      variant_bitrate : 8223601
      major_brand     : mp42
      minor_version   : 1
      compatible_brands: mp41mp42isomhlsf
      creation_time   : 2016-12-21T21:37:42.000000Z
  Stream #0:25(en): Audio: ac3 (ac-3 / 0x332D6361), 48000 Hz, 5.1(side), fltp, 384 kb/s (default)
    Metadata:
      major_brand     : mp42
      minor_version   : 1
      compatible_brands: mp41mp42isomhlsf
      creation_time   : 2016-12-21T22:15:46.000000Z
      comment         : English
    Side data:
      audio service type: main
  Program 10 
    Metadata:
      variant_bitrate : 6535378
  Stream #0:10: Video: h264 (avc1 / 0x31637661), none, 1920x1080, 1019 kb/s, 30k tbr, 60k tbn (default)
    Metadata:
      variant_bitrate : 6535378
      major_brand     : mp42
      minor_version   : 1
      compatible_brands: mp41mp42isomhlsf
      creation_time   : 2016-12-21T21:37:48.000000Z
  Stream #0:25(en): Audio: ac3 (ac-3 / 0x332D6361), 48000 Hz, 5.1(side), fltp, 384 kb/s (default)
    Metadata:
      major_brand     : mp42
      minor_version   : 1
      compatible_brands: mp41mp42isomhlsf
      creation_time   : 2016-12-21T22:15:46.000000Z
      comment         : English
    Side data:
      audio service type: main
  Program 11 
    Metadata:
      variant_bitrate : 5166250
  Stream #0:11: Video: h264 (avc1 / 0x31637661), none, 1920x1080, 750 kb/s, 30k tbr, 60k tbn (default)
    Metadata:
      variant_bitrate : 5166250
      major_brand     : mp42
      minor_version   : 1
      compatible_brands: mp41mp42isomhlsf
      creation_time   : 2016-12-21T21:37:54.000000Z
  Stream #0:25(en): Audio: ac3 (ac-3 / 0x332D6361), 48000 Hz, 5.1(side), fltp, 384 kb/s (default)
    Metadata:
      major_brand     : mp42
      minor_version   : 1
      compatible_brands: mp41mp42isomhlsf
      creation_time   : 2016-12-21T22:15:46.000000Z
      comment         : English
    Side data:
      audio service type: main
  Program 12 
    Metadata:
      variant_bitrate : 3438927
  Stream #0:12: Video: h264 (avc1 / 0x31637661), none, 1280x720, 513 kb/s, 30k tbr, 60k tbn (default)
    Metadata:
      variant_bitrate : 3438927
      major_brand     : mp42
      minor_version   : 1
      compatible_brands: mp41mp42isomhlsf
      creation_time   : 2016-12-21T21:37:59.000000Z
  Stream #0:25(en): Audio: ac3 (ac-3 / 0x332D6361), 48000 Hz, 5.1(side), fltp, 384 kb/s (default)
    Metadata:
      major_brand     : mp42
      minor_version   : 1
      compatible_brands: mp41mp42isomhlsf
      creation_time   : 2016-12-21T22:15:46.000000Z
      comment         : English
    Side data:
      audio service type: main
  Program 13 
    Metadata:
      variant_bitrate : 1491497
  Stream #0:13: Video: h264 (avc1 / 0x31637661), none, 768x432, 185 kb/s, 15k tbr, 30k tbn (default)
    Metadata:
      variant_bitrate : 1491497
      major_brand     : mp42
      minor_version   : 1
      compatible_brands: mp41mp42isomhlsf
      creation_time   : 2016-12-21T21:38:03.000000Z
  Stream #0:25(en): Audio: ac3 (ac-3 / 0x332D6361), 48000 Hz, 5.1(side), fltp, 384 kb/s (default)
    Metadata:
      major_brand     : mp42
      minor_version   : 1
      compatible_brands: mp41mp42isomhlsf
      creation_time   : 2016-12-21T22:15:46.000000Z
      comment         : English
    Side data:
      audio service type: main
  Program 14 
    Metadata:
      variant_bitrate : 1124801
  Stream #0:14: Video: h264 (avc1 / 0x31637661), none, 640x360, 111 kb/s, 15k tbr, 30k tbn (default)
    Metadata:
      variant_bitrate : 1124801
      major_brand     : mp42
      minor_version   : 1
      compatible_brands: mp41mp42isomhlsf
      creation_time   : 2016-12-21T21:38:06.000000Z
  Stream #0:25(en): Audio: ac3 (ac-3 / 0x332D6361), 48000 Hz, 5.1(side), fltp, 384 kb/s (default)
    Metadata:
      major_brand     : mp42
      minor_version   : 1
      compatible_brands: mp41mp42isomhlsf
      creation_time   : 2016-12-21T22:15:46.000000Z
      comment         : English
    Side data:
      audio service type: main
  Program 15 
    Metadata:
      variant_bitrate : 763555
  Stream #0:15: Video: h264 (avc1 / 0x31637661), none, 480x270, 59 kb/s, 15k tbr, 30k tbn (default)
    Metadata:
      variant_bitrate : 763555
      major_brand     : mp42
      minor_version   : 1
      compatible_brands: mp41mp42isomhlsf
      creation_time   : 2016-12-21T21:38:07.000000Z
  Stream #0:25(en): Audio: ac3 (ac-3 / 0x332D6361), 48000 Hz, 5.1(side), fltp, 384 kb/s (default)
    Metadata:
      major_brand     : mp42
      minor_version   : 1
      compatible_brands: mp41mp42isomhlsf
      creation_time   : 2016-12-21T22:15:46.000000Z
      comment         : English
    Side data:
      audio service type: main
  Program 16 
    Metadata:
      variant_bitrate : 2207619
  Stream #0:16: Video: h264 (avc1 / 0x31637661), none, 960x540, 335 kb/s, 30k tbr, 60k tbn (default)
    Metadata:
      variant_bitrate : 2207619
      major_brand     : mp42
      minor_version   : 1
      compatible_brands: mp41mp42isomhlsf
      creation_time   : 2016-12-21T21:37:39.000000Z
  Stream #0:26(en): Audio: eac3 (ec-3 / 0x332D6365), 48000 Hz, 5.1(side), fltp, 192 kb/s (default)
    Metadata:
      major_brand     : mp42
      minor_version   : 1
      compatible_brands: mp41mp42isomhlsf
      creation_time   : 2016-12-21T22:16:17.000000Z
      comment         : English
    Side data:
      audio service type: main
  Program 17 
    Metadata:
      variant_bitrate : 8031601
  Stream #0:17: Video: h264 (avc1 / 0x31637661), none, 1920x1080, 1351 kb/s, 30k tbr, 60k tbn (default)
    Metadata:
      variant_bitrate : 8031601
      major_brand     : mp42
      minor_version   : 1
      compatible_brands: mp41mp42isomhlsf
      creation_time   : 2016-12-21T21:37:42.000000Z
  Stream #0:26(en): Audio: eac3 (ec-3 / 0x332D6365), 48000 Hz, 5.1(side), fltp, 192 kb/s (default)
    Metadata:
      major_brand     : mp42
      minor_version   : 1
      compatible_brands: mp41mp42isomhlsf
      creation_time   : 2016-12-21T22:16:17.000000Z
      comment         : English
    Side data:
      audio service type: main
  Program 18 
    Metadata:
      variant_bitrate : 6343378
  Stream #0:18: Video: h264 (avc1 / 0x31637661), none, 1920x1080, 1019 kb/s, 30k tbr, 60k tbn (default)
    Metadata:
      variant_bitrate : 6343378
      major_brand     : mp42
      minor_version   : 1
      compatible_brands: mp41mp42isomhlsf
      creation_time   : 2016-12-21T21:37:48.000000Z
  Stream #0:26(en): Audio: eac3 (ec-3 / 0x332D6365), 48000 Hz, 5.1(side), fltp, 192 kb/s (default)
    Metadata:
      major_brand     : mp42
      minor_version   : 1
      compatible_brands: mp41mp42isomhlsf
      creation_time   : 2016-12-21T22:16:17.000000Z
      comment         : English
    Side data:
      audio service type: main
  Program 19 
    Metadata:
      variant_bitrate : 4974250
  Stream #0:19: Video: h264 (avc1 / 0x31637661), none, 1920x1080, 750 kb/s, 30k tbr, 60k tbn (default)
    Metadata:
      variant_bitrate : 4974250
      major_brand     : mp42
      minor_version   : 1
      compatible_brands: mp41mp42isomhlsf
      creation_time   : 2016-12-21T21:37:54.000000Z
  Stream #0:26(en): Audio: eac3 (ec-3 / 0x332D6365), 48000 Hz, 5.1(side), fltp, 192 kb/s (default)
    Metadata:
      major_brand     : mp42
      minor_version   : 1
      compatible_brands: mp41mp42isomhlsf
      creation_time   : 2016-12-21T22:16:17.000000Z
      comment         : English
    Side data:
      audio service type: main
  Program 20 
    Metadata:
      variant_bitrate : 3246927
  Stream #0:20: Video: h264 (avc1 / 0x31637661), none, 1280x720, 513 kb/s, 30k tbr, 60k tbn (default)
    Metadata:
      variant_bitrate : 3246927
      major_brand     : mp42
      minor_version   : 1
      compatible_brands: mp41mp42isomhlsf
      creation_time   : 2016-12-21T21:37:59.000000Z
  Stream #0:26(en): Audio: eac3 (ec-3 / 0x332D6365), 48000 Hz, 5.1(side), fltp, 192 kb/s (default)
    Metadata:
      major_brand     : mp42
      minor_version   : 1
      compatible_brands: mp41mp42isomhlsf
      creation_time   : 2016-12-21T22:16:17.000000Z
      comment         : English
    Side data:
      audio service type: main
  Program 21 
    Metadata:
      variant_bitrate : 1299497
  Stream #0:21: Video: h264 (avc1 / 0x31637661), none, 768x432, 185 kb/s, 15k tbr, 30k tbn (default)
    Metadata:
      variant_bitrate : 1299497
      major_brand     : mp42
      minor_version   : 1
      compatible_brands: mp41mp42isomhlsf
      creation_time   : 2016-12-21T21:38:03.000000Z
  Stream #0:26(en): Audio: eac3 (ec-3 / 0x332D6365), 48000 Hz, 5.1(side), fltp, 192 kb/s (default)
    Metadata:
      major_brand     : mp42
      minor_version   : 1
      compatible_brands: mp41mp42isomhlsf
      creation_time   : 2016-12-21T22:16:17.000000Z
      comment         : English
    Side data:
      audio service type: main
  Program 22 
    Metadata:
      variant_bitrate : 932801
  Stream #0:22: Video: h264 (avc1 / 0x31637661), none, 640x360, 111 kb/s, 15k tbr, 30k tbn (default)
    Metadata:
      variant_bitrate : 932801
      major_brand     : mp42
      minor_version   : 1
      compatible_brands: mp41mp42isomhlsf
      creation_time   : 2016-12-21T21:38:06.000000Z
  Stream #0:26(en): Audio: eac3 (ec-3 / 0x332D6365), 48000 Hz, 5.1(side), fltp, 192 kb/s (default)
    Metadata:
      major_brand     : mp42
      minor_version   : 1
      compatible_brands: mp41mp42isomhlsf
      creation_time   : 2016-12-21T22:16:17.000000Z
      comment         : English
    Side data:
      audio service type: main
  Program 23 
    Metadata:
      variant_bitrate : 571555
  Stream #0:23: Video: h264 (avc1 / 0x31637661), none, 480x270, 59 kb/s, 15k tbr, 30k tbn (default)
    Metadata:
      variant_bitrate : 571555
      major_brand     : mp42
      minor_version   : 1
      compatible_brands: mp41mp42isomhlsf
      creation_time   : 2016-12-21T21:38:07.000000Z
  Stream #0:26(en): Audio: eac3 (ec-3 / 0x332D6365), 48000 Hz, 5.1(side), fltp, 192 kb/s (default)
    Metadata:
      major_brand     : mp42
      minor_version   : 1
      compatible_brands: mp41mp42isomhlsf
      creation_time   : 2016-12-21T22:16:17.000000Z
      comment         : English
    Side data:
      audio service type: main
[swscaler @ 0x300008000] No accelerated colorspace conversion found from yuv420p to bgr24.
[hls @ 0x10efcbcd0] Skip ('#EXT-X-VERSION:6')
[hls @ 0x10efcbcd0] Skip ('#EXT-X-INDEPENDENT-SEGMENTS')
[hls @ 0x10efcbcd0] Skip ('#EXT-X-I-FRAME-STREAM-INF:AVERAGE-BANDWIDTH=183689,BANDWIDTH=187492,CODECS="avc1.64002a",RESOLUTION=1920x1080,URI="v7/iframe_index.m3u8"')
[hls @ 0x10efcbcd0] Skip ('#EXT-X-I-FRAME-STREAM-INF:AVERAGE-BANDWIDTH=132672,BANDWIDTH=136398,CODECS="avc1.640020",RESOLUTION=1280x720,URI="v6/iframe_index.m3u8"')
[hls @ 0x10efcbcd0] Skip ('#EXT-X-I-FRAME-STREAM-INF:AVERAGE-BANDWIDTH=97767,BANDWIDTH=101378,CODECS="avc1.640020",RESOLUTION=960x540,URI="v5/iframe_index.m3u8"')
[hls @ 0x10efcbcd0] Skip ('#EXT-X-I-FRAME-STREAM-INF:AVERAGE-BANDWIDTH=75722,BANDWIDTH=77818,CODECS="avc1.64001e",RESOLUTION=768x432,URI="v4/iframe_index.m3u8"')
[hls @ 0x10efcbcd0] Skip ('#EXT-X-I-FRAME-STREAM-INF:AVERAGE-BANDWIDTH=63522,BANDWIDTH=65091,CODECS="avc1.64001e",RESOLUTION=640x360,URI="v3/iframe_index.m3u8"')
[hls @ 0x10efcbcd0] Skip ('#EXT-X-I-FRAME-STREAM-INF:AVERAGE-BANDWIDTH=39678,BANDWIDTH=40282,CODECS="avc1.640015",RESOLUTION=480x270,URI="v2/iframe_index.m3u8"')
[hls @ 0x10efcbcd0] Can't support the subtitle(uri: s1/en/prog_index.m3u8)
[hls @ 0x10efcbcd0] Opening 'https://devstreaming-cdn.apple.com/videos/streaming/examples/img_bipbop_adv_example_fmp4/v5/prog_index.m3u8' for reading
[hls @ 0x10efcbcd0] Skip ('#EXT-X-VERSION:7')
[hls @ 0x10efcbcd0] Skip ('#EXT-X-INDEPENDENT-SEGMENTS')
[https @ 0x11c182e00] Opening 'https://devstreaming-cdn.apple.com/videos/streaming/examples/img_bipbop_adv_example_fmp4/v9/prog_index.m3u8' for reading
[hls @ 0x10efcbcd0] Skip ('#EXT-X-VERSION:7')
[hls @ 0x10efcbcd0] Skip ('#EXT-X-INDEPENDENT-SEGMENTS')
[https @ 0x11c182e00] Opening 'https://devstreaming-cdn.apple.com/videos/streaming/examples/img_bipbop_adv_example_fmp4/v8/prog_index.m3u8' for reading
[hls @ 0x10efcbcd0] Skip ('#EXT-X-VERSION:7')
[hls @ 0x10efcbcd0] Skip ('#EXT-X-INDEPENDENT-SEGMENTS')
[https @ 0x11c182e00] Opening 'https://devstreaming-cdn.apple.com/videos/streaming/examples/img_bipbop_adv_example_fmp4/v7/prog_index.m3u8' for reading
[hls @ 0x10efcbcd0] Skip ('#EXT-X-VERSION:7')
[hls @ 0x10efcbcd0] Skip ('#EXT-X-INDEPENDENT-SEGMENTS')
[https @ 0x11c182e00] Opening 'https://devstreaming-cdn.apple.com/videos/streaming/examples/img_bipbop_adv_example_fmp4/v6/prog_index.m3u8' for reading
[hls @ 0x10efcbcd0] Skip ('#EXT-X-VERSION:7')
[hls @ 0x10efcbcd0] Skip ('#EXT-X-INDEPENDENT-SEGMENTS')
[https @ 0x11c182e00] Opening 'https://devstreaming-cdn.apple.com/videos/streaming/examples/img_bipbop_adv_example_fmp4/v4/prog_index.m3u8' for reading
[hls @ 0x10efcbcd0] Skip ('#EXT-X-VERSION:7')
[hls @ 0x10efcbcd0] Skip ('#EXT-X-INDEPENDENT-SEGMENTS')
[https @ 0x11c182e00] Opening 'https://devstreaming-cdn.apple.com/videos/streaming/examples/img_bipbop_adv_example_fmp4/v3/prog_index.m3u8' for reading
[hls @ 0x10efcbcd0] Skip ('#EXT-X-VERSION:7')
[hls @ 0x10efcbcd0] Skip ('#EXT-X-INDEPENDENT-SEGMENTS')
[https @ 0x11c182e00] Opening 'https://devstreaming-cdn.apple.com/videos/streaming/examples/img_bipbop_adv_example_fmp4/v2/prog_index.m3u8' for reading
[hls @ 0x10efcbcd0] Skip ('#EXT-X-VERSION:7')
[hls @ 0x10efcbcd0] Skip ('#EXT-X-INDEPENDENT-SEGMENTS')
[https @ 0x11c182e00] Opening 'https://devstreaming-cdn.apple.com/videos/streaming/examples/img_bipbop_adv_example_fmp4/v5/prog_index.m3u8' for reading
[hls @ 0x10efcbcd0] Skip ('#EXT-X-VERSION:7')
[hls @ 0x10efcbcd0] Skip ('#EXT-X-INDEPENDENT-SEGMENTS')
[https @ 0x11c182e00] Opening 'https://devstreaming-cdn.apple.com/videos/streaming/examples/img_bipbop_adv_example_fmp4/v9/prog_index.m3u8' for reading
[hls @ 0x10efcbcd0] Skip ('#EXT-X-VERSION:7')
[hls @ 0x10efcbcd0] Skip ('#EXT-X-INDEPENDENT-SEGMENTS')
[https @ 0x11c182e00] Opening 'https://devstreaming-cdn.apple.com/videos/streaming/examples/img_bipbop_adv_example_fmp4/v8/prog_index.m3u8' for reading
[hls @ 0x10efcbcd0] Skip ('#EXT-X-VERSION:7')
[hls @ 0x10efcbcd0] Skip ('#EXT-X-INDEPENDENT-SEGMENTS')
[https @ 0x11c182e00] Opening 'https://devstreaming-cdn.apple.com/videos/streaming/examples/img_bipbop_adv_example_fmp4/v7/prog_index.m3u8' for reading
[hls @ 0x10efcbcd0] Skip ('#EXT-X-VERSION:7')
[hls @ 0x10efcbcd0] Skip ('#EXT-X-INDEPENDENT-SEGMENTS')
[https @ 0x11c182e00] Opening 'https://devstreaming-cdn.apple.com/videos/streaming/examples/img_bipbop_adv_example_fmp4/v6/prog_index.m3u8' for reading
[hls @ 0x10efcbcd0] Skip ('#EXT-X-VERSION:7')
[hls @ 0x10efcbcd0] Skip ('#EXT-X-INDEPENDENT-SEGMENTS')
[https @ 0x11c182e00] Opening 'https://devstreaming-cdn.apple.com/videos/streaming/examples/img_bipbop_adv_example_fmp4/v4/prog_index.m3u8' for reading
[hls @ 0x10efcbcd0] Skip ('#EXT-X-VERSION:7')
[hls @ 0x10efcbcd0] Skip ('#EXT-X-INDEPENDENT-SEGMENTS')
[https @ 0x11c182e00] Opening 'https://devstreaming-cdn.apple.com/videos/streaming/examples/img_bipbop_adv_example_fmp4/v3/prog_index.m3u8' for reading
[hls @ 0x10efcbcd0] Skip ('#EXT-X-VERSION:7')
[hls @ 0x10efcbcd0] Skip ('#EXT-X-INDEPENDENT-SEGMENTS')
[https @ 0x11c182e00] Opening 'https://devstreaming-cdn.apple.com/videos/streaming/examples/img_bipbop_adv_example_fmp4/v2/prog_index.m3u8' for reading
[hls @ 0x10efcbcd0] Skip ('#EXT-X-VERSION:7')
[hls @ 0x10efcbcd0] Skip ('#EXT-X-INDEPENDENT-SEGMENTS')
[https @ 0x11c182e00] Opening 'https://devstreaming-cdn.apple.com/videos/streaming/examples/img_bipbop_adv_example_fmp4/v5/prog_index.m3u8' for reading
[hls @ 0x10efcbcd0] Skip ('#EXT-X-VERSION:7')
[hls @ 0x10efcbcd0] Skip ('#EXT-X-INDEPENDENT-SEGMENTS')
[https @ 0x11c182e00] Opening 'https://devstreaming-cdn.apple.com/videos/streaming/examples/img_bipbop_adv_example_fmp4/v9/prog_index.m3u8' for reading
[hls @ 0x10efcbcd0] Skip ('#EXT-X-VERSION:7')
[hls @ 0x10efcbcd0] Skip ('#EXT-X-INDEPENDENT-SEGMENTS')
[https @ 0x11c182e00] Opening 'https://devstreaming-cdn.apple.com/videos/streaming/examples/img_bipbop_adv_example_fmp4/v8/prog_index.m3u8' for reading
[hls @ 0x10efcbcd0] Skip ('#EXT-X-VERSION:7')
[hls @ 0x10efcbcd0] Skip ('#EXT-X-INDEPENDENT-SEGMENTS')
[https @ 0x11c182e00] Opening 'https://devstreaming-cdn.apple.com/videos/streaming/examples/img_bipbop_adv_example_fmp4/v7/prog_index.m3u8' for reading
[hls @ 0x10efcbcd0] Skip ('#EXT-X-VERSION:7')
[hls @ 0x10efcbcd0] Skip ('#EXT-X-INDEPENDENT-SEGMENTS')
[https @ 0x11c182e00] Opening 'https://devstreaming-cdn.apple.com/videos/streaming/examples/img_bipbop_adv_example_fmp4/v6/prog_index.m3u8' for reading
[hls @ 0x10efcbcd0] Skip ('#EXT-X-VERSION:7')
[hls @ 0x10efcbcd0] Skip ('#EXT-X-INDEPENDENT-SEGMENTS')
[https @ 0x11c182e00] Opening 'https://devstreaming-cdn.apple.com/videos/streaming/examples/img_bipbop_adv_example_fmp4/v4/prog_index.m3u8' for reading
[hls @ 0x10efcbcd0] Skip ('#EXT-X-VERSION:7')
[hls @ 0x10efcbcd0] Skip ('#EXT-X-INDEPENDENT-SEGMENTS')
[https @ 0x11c182e00] Opening 'https://devstreaming-cdn.apple.com/videos/streaming/examples/img_bipbop_adv_example_fmp4/v3/prog_index.m3u8' for reading
[hls @ 0x10efcbcd0] Skip ('#EXT-X-VERSION:7')
[hls @ 0x10efcbcd0] Skip ('#EXT-X-INDEPENDENT-SEGMENTS')
[https @ 0x11c182e00] Opening 'https://devstreaming-cdn.apple.com/videos/streaming/examples/img_bipbop_adv_example_fmp4/v2/prog_index.m3u8' for reading
[hls @ 0x10efcbcd0] Skip ('#EXT-X-VERSION:7')
[hls @ 0x10efcbcd0] Skip ('#EXT-X-INDEPENDENT-SEGMENTS')
[https @ 0x11c182e00] Opening 'https://devstreaming-cdn.apple.com/videos/streaming/examples/img_bipbop_adv_example_fmp4/a1/prog_index.m3u8' for reading
[hls @ 0x10efcbcd0] Skip ('#EXT-X-VERSION:7')
[hls @ 0x10efcbcd0] Skip ('#EXT-X-INDEPENDENT-SEGMENTS')
[https @ 0x11c182e00] Opening 'https://devstreaming-cdn.apple.com/videos/streaming/examples/img_bipbop_adv_example_fmp4/a2/prog_index.m3u8' for reading
[hls @ 0x10efcbcd0] Skip ('#EXT-X-VERSION:7')
[hls @ 0x10efcbcd0] Skip ('#EXT-X-INDEPENDENT-SEGMENTS')
[https @ 0x11c182e00] Opening 'https://devstreaming-cdn.apple.com/videos/streaming/examples/img_bipbop_adv_example_fmp4/a3/prog_index.m3u8' for reading
[hls @ 0x10efcbcd0] Skip ('#EXT-X-VERSION:7')
[hls @ 0x10efcbcd0] Skip ('#EXT-X-INDEPENDENT-SEGMENTS')
[hls @ 0x10efcbcd0] Opening 'https://devstreaming-cdn.apple.com/videos/streaming/examples/img_bipbop_adv_example_fmp4/v5/main.mp4' for reading
[hls @ 0x10efcbcd0] Opening 'https://devstreaming-cdn.apple.com/videos/streaming/examples/img_bipbop_adv_example_fmp4/v5/main.mp4' for reading
[hls @ 0x10efcbcd0] Opening 'https://devstreaming-cdn.apple.com/videos/streaming/examples/img_bipbop_adv_example_fmp4/v5/main.mp4' for reading
[hls @ 0x10efcbcd0] Opening 'https://devstreaming-cdn.apple.com/videos/streaming/examples/img_bipbop_adv_example_fmp4/v9/main.mp4' for reading
[hls @ 0x10efcbcd0] Opening 'https://devstreaming-cdn.apple.com/videos/streaming/examples/img_bipbop_adv_example_fmp4/v9/main.mp4' for reading
[hls @ 0x10efcbcd0] Opening 'https://devstreaming-cdn.apple.com/videos/streaming/examples/img_bipbop_adv_example_fmp4/v9/main.mp4' for reading
[hls @ 0x10efcbcd0] Opening 'https://devstreaming-cdn.apple.com/videos/streaming/examples/img_bipbop_adv_example_fmp4/v8/main.mp4' for reading
[hls @ 0x10efcbcd0] Opening 'https://devstreaming-cdn.apple.com/videos/streaming/examples/img_bipbop_adv_example_fmp4/v8/main.mp4' for reading
[hls @ 0x10efcbcd0] Opening 'https://devstreaming-cdn.apple.com/videos/streaming/examples/img_bipbop_adv_example_fmp4/v8/main.mp4' for reading
[hls @ 0x10efcbcd0] Opening 'https://devstreaming-cdn.apple.com/videos/streaming/examples/img_bipbop_adv_example_fmp4/v7/main.mp4' for reading
[hls @ 0x10efcbcd0] Opening 'https://devstreaming-cdn.apple.com/videos/streaming/examples/img_bipbop_adv_example_fmp4/v7/main.mp4' for reading
[hls @ 0x10efcbcd0] Opening 'https://devstreaming-cdn.apple.com/videos/streaming/examples/img_bipbop_adv_example_fmp4/v7/main.mp4' for reading
[hls @ 0x10efcbcd0] Opening 'https://devstreaming-cdn.apple.com/videos/streaming/examples/img_bipbop_adv_example_fmp4/v6/main.mp4' for reading
[hls @ 0x10efcbcd0] Opening 'https://devstreaming-cdn.apple.com/videos/streaming/examples/img_bipbop_adv_example_fmp4/v6/main.mp4' for reading
[hls @ 0x10efcbcd0] Opening 'https://devstreaming-cdn.apple.com/videos/streaming/examples/img_bipbop_adv_example_fmp4/v6/main.mp4' for reading
[hls @ 0x10efcbcd0] Opening 'https://devstreaming-cdn.apple.com/videos/streaming/examples/img_bipbop_adv_example_fmp4/v4/main.mp4' for reading
[hls @ 0x10efcbcd0] Opening 'https://devstreaming-cdn.apple.com/videos/streaming/examples/img_bipbop_adv_example_fmp4/v4/main.mp4' for reading
[hls @ 0x10efcbcd0] Opening 'https://devstreaming-cdn.apple.com/videos/streaming/examples/img_bipbop_adv_example_fmp4/v4/main.mp4' for reading
[hls @ 0x10efcbcd0] Opening 'https://devstreaming-cdn.apple.com/videos/streaming/examples/img_bipbop_adv_example_fmp4/v3/main.mp4' for reading
[hls @ 0x10efcbcd0] Opening 'https://devstreaming-cdn.apple.com/videos/streaming/examples/img_bipbop_adv_example_fmp4/v3/main.mp4' for reading
[hls @ 0x10efcbcd0] Opening 'https://devstreaming-cdn.apple.com/videos/streaming/examples/img_bipbop_adv_example_fmp4/v3/main.mp4' for reading
[hls @ 0x10efcbcd0] Opening 'https://devstreaming-cdn.apple.com/videos/streaming/examples/img_bipbop_adv_example_fmp4/v2/main.mp4' for reading
[hls @ 0x10efcbcd0] Opening 'https://devstreaming-cdn.apple.com/videos/streaming/examples/img_bipbop_adv_example_fmp4/v2/main.mp4' for reading
[hls @ 0x10efcbcd0] Opening 'https://devstreaming-cdn.apple.com/videos/streaming/examples/img_bipbop_adv_example_fmp4/v2/main.mp4' for reading
[hls @ 0x10efcbcd0] Opening 'https://devstreaming-cdn.apple.com/videos/streaming/examples/img_bipbop_adv_example_fmp4/v5/main.mp4' for reading
[hls @ 0x10efcbcd0] Opening 'https://devstreaming-cdn.apple.com/videos/streaming/examples/img_bipbop_adv_example_fmp4/v5/main.mp4' for reading
[hls @ 0x10efcbcd0] Opening 'https://devstreaming-cdn.apple.com/videos/streaming/examples/img_bipbop_adv_example_fmp4/v5/main.mp4' for reading
[hls @ 0x10efcbcd0] Opening 'https://devstreaming-cdn.apple.com/videos/streaming/examples/img_bipbop_adv_example_fmp4/v9/main.mp4' for reading
[hls @ 0x10efcbcd0] Opening 'https://devstreaming-cdn.apple.com/videos/streaming/examples/img_bipbop_adv_example_fmp4/v9/main.mp4' for reading
[hls @ 0x10efcbcd0] Opening 'https://devstreaming-cdn.apple.com/videos/streaming/examples/img_bipbop_adv_example_fmp4/v9/main.mp4' for reading
[hls @ 0x10efcbcd0] Opening 'https://devstreaming-cdn.apple.com/videos/streaming/examples/img_bipbop_adv_example_fmp4/v8/main.mp4' for reading
[hls @ 0x10efcbcd0] Opening 'https://devstreaming-cdn.apple.com/videos/streaming/examples/img_bipbop_adv_example_fmp4/v8/main.mp4' for reading
[hls @ 0x10efcbcd0] Opening 'https://devstreaming-cdn.apple.com/videos/streaming/examples/img_bipbop_adv_example_fmp4/v8/main.mp4' for reading
[hls @ 0x10efcbcd0] Opening 'https://devstreaming-cdn.apple.com/videos/streaming/examples/img_bipbop_adv_example_fmp4/v7/main.mp4' for reading
[hls @ 0x10efcbcd0] Opening 'https://devstreaming-cdn.apple.com/videos/streaming/examples/img_bipbop_adv_example_fmp4/v7/main.mp4' for reading
[hls @ 0x10efcbcd0] Opening 'https://devstreaming-cdn.apple.com/videos/streaming/examples/img_bipbop_adv_example_fmp4/v7/main.mp4' for reading
[hls @ 0x10efcbcd0] Opening 'https://devstreaming-cdn.apple.com/videos/streaming/examples/img_bipbop_adv_example_fmp4/v6/main.mp4' for reading
[hls @ 0x10efcbcd0] Opening 'https://devstreaming-cdn.apple.com/videos/streaming/examples/img_bipbop_adv_example_fmp4/v6/main.mp4' for reading
[hls @ 0x10efcbcd0] Opening 'https://devstreaming-cdn.apple.com/videos/streaming/examples/img_bipbop_adv_example_fmp4/v6/main.mp4' for reading
[hls @ 0x10efcbcd0] Opening 'https://devstreaming-cdn.apple.com/videos/streaming/examples/img_bipbop_adv_example_fmp4/v4/main.mp4' for reading
[hls @ 0x10efcbcd0] Opening 'https://devstreaming-cdn.apple.com/videos/streaming/examples/img_bipbop_adv_example_fmp4/v4/main.mp4' for reading
[hls @ 0x10efcbcd0] Opening 'https://devstreaming-cdn.apple.com/videos/streaming/examples/img_bipbop_adv_example_fmp4/v4/main.mp4' for reading
[hls @ 0x10efcbcd0] Opening 'https://devstreaming-cdn.apple.com/videos/streaming/examples/img_bipbop_adv_example_fmp4/v3/main.mp4' for reading
[hls @ 0x10efcbcd0] Opening 'https://devstreaming-cdn.apple.com/videos/streaming/examples/img_bipbop_adv_example_fmp4/v3/main.mp4' for reading
[hls @ 0x10efcbcd0] Opening 'https://devstreaming-cdn.apple.com/videos/streaming/examples/img_bipbop_adv_example_fmp4/v3/main.mp4' for reading
[hls @ 0x10efcbcd0] Opening 'https://devstreaming-cdn.apple.com/videos/streaming/examples/img_bipbop_adv_example_fmp4/v2/main.mp4' for reading
[hls @ 0x10efcbcd0] Opening 'https://devstreaming-cdn.apple.com/videos/streaming/examples/img_bipbop_adv_example_fmp4/v2/main.mp4' for reading
[hls @ 0x10efcbcd0] Opening 'https://devstreaming-cdn.apple.com/videos/streaming/examples/img_bipbop_adv_example_fmp4/v2/main.mp4' for reading
[hls @ 0x10efcbcd0] Opening 'https://devstreaming-cdn.apple.com/videos/streaming/examples/img_bipbop_adv_example_fmp4/v5/main.mp4' for reading
[hls @ 0x10efcbcd0] Opening 'https://devstreaming-cdn.apple.com/videos/streaming/examples/img_bipbop_adv_example_fmp4/v5/main.mp4' for reading
[hls @ 0x10efcbcd0] Opening 'https://devstreaming-cdn.apple.com/videos/streaming/examples/img_bipbop_adv_example_fmp4/v5/main.mp4' for reading
[hls @ 0x10efcbcd0] Opening 'https://devstreaming-cdn.apple.com/videos/streaming/examples/img_bipbop_adv_example_fmp4/v9/main.mp4' for reading
[hls @ 0x10efcbcd0] Opening 'https://devstreaming-cdn.apple.com/videos/streaming/examples/img_bipbop_adv_example_fmp4/v9/main.mp4' for reading
[hls @ 0x10efcbcd0] Opening 'https://devstreaming-cdn.apple.com/videos/streaming/examples/img_bipbop_adv_example_fmp4/v9/main.mp4' for reading
[hls @ 0x10efcbcd0] Opening 'https://devstreaming-cdn.apple.com/videos/streaming/examples/img_bipbop_adv_example_fmp4/v8/main.mp4' for reading
[hls @ 0x10efcbcd0] Opening 'https://devstreaming-cdn.apple.com/videos/streaming/examples/img_bipbop_adv_example_fmp4/v8/main.mp4' for reading
[hls @ 0x10efcbcd0] Opening 'https://devstreaming-cdn.apple.com/videos/streaming/examples/img_bipbop_adv_example_fmp4/v8/main.mp4' for reading
[hls @ 0x10efcbcd0] Opening 'https://devstreaming-cdn.apple.com/videos/streaming/examples/img_bipbop_adv_example_fmp4/v7/main.mp4' for reading
[hls @ 0x10efcbcd0] Opening 'https://devstreaming-cdn.apple.com/videos/streaming/examples/img_bipbop_adv_example_fmp4/v7/main.mp4' for reading
[hls @ 0x10efcbcd0] Opening 'https://devstreaming-cdn.apple.com/videos/streaming/examples/img_bipbop_adv_example_fmp4/v7/main.mp4' for reading
[hls @ 0x10efcbcd0] Opening 'https://devstreaming-cdn.apple.com/videos/streaming/examples/img_bipbop_adv_example_fmp4/v6/main.mp4' for reading
[hls @ 0x10efcbcd0] Opening 'https://devstreaming-cdn.apple.com/videos/streaming/examples/img_bipbop_adv_example_fmp4/v6/main.mp4' for reading
[hls @ 0x10efcbcd0] Opening 'https://devstreaming-cdn.apple.com/videos/streaming/examples/img_bipbop_adv_example_fmp4/v6/main.mp4' for reading
[hls @ 0x10efcbcd0] Opening 'https://devstreaming-cdn.apple.com/videos/streaming/examples/img_bipbop_adv_example_fmp4/v4/main.mp4' for reading
[hls @ 0x10efcbcd0] Opening 'https://devstreaming-cdn.apple.com/videos/streaming/examples/img_bipbop_adv_example_fmp4/v4/main.mp4' for reading
[hls @ 0x10efcbcd0] Opening 'https://devstreaming-cdn.apple.com/videos/streaming/examples/img_bipbop_adv_example_fmp4/v4/main.mp4' for reading
[hls @ 0x10efcbcd0] Opening 'https://devstreaming-cdn.apple.com/videos/streaming/examples/img_bipbop_adv_example_fmp4/v3/main.mp4' for reading
[hls @ 0x10efcbcd0] Opening 'https://devstreaming-cdn.apple.com/videos/streaming/examples/img_bipbop_adv_example_fmp4/v3/main.mp4' for reading
[hls @ 0x10efcbcd0] Opening 'https://devstreaming-cdn.apple.com/videos/streaming/examples/img_bipbop_adv_example_fmp4/v3/main.mp4' for reading
[hls @ 0x10efcbcd0] Opening 'https://devstreaming-cdn.apple.com/videos/streaming/examples/img_bipbop_adv_example_fmp4/v2/main.mp4' for reading
[hls @ 0x10efcbcd0] Opening 'https://devstreaming-cdn.apple.com/videos/streaming/examples/img_bipbop_adv_example_fmp4/v2/main.mp4' for reading
[hls @ 0x10efcbcd0] Opening 'https://devstreaming-cdn.apple.com/videos/streaming/examples/img_bipbop_adv_example_fmp4/v2/main.mp4' for reading
[hls @ 0x10efcbcd0] Opening 'https://devstreaming-cdn.apple.com/videos/streaming/examples/img_bipbop_adv_example_fmp4/a1/main.mp4' for reading
[hls @ 0x10efcbcd0] Opening 'https://devstreaming-cdn.apple.com/videos/streaming/examples/img_bipbop_adv_example_fmp4/a1/main.mp4' for reading
[hls @ 0x10efcbcd0] Opening 'https://devstreaming-cdn.apple.com/videos/streaming/examples/img_bipbop_adv_example_fmp4/a1/main.mp4' for reading
[hls @ 0x10efcbcd0] Opening 'https://devstreaming-cdn.apple.com/videos/streaming/examples/img_bipbop_adv_example_fmp4/a2/main.mp4' for reading
[hls @ 0x10efcbcd0] Opening 'https://devstreaming-cdn.apple.com/videos/streaming/examples/img_bipbop_adv_example_fmp4/a2/main.mp4' for reading
[hls @ 0x10efcbcd0] Opening 'https://devstreaming-cdn.apple.com/videos/streaming/examples/img_bipbop_adv_example_fmp4/a2/main.mp4' for reading
[hls @ 0x10efcbcd0] Opening 'https://devstreaming-cdn.apple.com/videos/streaming/examples/img_bipbop_adv_example_fmp4/a3/main.mp4' for reading
[hls @ 0x10efcbcd0] Opening 'https://devstreaming-cdn.apple.com/videos/streaming/examples/img_bipbop_adv_example_fmp4/a3/main.mp4' for reading
[hls @ 0x10efcbcd0] Opening 'https://devstreaming-cdn.apple.com/videos/streaming/examples/img_bipbop_adv_example_fmp4/a3/main.mp4' for reading
[hls @ 0x10efcbcd0] Stream #0: not enough frames to estimate rate; consider increasing probesize
[hls @ 0x10efcbcd0] Stream #1: not enough frames to estimate rate; consider increasing probesize
[hls @ 0x10efcbcd0] Stream #2: not enough frames to estimate rate; consider increasing probesize
[hls @ 0x10efcbcd0] Stream #3: not enough frames to estimate rate; consider increasing probesize
[hls @ 0x10efcbcd0] Stream #4: not enough frames to estimate rate; consider increasing probesize
[hls @ 0x10efcbcd0] Stream #5: not enough frames to estimate rate; consider increasing probesize
[hls @ 0x10efcbcd0] Stream #6: not enough frames to estimate rate; consider increasing probesize
[hls @ 0x10efcbcd0] Stream #7: not enough frames to estimate rate; consider increasing probesize
[hls @ 0x10efcbcd0] Stream #8: not enough frames to estimate rate; consider increasing probesize
[hls @ 0x10efcbcd0] Stream #9: not enough frames to estimate rate; consider increasing probesize
[hls @ 0x10efcbcd0] Stream #10: not enough frames to estimate rate; consider increasing probesize
[hls @ 0x10efcbcd0] Stream #11: not enough frames to estimate rate; consider increasing probesize
[hls @ 0x10efcbcd0] Stream #12: not enough frames to estimate rate; consider increasing probesize
[hls @ 0x10efcbcd0] Stream #13: not enough frames to estimate rate; consider increasing probesize
[hls @ 0x10efcbcd0] Stream #14: not enough frames to estimate rate; consider increasing probesize
[hls @ 0x10efcbcd0] Stream #15: not enough frames to estimate rate; consider increasing probesize
[hls @ 0x10efcbcd0] Stream #16: not enough frames to estimate rate; consider increasing probesize
[hls @ 0x10efcbcd0] Stream #17: not enough frames to estimate rate; consider increasing probesize
[hls @ 0x10efcbcd0] Stream #18: not enough frames to estimate rate; consider increasing probesize
[hls @ 0x10efcbcd0] Stream #19: not enough frames to estimate rate; consider increasing probesize
[hls @ 0x10efcbcd0] Stream #20: not enough frames to estimate rate; consider increasing probesize
[hls @ 0x10efcbcd0] Stream #21: not enough frames to estimate rate; consider increasing probesize
[hls @ 0x10efcbcd0] Stream #22: not enough frames to estimate rate; consider increasing probesize
[hls @ 0x10efcbcd0] Stream #23: not enough frames to estimate rate; consider increasing probesize
[hls @ 0x10efcbcd0] Could not find codec parameters for stream 3 (Video: h264 (avc1 / 0x31637661), none, 1920x1080, 750 kb/s): unspecified pixel format
Consider increasing the value for the 'analyzeduration' (1000000) and 'probesize' (131072) options
[hls @ 0x10efcbcd0] Could not find codec parameters for stream 4 (Video: h264 (avc1 / 0x31637661), none, 1280x720, 513 kb/s): unspecified pixel format
Consider increasing the value for the 'analyzeduration' (1000000) and 'probesize' (131072) options
[hls @ 0x10efcbcd0] Could not find codec parameters for stream 5 (Video: h264 (avc1 / 0x31637661), none, 768x432, 185 kb/s): unspecified pixel format
Consider increasing the value for the 'analyzeduration' (1000000) and 'probesize' (131072) options
[hls @ 0x10efcbcd0] Could not find codec parameters for stream 6 (Video: h264 (avc1 / 0x31637661), none, 640x360, 111 kb/s): unspecified pixel format
Consider increasing the value for the 'analyzeduration' (1000000) and 'probesize' (131072) options
[hls @ 0x10efcbcd0] Could not find codec parameters for stream 7 (Video: h264 (avc1 / 0x31637661), none, 480x270, 59 kb/s): unspecified pixel format
Consider increasing the value for the 'analyzeduration' (1000000) and 'probesize' (131072) options
[hls @ 0x10efcbcd0] Could not find codec parameters for stream 8 (Video: h264 (avc1 / 0x31637661), none, 960x540, 335 kb/s): unspecified pixel format
Consider increasing the value for the 'analyzeduration' (1000000) and 'probesize' (131072) options
[hls @ 0x10efcbcd0] Could not find codec parameters for stream 9 (Video: h264 (avc1 / 0x31637661), none, 1920x1080, 1351 kb/s): unspecified pixel format
Consider increasing the value for the 'analyzeduration' (1000000) and 'probesize' (131072) options
[hls @ 0x10efcbcd0] Could not find codec parameters for stream 10 (Video: h264 (avc1 / 0x31637661), none, 1920x1080, 1019 kb/s): unspecified pixel format
Consider increasing the value for the 'analyzeduration' (1000000) and 'probesize' (131072) options
[hls @ 0x10efcbcd0] Could not find codec parameters for stream 11 (Video: h264 (avc1 / 0x31637661), none, 1920x1080, 750 kb/s): unspecified pixel format
Consider increasing the value for the 'analyzeduration' (1000000) and 'probesize' (131072) options
[hls @ 0x10efcbcd0] Could not find codec parameters for stream 12 (Video: h264 (avc1 / 0x31637661), none, 1280x720, 513 kb/s): unspecified pixel format
Consider increasing the value for the 'analyzeduration' (1000000) and 'probesize' (131072) options
[hls @ 0x10efcbcd0] Could not find codec parameters for stream 13 (Video: h264 (avc1 / 0x31637661), none, 768x432, 185 kb/s): unspecified pixel format
Consider increasing the value for the 'analyzeduration' (1000000) and 'probesize' (131072) options
[hls @ 0x10efcbcd0] Could not find codec parameters for stream 14 (Video: h264 (avc1 / 0x31637661), none, 640x360, 111 kb/s): unspecified pixel format
Consider increasing the value for the 'analyzeduration' (1000000) and 'probesize' (131072) options
[hls @ 0x10efcbcd0] Could not find codec parameters for stream 15 (Video: h264 (avc1 / 0x31637661), none, 480x270, 59 kb/s): unspecified pixel format
Consider increasing the value for the 'analyzeduration' (1000000) and 'probesize' (131072) options
[hls @ 0x10efcbcd0] Could not find codec parameters for stream 16 (Video: h264 (avc1 / 0x31637661), none, 960x540, 335 kb/s): unspecified pixel format
Consider increasing the value for the 'analyzeduration' (1000000) and 'probesize' (131072) options
[hls @ 0x10efcbcd0] Could not find codec parameters for stream 17 (Video: h264 (avc1 / 0x31637661), none, 1920x1080, 1351 kb/s): unspecified pixel format
Consider increasing the value for the 'analyzeduration' (1000000) and 'probesize' (131072) options
[hls @ 0x10efcbcd0] Could not find codec parameters for stream 18 (Video: h264 (avc1 / 0x31637661), none, 1920x1080, 1019 kb/s): unspecified pixel format
Consider increasing the value for the 'analyzeduration' (1000000) and 'probesize' (131072) options
[hls @ 0x10efcbcd0] Could not find codec parameters for stream 19 (Video: h264 (avc1 / 0x31637661), none, 1920x1080, 750 kb/s): unspecified pixel format
Consider increasing the value for the 'analyzeduration' (1000000) and 'probesize' (131072) options
[hls @ 0x10efcbcd0] Could not find codec parameters for stream 20 (Video: h264 (avc1 / 0x31637661), none, 1280x720, 513 kb/s): unspecified pixel format
Consider increasing the value for the 'analyzeduration' (1000000) and 'probesize' (131072) options
[hls @ 0x10efcbcd0] Could not find codec parameters for stream 21 (Video: h264 (avc1 / 0x31637661), none, 768x432, 185 kb/s): unspecified pixel format
Consider increasing the value for the 'analyzeduration' (1000000) and 'probesize' (131072) options
[hls @ 0x10efcbcd0] Could not find codec parameters for stream 22 (Video: h264 (avc1 / 0x31637661), none, 640x360, 111 kb/s): unspecified pixel format
Consider increasing the value for the 'analyzeduration' (1000000) and 'probesize' (131072) options
[hls @ 0x10efcbcd0] Could not find codec parameters for stream 23 (Video: h264 (avc1 / 0x31637661), none, 480x270, 59 kb/s): unspecified pixel format
Consider increasing the value for the 'analyzeduration' (1000000) and 'probesize' (131072) options
Input #0, hls, from 'https://devstreaming-cdn.apple.com/videos/streaming/examples/img_bipbop_adv_example_fmp4/master.m3u8':
  Duration: 00:10:00.00, start: 9.977333, bitrate: 0 kb/s
  Program 0 
    Metadata:
      variant_bitrate : 2177116
  Stream #0:0: Video: h264 (High) (avc1 / 0x31637661), yuv420p, 960x540 [SAR 1:1 DAR 16:9], Closed Captions, 335 kb/s, 60 tbr, 60k tbn (default)
    Metadata:
      variant_bitrate : 2177116
      major_brand     : mp42
      minor_version   : 1
      compatible_brands: mp41mp42isomhlsf
      creation_time   : 2016-12-21T21:37:39.000000Z
  Stream #0:24(en): Audio: aac (LC) (mp4a / 0x6134706D), 48000 Hz, stereo, fltp, 60 kb/s (default)
    Metadata:
      major_brand     : mp42
      minor_version   : 1
      compatible_brands: mp41mp42isomhlsf
      creation_time   : 2016-12-21T22:14:57.000000Z
      comment         : English
  Program 1 
    Metadata:
      variant_bitrate : 8001098
  Stream #0:1: Video: h264 (High) (avc1 / 0x31637661), yuv420p, 1920x1080 [SAR 1:1 DAR 16:9], Closed Captions, 1351 kb/s, 60 tbr, 60k tbn (default)
    Metadata:
      variant_bitrate : 8001098
      major_brand     : mp42
      minor_version   : 1
      compatible_brands: mp41mp42isomhlsf
      creation_time   : 2016-12-21T21:37:42.000000Z
  Stream #0:24(en): Audio: aac (LC) (mp4a / 0x6134706D), 48000 Hz, stereo, fltp, 60 kb/s (default)
    Metadata:
      major_brand     : mp42
      minor_version   : 1
      compatible_brands: mp41mp42isomhlsf
      creation_time   : 2016-12-21T22:14:57.000000Z
      comment         : English
  Program 2 
    Metadata:
      variant_bitrate : 6312875
  Stream #0:2: Video: h264 (High) (avc1 / 0x31637661), yuv420p, 1920x1080 [SAR 1:1 DAR 16:9], Closed Captions, 1019 kb/s, 60 tbr, 60k tbn (default)
    Metadata:
      variant_bitrate : 6312875
      major_brand     : mp42
      minor_version   : 1
      compatible_brands: mp41mp42isomhlsf
      creation_time   : 2016-12-21T21:37:48.000000Z
  Stream #0:24(en): Audio: aac (LC) (mp4a / 0x6134706D), 48000 Hz, stereo, fltp, 60 kb/s (default)
    Metadata:
      major_brand     : mp42
      minor_version   : 1
      compatible_brands: mp41mp42isomhlsf
      creation_time   : 2016-12-21T22:14:57.000000Z
      comment         : English
  Program 3 
    Metadata:
      variant_bitrate : 4943747
  Stream #0:3: Video: h264 (avc1 / 0x31637661), none, 1920x1080, 750 kb/s, 30k tbr, 60k tbn (default)
    Metadata:
      variant_bitrate : 4943747
      major_brand     : mp42
      minor_version   : 1
      compatible_brands: mp41mp42isomhlsf
      creation_time   : 2016-12-21T21:37:54.000000Z
  Stream #0:24(en): Audio: aac (LC) (mp4a / 0x6134706D), 48000 Hz, stereo, fltp, 60 kb/s (default)
    Metadata:
      major_brand     : mp42
      minor_version   : 1
      compatible_brands: mp41mp42isomhlsf
      creation_time   : 2016-12-21T22:14:57.000000Z
      comment         : English
  Program 4 
    Metadata:
      variant_bitrate : 3216424
  Stream #0:4: Video: h264 (avc1 / 0x31637661), none, 1280x720, 513 kb/s, 30k tbr, 60k tbn (default)
    Metadata:
      variant_bitrate : 3216424
      major_brand     : mp42
      minor_version   : 1
      compatible_brands: mp41mp42isomhlsf
      creation_time   : 2016-12-21T21:37:59.000000Z
  Stream #0:24(en): Audio: aac (LC) (mp4a / 0x6134706D), 48000 Hz, stereo, fltp, 60 kb/s (default)
    Metadata:
      major_brand     : mp42
      minor_version   : 1
      compatible_brands: mp41mp42isomhlsf
      creation_time   : 2016-12-21T22:14:57.000000Z
      comment         : English
  Program 5 
    Metadata:
      variant_bitrate : 1268994
  Stream #0:5: Video: h264 (avc1 / 0x31637661), none, 768x432, 185 kb/s, 15k tbr, 30k tbn (default)
    Metadata:
      variant_bitrate : 1268994
      major_brand     : mp42
      minor_version   : 1
      compatible_brands: mp41mp42isomhlsf
      creation_time   : 2016-12-21T21:38:03.000000Z
  Stream #0:24(en): Audio: aac (LC) (mp4a / 0x6134706D), 48000 Hz, stereo, fltp, 60 kb/s (default)
    Metadata:
      major_brand     : mp42
      minor_version   : 1
      compatible_brands: mp41mp42isomhlsf
      creation_time   : 2016-12-21T22:14:57.000000Z
      comment         : English
  Program 6 
    Metadata:
      variant_bitrate : 902298
  Stream #0:6: Video: h264 (avc1 / 0x31637661), none, 640x360, 111 kb/s, 15k tbr, 30k tbn (default)
    Metadata:
      variant_bitrate : 902298
      major_brand     : mp42
      minor_version   : 1
      compatible_brands: mp41mp42isomhlsf
      creation_time   : 2016-12-21T21:38:06.000000Z
  Stream #0:24(en): Audio: aac (LC) (mp4a / 0x6134706D), 48000 Hz, stereo, fltp, 60 kb/s (default)
    Metadata:
      major_brand     : mp42
      minor_version   : 1
      compatible_brands: mp41mp42isomhlsf
      creation_time   : 2016-12-21T22:14:57.000000Z
      comment         : English
  Program 7 
    Metadata:
      variant_bitrate : 541052
  Stream #0:7: Video: h264 (avc1 / 0x31637661), none, 480x270, 59 kb/s, 15k tbr, 30k tbn (default)
    Metadata:
      variant_bitrate : 541052
      major_brand     : mp42
      minor_version   : 1
      compatible_brands: mp41mp42isomhlsf
      creation_time   : 2016-12-21T21:38:07.000000Z
  Stream #0:24(en): Audio: aac (LC) (mp4a / 0x6134706D), 48000 Hz, stereo, fltp, 60 kb/s (default)
    Metadata:
      major_brand     : mp42
      minor_version   : 1
      compatible_brands: mp41mp42isomhlsf
      creation_time   : 2016-12-21T22:14:57.000000Z
      comment         : English
  Program 8 
    Metadata:
      variant_bitrate : 2399619
  Stream #0:8: Video: h264 (avc1 / 0x31637661), none, 960x540, 335 kb/s, 30k tbr, 60k tbn (default)
    Metadata:
      variant_bitrate : 2399619
      major_brand     : mp42
      minor_version   : 1
      compatible_brands: mp41mp42isomhlsf
      creation_time   : 2016-12-21T21:37:39.000000Z
  Stream #0:25(en): Audio: ac3 (ac-3 / 0x332D6361), 48000 Hz, 5.1(side), fltp, 384 kb/s (default)
    Metadata:
      major_brand     : mp42
      minor_version   : 1
      compatible_brands: mp41mp42isomhlsf
      creation_time   : 2016-12-21T22:15:46.000000Z
      comment         : English
    Side data:
      audio service type: main
  Program 9 
    Metadata:
      variant_bitrate : 8223601
  Stream #0:9: Video: h264 (avc1 / 0x31637661), none, 1920x1080, 1351 kb/s, 30k tbr, 60k tbn (default)
    Metadata:
      variant_bitrate : 8223601
      major_brand     : mp42
      minor_version   : 1
      compatible_brands: mp41mp42isomhlsf
      creation_time   : 2016-12-21T21:37:42.000000Z
  Stream #0:25(en): Audio: ac3 (ac-3 / 0x332D6361), 48000 Hz, 5.1(side), fltp, 384 kb/s (default)
    Metadata:
      major_brand     : mp42
      minor_version   : 1
      compatible_brands: mp41mp42isomhlsf
      creation_time   : 2016-12-21T22:15:46.000000Z
      comment         : English
    Side data:
      audio service type: main
  Program 10 
    Metadata:
      variant_bitrate : 6535378
  Stream #0:10: Video: h264 (avc1 / 0x31637661), none, 1920x1080, 1019 kb/s, 30k tbr, 60k tbn (default)
    Metadata:
      variant_bitrate : 6535378
      major_brand     : mp42
      minor_version   : 1
      compatible_brands: mp41mp42isomhlsf
      creation_time   : 2016-12-21T21:37:48.000000Z
  Stream #0:25(en): Audio: ac3 (ac-3 / 0x332D6361), 48000 Hz, 5.1(side), fltp, 384 kb/s (default)
    Metadata:
      major_brand     : mp42
      minor_version   : 1
      compatible_brands: mp41mp42isomhlsf
      creation_time   : 2016-12-21T22:15:46.000000Z
      comment         : English
    Side data:
      audio service type: main
  Program 11 
    Metadata:
      variant_bitrate : 5166250
  Stream #0:11: Video: h264 (avc1 / 0x31637661), none, 1920x1080, 750 kb/s, 30k tbr, 60k tbn (default)
    Metadata:
      variant_bitrate : 5166250
      major_brand     : mp42
      minor_version   : 1
      compatible_brands: mp41mp42isomhlsf
      creation_time   : 2016-12-21T21:37:54.000000Z
  Stream #0:25(en): Audio: ac3 (ac-3 / 0x332D6361), 48000 Hz, 5.1(side), fltp, 384 kb/s (default)
    Metadata:
      major_brand     : mp42
      minor_version   : 1
      compatible_brands: mp41mp42isomhlsf
      creation_time   : 2016-12-21T22:15:46.000000Z
      comment         : English
    Side data:
      audio service type: main
  Program 12 
    Metadata:
      variant_bitrate : 3438927
  Stream #0:12: Video: h264 (avc1 / 0x31637661), none, 1280x720, 513 kb/s, 30k tbr, 60k tbn (default)
    Metadata:
      variant_bitrate : 3438927
      major_brand     : mp42
      minor_version   : 1
      compatible_brands: mp41mp42isomhlsf
      creation_time   : 2016-12-21T21:37:59.000000Z
  Stream #0:25(en): Audio: ac3 (ac-3 / 0x332D6361), 48000 Hz, 5.1(side), fltp, 384 kb/s (default)
    Metadata:
      major_brand     : mp42
      minor_version   : 1
      compatible_brands: mp41mp42isomhlsf
      creation_time   : 2016-12-21T22:15:46.000000Z
      comment         : English
    Side data:
      audio service type: main
  Program 13 
    Metadata:
      variant_bitrate : 1491497
  Stream #0:13: Video: h264 (avc1 / 0x31637661), none, 768x432, 185 kb/s, 15k tbr, 30k tbn (default)
    Metadata:
      variant_bitrate : 1491497
      major_brand     : mp42
      minor_version   : 1
      compatible_brands: mp41mp42isomhlsf
      creation_time   : 2016-12-21T21:38:03.000000Z
  Stream #0:25(en): Audio: ac3 (ac-3 / 0x332D6361), 48000 Hz, 5.1(side), fltp, 384 kb/s (default)
    Metadata:
      major_brand     : mp42
      minor_version   : 1
      compatible_brands: mp41mp42isomhlsf
      creation_time   : 2016-12-21T22:15:46.000000Z
      comment         : English
    Side data:
      audio service type: main
  Program 14 
    Metadata:
      variant_bitrate : 1124801
  Stream #0:14: Video: h264 (avc1 / 0x31637661), none, 640x360, 111 kb/s, 15k tbr, 30k tbn (default)
    Metadata:
      variant_bitrate : 1124801
      major_brand     : mp42
      minor_version   : 1
      compatible_brands: mp41mp42isomhlsf
      creation_time   : 2016-12-21T21:38:06.000000Z
  Stream #0:25(en): Audio: ac3 (ac-3 / 0x332D6361), 48000 Hz, 5.1(side), fltp, 384 kb/s (default)
    Metadata:
      major_brand     : mp42
      minor_version   : 1
      compatible_brands: mp41mp42isomhlsf
      creation_time   : 2016-12-21T22:15:46.000000Z
      comment         : English
    Side data:
      audio service type: main
  Program 15 
    Metadata:
      variant_bitrate : 763555
  Stream #0:15: Video: h264 (avc1 / 0x31637661), none, 480x270, 59 kb/s, 15k tbr, 30k tbn (default)
    Metadata:
      variant_bitrate : 763555
      major_brand     : mp42
      minor_version   : 1
      compatible_brands: mp41mp42isomhlsf
      creation_time   : 2016-12-21T21:38:07.000000Z
  Stream #0:25(en): Audio: ac3 (ac-3 / 0x332D6361), 48000 Hz, 5.1(side), fltp, 384 kb/s (default)
    Metadata:
      major_brand     : mp42
      minor_version   : 1
      compatible_brands: mp41mp42isomhlsf
      creation_time   : 2016-12-21T22:15:46.000000Z
      comment         : English
    Side data:
      audio service type: main
  Program 16 
    Metadata:
      variant_bitrate : 2207619
  Stream #0:16: Video: h264 (avc1 / 0x31637661), none, 960x540, 335 kb/s, 30k tbr, 60k tbn (default)
    Metadata:
      variant_bitrate : 2207619
      major_brand     : mp42
      minor_version   : 1
      compatible_brands: mp41mp42isomhlsf
      creation_time   : 2016-12-21T21:37:39.000000Z
  Stream #0:26(en): Audio: eac3 (ec-3 / 0x332D6365), 48000 Hz, 5.1(side), fltp, 192 kb/s (default)
    Metadata:
      major_brand     : mp42
      minor_version   : 1
      compatible_brands: mp41mp42isomhlsf
      creation_time   : 2016-12-21T22:16:17.000000Z
      comment         : English
    Side data:
      audio service type: main
  Program 17 
    Metadata:
      variant_bitrate : 8031601
  Stream #0:17: Video: h264 (avc1 / 0x31637661), none, 1920x1080, 1351 kb/s, 30k tbr, 60k tbn (default)
    Metadata:
      variant_bitrate : 8031601
      major_brand     : mp42
      minor_version   : 1
      compatible_brands: mp41mp42isomhlsf
      creation_time   : 2016-12-21T21:37:42.000000Z
  Stream #0:26(en): Audio: eac3 (ec-3 / 0x332D6365), 48000 Hz, 5.1(side), fltp, 192 kb/s (default)
    Metadata:
      major_brand     : mp42
      minor_version   : 1
      compatible_brands: mp41mp42isomhlsf
      creation_time   : 2016-12-21T22:16:17.000000Z
      comment         : English
    Side data:
      audio service type: main
  Program 18 
    Metadata:
      variant_bitrate : 6343378
  Stream #0:18: Video: h264 (avc1 / 0x31637661), none, 1920x1080, 1019 kb/s, 30k tbr, 60k tbn (default)
    Metadata:
      variant_bitrate : 6343378
      major_brand     : mp42
      minor_version   : 1
      compatible_brands: mp41mp42isomhlsf
      creation_time   : 2016-12-21T21:37:48.000000Z
  Stream #0:26(en): Audio: eac3 (ec-3 / 0x332D6365), 48000 Hz, 5.1(side), fltp, 192 kb/s (default)
    Metadata:
      major_brand     : mp42
      minor_version   : 1
      compatible_brands: mp41mp42isomhlsf
      creation_time   : 2016-12-21T22:16:17.000000Z
      comment         : English
    Side data:
      audio service type: main
  Program 19 
    Metadata:
      variant_bitrate : 4974250
  Stream #0:19: Video: h264 (avc1 / 0x31637661), none, 1920x1080, 750 kb/s, 30k tbr, 60k tbn (default)
    Metadata:
      variant_bitrate : 4974250
      major_brand     : mp42
      minor_version   : 1
      compatible_brands: mp41mp42isomhlsf
      creation_time   : 2016-12-21T21:37:54.000000Z
  Stream #0:26(en): Audio: eac3 (ec-3 / 0x332D6365), 48000 Hz, 5.1(side), fltp, 192 kb/s (default)
    Metadata:
      major_brand     : mp42
      minor_version   : 1
      compatible_brands: mp41mp42isomhlsf
      creation_time   : 2016-12-21T22:16:17.000000Z
      comment         : English
    Side data:
      audio service type: main
  Program 20 
    Metadata:
      variant_bitrate : 3246927
  Stream #0:20: Video: h264 (avc1 / 0x31637661), none, 1280x720, 513 kb/s, 30k tbr, 60k tbn (default)
    Metadata:
      variant_bitrate : 3246927
      major_brand     : mp42
      minor_version   : 1
      compatible_brands: mp41mp42isomhlsf
      creation_time   : 2016-12-21T21:37:59.000000Z
  Stream #0:26(en): Audio: eac3 (ec-3 / 0x332D6365), 48000 Hz, 5.1(side), fltp, 192 kb/s (default)
    Metadata:
      major_brand     : mp42
      minor_version   : 1
      compatible_brands: mp41mp42isomhlsf
      creation_time   : 2016-12-21T22:16:17.000000Z
      comment         : English
    Side data:
      audio service type: main
  Program 21 
    Metadata:
      variant_bitrate : 1299497
  Stream #0:21: Video: h264 (avc1 / 0x31637661), none, 768x432, 185 kb/s, 15k tbr, 30k tbn (default)
    Metadata:
      variant_bitrate : 1299497
      major_brand     : mp42
      minor_version   : 1
      compatible_brands: mp41mp42isomhlsf
      creation_time   : 2016-12-21T21:38:03.000000Z
  Stream #0:26(en): Audio: eac3 (ec-3 / 0x332D6365), 48000 Hz, 5.1(side), fltp, 192 kb/s (default)
    Metadata:
      major_brand     : mp42
      minor_version   : 1
      compatible_brands: mp41mp42isomhlsf
      creation_time   : 2016-12-21T22:16:17.000000Z
      comment         : English
    Side data:
      audio service type: main
  Program 22 
    Metadata:
      variant_bitrate : 932801
  Stream #0:22: Video: h264 (avc1 / 0x31637661), none, 640x360, 111 kb/s, 15k tbr, 30k tbn (default)
    Metadata:
      variant_bitrate : 932801
      major_brand     : mp42
      minor_version   : 1
      compatible_brands: mp41mp42isomhlsf
      creation_time   : 2016-12-21T21:38:06.000000Z
  Stream #0:26(en): Audio: eac3 (ec-3 / 0x332D6365), 48000 Hz, 5.1(side), fltp, 192 kb/s (default)
    Metadata:
      major_brand     : mp42
      minor_version   : 1
      compatible_brands: mp41mp42isomhlsf
      creation_time   : 2016-12-21T22:16:17.000000Z
      comment         : English
    Side data:
      audio service type: main
  Program 23 
    Metadata:
      variant_bitrate : 571555
  Stream #0:23: Video: h264 (avc1 / 0x31637661), none, 480x270, 59 kb/s, 15k tbr, 30k tbn (default)
    Metadata:
      variant_bitrate : 571555
      major_brand     : mp42
      minor_version   : 1
      compatible_brands: mp41mp42isomhlsf
      creation_time   : 2016-12-21T21:38:07.000000Z
  Stream #0:26(en): Audio: eac3 (ec-3 / 0x332D6365), 48000 Hz, 5.1(side), fltp, 192 kb/s (default)
    Metadata:
      major_brand     : mp42
      minor_version   : 1
      compatible_brands: mp41mp42isomhlsf
      creation_time   : 2016-12-21T22:16:17.000000Z
      comment         : English
    Side data:
      audio service type: main
[swscaler @ 0x128be0000] No accelerated colorspace conversion found from yuv420p to bgr24.
[hls @ 0x10bd90f90] Skip ('#EXT-X-VERSION:6')
[hls @ 0x10bd90f90] Skip ('#EXT-X-INDEPENDENT-SEGMENTS')
[hls @ 0x10bd90f90] Skip ('#EXT-X-I-FRAME-STREAM-INF:AVERAGE-BANDWIDTH=183689,BANDWIDTH=187492,CODECS="avc1.64002a",RESOLUTION=1920x1080,URI="v7/iframe_index.m3u8"')
[hls @ 0x10bd90f90] Skip ('#EXT-X-I-FRAME-STREAM-INF:AVERAGE-BANDWIDTH=132672,BANDWIDTH=136398,CODECS="avc1.640020",RESOLUTION=1280x720,URI="v6/iframe_index.m3u8"')
[hls @ 0x10bd90f90] Skip ('#EXT-X-I-FRAME-STREAM-INF:AVERAGE-BANDWIDTH=97767,BANDWIDTH=101378,CODECS="avc1.640020",RESOLUTION=960x540,URI="v5/iframe_index.m3u8"')
[hls @ 0x10bd90f90] Skip ('#EXT-X-I-FRAME-STREAM-INF:AVERAGE-BANDWIDTH=75722,BANDWIDTH=77818,CODECS="avc1.64001e",RESOLUTION=768x432,URI="v4/iframe_index.m3u8"')
[hls @ 0x10bd90f90] Skip ('#EXT-X-I-FRAME-STREAM-INF:AVERAGE-BANDWIDTH=63522,BANDWIDTH=65091,CODECS="avc1.64001e",RESOLUTION=640x360,URI="v3/iframe_index.m3u8"')
[hls @ 0x10bd90f90] Skip ('#EXT-X-I-FRAME-STREAM-INF:AVERAGE-BANDWIDTH=39678,BANDWIDTH=40282,CODECS="avc1.640015",RESOLUTION=480x270,URI="v2/iframe_index.m3u8"')
[hls @ 0x10bd90f90] Can't support the subtitle(uri: s1/en/prog_index.m3u8)
[hls @ 0x10bd90f90] Opening 'https://devstreaming-cdn.apple.com/videos/streaming/examples/img_bipbop_adv_example_fmp4/v5/prog_index.m3u8' for reading
[hls @ 0x10bd90f90] Skip ('#EXT-X-VERSION:7')
[hls @ 0x10bd90f90] Skip ('#EXT-X-INDEPENDENT-SEGMENTS')
[https @ 0x10749fc00] Opening 'https://devstreaming-cdn.apple.com/videos/streaming/examples/img_bipbop_adv_example_fmp4/v9/prog_index.m3u8' for reading
[hls @ 0x10bd90f90] Skip ('#EXT-X-VERSION:7')
[hls @ 0x10bd90f90] Skip ('#EXT-X-INDEPENDENT-SEGMENTS')
[https @ 0x10749fc00] Opening 'https://devstreaming-cdn.apple.com/videos/streaming/examples/img_bipbop_adv_example_fmp4/v8/prog_index.m3u8' for reading
[hls @ 0x10bd90f90] Skip ('#EXT-X-VERSION:7')
[hls @ 0x10bd90f90] Skip ('#EXT-X-INDEPENDENT-SEGMENTS')
[https @ 0x10749fc00] Opening 'https://devstreaming-cdn.apple.com/videos/streaming/examples/img_bipbop_adv_example_fmp4/v7/prog_index.m3u8' for reading
[hls @ 0x10bd90f90] Skip ('#EXT-X-VERSION:7')
[hls @ 0x10bd90f90] Skip ('#EXT-X-INDEPENDENT-SEGMENTS')
[https @ 0x10749fc00] Opening 'https://devstreaming-cdn.apple.com/videos/streaming/examples/img_bipbop_adv_example_fmp4/v6/prog_index.m3u8' for reading
[hls @ 0x10bd90f90] Skip ('#EXT-X-VERSION:7')
[hls @ 0x10bd90f90] Skip ('#EXT-X-INDEPENDENT-SEGMENTS')
[https @ 0x10749fc00] Opening 'https://devstreaming-cdn.apple.com/videos/streaming/examples/img_bipbop_adv_example_fmp4/v4/prog_index.m3u8' for reading
[hls @ 0x10bd90f90] Skip ('#EXT-X-VERSION:7')
[hls @ 0x10bd90f90] Skip ('#EXT-X-INDEPENDENT-SEGMENTS')
[https @ 0x10749fc00] Opening 'https://devstreaming-cdn.apple.com/videos/streaming/examples/img_bipbop_adv_example_fmp4/v3/prog_index.m3u8' for reading
[hls @ 0x10bd90f90] Skip ('#EXT-X-VERSION:7')
[hls @ 0x10bd90f90] Skip ('#EXT-X-INDEPENDENT-SEGMENTS')
[https @ 0x10749fc00] Opening 'https://devstreaming-cdn.apple.com/videos/streaming/examples/img_bipbop_adv_example_fmp4/v2/prog_index.m3u8' for reading
[hls @ 0x10bd90f90] Skip ('#EXT-X-VERSION:7')
[hls @ 0x10bd90f90] Skip ('#EXT-X-INDEPENDENT-SEGMENTS')
[https @ 0x10749fc00] Opening 'https://devstreaming-cdn.apple.com/videos/streaming/examples/img_bipbop_adv_example_fmp4/v5/prog_index.m3u8' for reading
[hls @ 0x10bd90f90] Skip ('#EXT-X-VERSION:7')
[hls @ 0x10bd90f90] Skip ('#EXT-X-INDEPENDENT-SEGMENTS')
[https @ 0x10749fc00] Opening 'https://devstreaming-cdn.apple.com/videos/streaming/examples/img_bipbop_adv_example_fmp4/v9/prog_index.m3u8' for reading
[hls @ 0x10bd90f90] Skip ('#EXT-X-VERSION:7')
[hls @ 0x10bd90f90] Skip ('#EXT-X-INDEPENDENT-SEGMENTS')
[https @ 0x10749fc00] Opening 'https://devstreaming-cdn.apple.com/videos/streaming/examples/img_bipbop_adv_example_fmp4/v8/prog_index.m3u8' for reading
[hls @ 0x10bd90f90] Skip ('#EXT-X-VERSION:7')
[hls @ 0x10bd90f90] Skip ('#EXT-X-INDEPENDENT-SEGMENTS')
[https @ 0x10749fc00] Opening 'https://devstreaming-cdn.apple.com/videos/streaming/examples/img_bipbop_adv_example_fmp4/v7/prog_index.m3u8' for reading
[hls @ 0x10bd90f90] Skip ('#EXT-X-VERSION:7')
[hls @ 0x10bd90f90] Skip ('#EXT-X-INDEPENDENT-SEGMENTS')
[https @ 0x10749fc00] Opening 'https://devstreaming-cdn.apple.com/videos/streaming/examples/img_bipbop_adv_example_fmp4/v6/prog_index.m3u8' for reading
[hls @ 0x10bd90f90] Skip ('#EXT-X-VERSION:7')
[hls @ 0x10bd90f90] Skip ('#EXT-X-INDEPENDENT-SEGMENTS')
[https @ 0x10749fc00] Opening 'https://devstreaming-cdn.apple.com/videos/streaming/examples/img_bipbop_adv_example_fmp4/v4/prog_index.m3u8' for reading
[hls @ 0x10bd90f90] Skip ('#EXT-X-VERSION:7')
[hls @ 0x10bd90f90] Skip ('#EXT-X-INDEPENDENT-SEGMENTS')
[https @ 0x10749fc00] Opening 'https://devstreaming-cdn.apple.com/videos/streaming/examples/img_bipbop_adv_example_fmp4/v3/prog_index.m3u8' for reading
[hls @ 0x10bd90f90] Skip ('#EXT-X-VERSION:7')
[hls @ 0x10bd90f90] Skip ('#EXT-X-INDEPENDENT-SEGMENTS')
[https @ 0x10749fc00] Opening 'https://devstreaming-cdn.apple.com/videos/streaming/examples/img_bipbop_adv_example_fmp4/v2/prog_index.m3u8' for reading
[hls @ 0x10bd90f90] Skip ('#EXT-X-VERSION:7')
[hls @ 0x10bd90f90] Skip ('#EXT-X-INDEPENDENT-SEGMENTS')
[https @ 0x10749fc00] Opening 'https://devstreaming-cdn.apple.com/videos/streaming/examples/img_bipbop_adv_example_fmp4/v5/prog_index.m3u8' for reading
[hls @ 0x10bd90f90] Skip ('#EXT-X-VERSION:7')
[hls @ 0x10bd90f90] Skip ('#EXT-X-INDEPENDENT-SEGMENTS')
[https @ 0x10749fc00] Opening 'https://devstreaming-cdn.apple.com/videos/streaming/examples/img_bipbop_adv_example_fmp4/v9/prog_index.m3u8' for reading
[hls @ 0x10bd90f90] Skip ('#EXT-X-VERSION:7')
[hls @ 0x10bd90f90] Skip ('#EXT-X-INDEPENDENT-SEGMENTS')
[https @ 0x10749fc00] Opening 'https://devstreaming-cdn.apple.com/videos/streaming/examples/img_bipbop_adv_example_fmp4/v8/prog_index.m3u8' for reading
[hls @ 0x10bd90f90] Skip ('#EXT-X-VERSION:7')
[hls @ 0x10bd90f90] Skip ('#EXT-X-INDEPENDENT-SEGMENTS')
[https @ 0x10749fc00] Opening 'https://devstreaming-cdn.apple.com/videos/streaming/examples/img_bipbop_adv_example_fmp4/v7/prog_index.m3u8' for reading
[hls @ 0x10bd90f90] Skip ('#EXT-X-VERSION:7')
[hls @ 0x10bd90f90] Skip ('#EXT-X-INDEPENDENT-SEGMENTS')
[https @ 0x10749fc00] Opening 'https://devstreaming-cdn.apple.com/videos/streaming/examples/img_bipbop_adv_example_fmp4/v6/prog_index.m3u8' for reading
[hls @ 0x10bd90f90] Skip ('#EXT-X-VERSION:7')
[hls @ 0x10bd90f90] Skip ('#EXT-X-INDEPENDENT-SEGMENTS')
[https @ 0x10749fc00] Opening 'https://devstreaming-cdn.apple.com/videos/streaming/examples/img_bipbop_adv_example_fmp4/v4/prog_index.m3u8' for reading
[hls @ 0x10bd90f90] Skip ('#EXT-X-VERSION:7')
[hls @ 0x10bd90f90] Skip ('#EXT-X-INDEPENDENT-SEGMENTS')
[https @ 0x10749fc00] Opening 'https://devstreaming-cdn.apple.com/videos/streaming/examples/img_bipbop_adv_example_fmp4/v3/prog_index.m3u8' for reading
[hls @ 0x10bd90f90] Skip ('#EXT-X-VERSION:7')
[hls @ 0x10bd90f90] Skip ('#EXT-X-INDEPENDENT-SEGMENTS')
[https @ 0x10749fc00] Opening 'https://devstreaming-cdn.apple.com/videos/streaming/examples/img_bipbop_adv_example_fmp4/v2/prog_index.m3u8' for reading
[hls @ 0x10bd90f90] Skip ('#EXT-X-VERSION:7')
[hls @ 0x10bd90f90] Skip ('#EXT-X-INDEPENDENT-SEGMENTS')
[https @ 0x10749fc00] Opening 'https://devstreaming-cdn.apple.com/videos/streaming/examples/img_bipbop_adv_example_fmp4/a1/prog_index.m3u8' for reading
[hls @ 0x10bd90f90] Skip ('#EXT-X-VERSION:7')
[hls @ 0x10bd90f90] Skip ('#EXT-X-INDEPENDENT-SEGMENTS')
[https @ 0x10749fc00] Opening 'https://devstreaming-cdn.apple.com/videos/streaming/examples/img_bipbop_adv_example_fmp4/a2/prog_index.m3u8' for reading
[hls @ 0x10bd90f90] Skip ('#EXT-X-VERSION:7')
[hls @ 0x10bd90f90] Skip ('#EXT-X-INDEPENDENT-SEGMENTS')
[https @ 0x10749fc00] Opening 'https://devstreaming-cdn.apple.com/videos/streaming/examples/img_bipbop_adv_example_fmp4/a3/prog_index.m3u8' for reading
[hls @ 0x10bd90f90] Skip ('#EXT-X-VERSION:7')
[hls @ 0x10bd90f90] Skip ('#EXT-X-INDEPENDENT-SEGMENTS')
[hls @ 0x10bd90f90] Opening 'https://devstreaming-cdn.apple.com/videos/streaming/examples/img_bipbop_adv_example_fmp4/v5/main.mp4' for reading
[hls @ 0x10bd90f90] Opening 'https://devstreaming-cdn.apple.com/videos/streaming/examples/img_bipbop_adv_example_fmp4/v5/main.mp4' for reading
[hls @ 0x10bd90f90] Opening 'https://devstreaming-cdn.apple.com/videos/streaming/examples/img_bipbop_adv_example_fmp4/v5/main.mp4' for reading
[hls @ 0x10bd90f90] Opening 'https://devstreaming-cdn.apple.com/videos/streaming/examples/img_bipbop_adv_example_fmp4/v9/main.mp4' for reading
[hls @ 0x10bd90f90] Opening 'https://devstreaming-cdn.apple.com/videos/streaming/examples/img_bipbop_adv_example_fmp4/v9/main.mp4' for reading
[hls @ 0x10bd90f90] Opening 'https://devstreaming-cdn.apple.com/videos/streaming/examples/img_bipbop_adv_example_fmp4/v9/main.mp4' for reading
[hls @ 0x10bd90f90] Opening 'https://devstreaming-cdn.apple.com/videos/streaming/examples/img_bipbop_adv_example_fmp4/v8/main.mp4' for reading
[hls @ 0x10bd90f90] Opening 'https://devstreaming-cdn.apple.com/videos/streaming/examples/img_bipbop_adv_example_fmp4/v8/main.mp4' for reading
[hls @ 0x10bd90f90] Opening 'https://devstreaming-cdn.apple.com/videos/streaming/examples/img_bipbop_adv_example_fmp4/v8/main.mp4' for reading
[hls @ 0x10bd90f90] Opening 'https://devstreaming-cdn.apple.com/videos/streaming/examples/img_bipbop_adv_example_fmp4/v7/main.mp4' for reading
[hls @ 0x10bd90f90] Opening 'https://devstreaming-cdn.apple.com/videos/streaming/examples/img_bipbop_adv_example_fmp4/v7/main.mp4' for reading
[hls @ 0x10bd90f90] Opening 'https://devstreaming-cdn.apple.com/videos/streaming/examples/img_bipbop_adv_example_fmp4/v7/main.mp4' for reading
[hls @ 0x10bd90f90] Opening 'https://devstreaming-cdn.apple.com/videos/streaming/examples/img_bipbop_adv_example_fmp4/v6/main.mp4' for reading
[hls @ 0x10bd90f90] Opening 'https://devstreaming-cdn.apple.com/videos/streaming/examples/img_bipbop_adv_example_fmp4/v6/main.mp4' for reading
[hls @ 0x10bd90f90] Opening 'https://devstreaming-cdn.apple.com/videos/streaming/examples/img_bipbop_adv_example_fmp4/v6/main.mp4' for reading
[hls @ 0x10bd90f90] Opening 'https://devstreaming-cdn.apple.com/videos/streaming/examples/img_bipbop_adv_example_fmp4/v4/main.mp4' for reading
[hls @ 0x10bd90f90] Opening 'https://devstreaming-cdn.apple.com/videos/streaming/examples/img_bipbop_adv_example_fmp4/v4/main.mp4' for reading
[hls @ 0x10bd90f90] Opening 'https://devstreaming-cdn.apple.com/videos/streaming/examples/img_bipbop_adv_example_fmp4/v4/main.mp4' for reading
[hls @ 0x10bd90f90] Opening 'https://devstreaming-cdn.apple.com/videos/streaming/examples/img_bipbop_adv_example_fmp4/v3/main.mp4' for reading
[hls @ 0x10bd90f90] Opening 'https://devstreaming-cdn.apple.com/videos/streaming/examples/img_bipbop_adv_example_fmp4/v3/main.mp4' for reading
[hls @ 0x10bd90f90] Opening 'https://devstreaming-cdn.apple.com/videos/streaming/examples/img_bipbop_adv_example_fmp4/v3/main.mp4' for reading
[hls @ 0x10bd90f90] Opening 'https://devstreaming-cdn.apple.com/videos/streaming/examples/img_bipbop_adv_example_fmp4/v2/main.mp4' for reading
[hls @ 0x10bd90f90] Opening 'https://devstreaming-cdn.apple.com/videos/streaming/examples/img_bipbop_adv_example_fmp4/v2/main.mp4' for reading
[hls @ 0x10bd90f90] Opening 'https://devstreaming-cdn.apple.com/videos/streaming/examples/img_bipbop_adv_example_fmp4/v2/main.mp4' for reading
[hls @ 0x10bd90f90] Opening 'https://devstreaming-cdn.apple.com/videos/streaming/examples/img_bipbop_adv_example_fmp4/v5/main.mp4' for reading
[hls @ 0x10bd90f90] Opening 'https://devstreaming-cdn.apple.com/videos/streaming/examples/img_bipbop_adv_example_fmp4/v5/main.mp4' for reading
[hls @ 0x10bd90f90] Opening 'https://devstreaming-cdn.apple.com/videos/streaming/examples/img_bipbop_adv_example_fmp4/v5/main.mp4' for reading
[hls @ 0x10bd90f90] Opening 'https://devstreaming-cdn.apple.com/videos/streaming/examples/img_bipbop_adv_example_fmp4/v9/main.mp4' for reading
[hls @ 0x10bd90f90] Opening 'https://devstreaming-cdn.apple.com/videos/streaming/examples/img_bipbop_adv_example_fmp4/v9/main.mp4' for reading
[hls @ 0x10bd90f90] Opening 'https://devstreaming-cdn.apple.com/videos/streaming/examples/img_bipbop_adv_example_fmp4/v9/main.mp4' for reading
[hls @ 0x10bd90f90] Opening 'https://devstreaming-cdn.apple.com/videos/streaming/examples/img_bipbop_adv_example_fmp4/v8/main.mp4' for reading
[hls @ 0x10bd90f90] Opening 'https://devstreaming-cdn.apple.com/videos/streaming/examples/img_bipbop_adv_example_fmp4/v8/main.mp4' for reading
[hls @ 0x10bd90f90] Opening 'https://devstreaming-cdn.apple.com/videos/streaming/examples/img_bipbop_adv_example_fmp4/v8/main.mp4' for reading
[hls @ 0x10bd90f90] Opening 'https://devstreaming-cdn.apple.com/videos/streaming/examples/img_bipbop_adv_example_fmp4/v7/main.mp4' for reading
[hls @ 0x10bd90f90] Opening 'https://devstreaming-cdn.apple.com/videos/streaming/examples/img_bipbop_adv_example_fmp4/v7/main.mp4' for reading
[hls @ 0x10bd90f90] Opening 'https://devstreaming-cdn.apple.com/videos/streaming/examples/img_bipbop_adv_example_fmp4/v7/main.mp4' for reading
[hls @ 0x10bd90f90] Opening 'https://devstreaming-cdn.apple.com/videos/streaming/examples/img_bipbop_adv_example_fmp4/v6/main.mp4' for reading
[hls @ 0x10bd90f90] Opening 'https://devstreaming-cdn.apple.com/videos/streaming/examples/img_bipbop_adv_example_fmp4/v6/main.mp4' for reading
[hls @ 0x10bd90f90] Opening 'https://devstreaming-cdn.apple.com/videos/streaming/examples/img_bipbop_adv_example_fmp4/v6/main.mp4' for reading
[hls @ 0x10bd90f90] Opening 'https://devstreaming-cdn.apple.com/videos/streaming/examples/img_bipbop_adv_example_fmp4/v4/main.mp4' for reading
[hls @ 0x10bd90f90] Opening 'https://devstreaming-cdn.apple.com/videos/streaming/examples/img_bipbop_adv_example_fmp4/v4/main.mp4' for reading
[hls @ 0x10bd90f90] Opening 'https://devstreaming-cdn.apple.com/videos/streaming/examples/img_bipbop_adv_example_fmp4/v4/main.mp4' for reading
[hls @ 0x10bd90f90] Opening 'https://devstreaming-cdn.apple.com/videos/streaming/examples/img_bipbop_adv_example_fmp4/v3/main.mp4' for reading
[hls @ 0x10bd90f90] Opening 'https://devstreaming-cdn.apple.com/videos/streaming/examples/img_bipbop_adv_example_fmp4/v3/main.mp4' for reading
[hls @ 0x10bd90f90] Opening 'https://devstreaming-cdn.apple.com/videos/streaming/examples/img_bipbop_adv_example_fmp4/v3/main.mp4' for reading
[hls @ 0x10bd90f90] Opening 'https://devstreaming-cdn.apple.com/videos/streaming/examples/img_bipbop_adv_example_fmp4/v2/main.mp4' for reading
[hls @ 0x10bd90f90] Opening 'https://devstreaming-cdn.apple.com/videos/streaming/examples/img_bipbop_adv_example_fmp4/v2/main.mp4' for reading
[hls @ 0x10bd90f90] Opening 'https://devstreaming-cdn.apple.com/videos/streaming/examples/img_bipbop_adv_example_fmp4/v2/main.mp4' for reading
[hls @ 0x10bd90f90] Opening 'https://devstreaming-cdn.apple.com/videos/streaming/examples/img_bipbop_adv_example_fmp4/v5/main.mp4' for reading
[hls @ 0x10bd90f90] Opening 'https://devstreaming-cdn.apple.com/videos/streaming/examples/img_bipbop_adv_example_fmp4/v5/main.mp4' for reading
[hls @ 0x10bd90f90] Opening 'https://devstreaming-cdn.apple.com/videos/streaming/examples/img_bipbop_adv_example_fmp4/v5/main.mp4' for reading
[hls @ 0x10bd90f90] Opening 'https://devstreaming-cdn.apple.com/videos/streaming/examples/img_bipbop_adv_example_fmp4/v9/main.mp4' for reading
[hls @ 0x10bd90f90] Opening 'https://devstreaming-cdn.apple.com/videos/streaming/examples/img_bipbop_adv_example_fmp4/v9/main.mp4' for reading
[hls @ 0x10bd90f90] Opening 'https://devstreaming-cdn.apple.com/videos/streaming/examples/img_bipbop_adv_example_fmp4/v9/main.mp4' for reading
[hls @ 0x10bd90f90] Opening 'https://devstreaming-cdn.apple.com/videos/streaming/examples/img_bipbop_adv_example_fmp4/v8/main.mp4' for reading
[hls @ 0x10bd90f90] Opening 'https://devstreaming-cdn.apple.com/videos/streaming/examples/img_bipbop_adv_example_fmp4/v8/main.mp4' for reading
[hls @ 0x10bd90f90] Opening 'https://devstreaming-cdn.apple.com/videos/streaming/examples/img_bipbop_adv_example_fmp4/v8/main.mp4' for reading
[hls @ 0x10bd90f90] Opening 'https://devstreaming-cdn.apple.com/videos/streaming/examples/img_bipbop_adv_example_fmp4/v7/main.mp4' for reading
[hls @ 0x10bd90f90] Opening 'https://devstreaming-cdn.apple.com/videos/streaming/examples/img_bipbop_adv_example_fmp4/v7/main.mp4' for reading
[hls @ 0x10bd90f90] Opening 'https://devstreaming-cdn.apple.com/videos/streaming/examples/img_bipbop_adv_example_fmp4/v7/main.mp4' for reading
[hls @ 0x10bd90f90] Opening 'https://devstreaming-cdn.apple.com/videos/streaming/examples/img_bipbop_adv_example_fmp4/v6/main.mp4' for reading
[hls @ 0x10bd90f90] Opening 'https://devstreaming-cdn.apple.com/videos/streaming/examples/img_bipbop_adv_example_fmp4/v6/main.mp4' for reading
[hls @ 0x10bd90f90] Opening 'https://devstreaming-cdn.apple.com/videos/streaming/examples/img_bipbop_adv_example_fmp4/v6/main.mp4' for reading
[hls @ 0x10bd90f90] Opening 'https://devstreaming-cdn.apple.com/videos/streaming/examples/img_bipbop_adv_example_fmp4/v4/main.mp4' for reading
[hls @ 0x10bd90f90] Opening 'https://devstreaming-cdn.apple.com/videos/streaming/examples/img_bipbop_adv_example_fmp4/v4/main.mp4' for reading
[hls @ 0x10bd90f90] Opening 'https://devstreaming-cdn.apple.com/videos/streaming/examples/img_bipbop_adv_example_fmp4/v4/main.mp4' for reading
[hls @ 0x10bd90f90] Opening 'https://devstreaming-cdn.apple.com/videos/streaming/examples/img_bipbop_adv_example_fmp4/v3/main.mp4' for reading
[hls @ 0x10bd90f90] Opening 'https://devstreaming-cdn.apple.com/videos/streaming/examples/img_bipbop_adv_example_fmp4/v3/main.mp4' for reading
[hls @ 0x10bd90f90] Opening 'https://devstreaming-cdn.apple.com/videos/streaming/examples/img_bipbop_adv_example_fmp4/v3/main.mp4' for reading
[hls @ 0x10bd90f90] Opening 'https://devstreaming-cdn.apple.com/videos/streaming/examples/img_bipbop_adv_example_fmp4/v2/main.mp4' for reading
[hls @ 0x10bd90f90] Opening 'https://devstreaming-cdn.apple.com/videos/streaming/examples/img_bipbop_adv_example_fmp4/v2/main.mp4' for reading
[hls @ 0x10bd90f90] Opening 'https://devstreaming-cdn.apple.com/videos/streaming/examples/img_bipbop_adv_example_fmp4/v2/main.mp4' for reading
[hls @ 0x10bd90f90] Opening 'https://devstreaming-cdn.apple.com/videos/streaming/examples/img_bipbop_adv_example_fmp4/a1/main.mp4' for reading
[hls @ 0x10bd90f90] Opening 'https://devstreaming-cdn.apple.com/videos/streaming/examples/img_bipbop_adv_example_fmp4/a1/main.mp4' for reading
[hls @ 0x10bd90f90] Opening 'https://devstreaming-cdn.apple.com/videos/streaming/examples/img_bipbop_adv_example_fmp4/a1/main.mp4' for reading
[hls @ 0x10bd90f90] Opening 'https://devstreaming-cdn.apple.com/videos/streaming/examples/img_bipbop_adv_example_fmp4/a2/main.mp4' for reading
[hls @ 0x10bd90f90] Opening 'https://devstreaming-cdn.apple.com/videos/streaming/examples/img_bipbop_adv_example_fmp4/a2/main.mp4' for reading
[hls @ 0x10bd90f90] Opening 'https://devstreaming-cdn.apple.com/videos/streaming/examples/img_bipbop_adv_example_fmp4/a2/main.mp4' for reading
[hls @ 0x10bd90f90] Opening 'https://devstreaming-cdn.apple.com/videos/streaming/examples/img_bipbop_adv_example_fmp4/a3/main.mp4' for reading
[hls @ 0x10bd90f90] Opening 'https://devstreaming-cdn.apple.com/videos/streaming/examples/img_bipbop_adv_example_fmp4/a3/main.mp4' for reading
[hls @ 0x10bd90f90] Opening 'https://devstreaming-cdn.apple.com/videos/streaming/examples/img_bipbop_adv_example_fmp4/a3/main.mp4' for reading
[hls @ 0x10bd90f90] Stream #0: not enough frames to estimate rate; consider increasing probesize
[hls @ 0x10bd90f90] Stream #1: not enough frames to estimate rate; consider increasing probesize
[hls @ 0x10bd90f90] Stream #2: not enough frames to estimate rate; consider increasing probesize
[hls @ 0x10bd90f90] Stream #3: not enough frames to estimate rate; consider increasing probesize
[hls @ 0x10bd90f90] Stream #4: not enough frames to estimate rate; consider increasing probesize
[hls @ 0x10bd90f90] Stream #5: not enough frames to estimate rate; consider increasing probesize
[hls @ 0x10bd90f90] Stream #6: not enough frames to estimate rate; consider increasing probesize
[hls @ 0x10bd90f90] Stream #7: not enough frames to estimate rate; consider increasing probesize
[hls @ 0x10bd90f90] Stream #8: not enough frames to estimate rate; consider increasing probesize
[hls @ 0x10bd90f90] Stream #9: not enough frames to estimate rate; consider increasing probesize
[hls @ 0x10bd90f90] Stream #10: not enough frames to estimate rate; consider increasing probesize
[hls @ 0x10bd90f90] Stream #11: not enough frames to estimate rate; consider increasing probesize
[hls @ 0x10bd90f90] Stream #12: not enough frames to estimate rate; consider increasing probesize
[hls @ 0x10bd90f90] Stream #13: not enough frames to estimate rate; consider increasing probesize
[hls @ 0x10bd90f90] Stream #14: not enough frames to estimate rate; consider increasing probesize
[hls @ 0x10bd90f90] Stream #15: not enough frames to estimate rate; consider increasing probesize
[hls @ 0x10bd90f90] Stream #16: not enough frames to estimate rate; consider increasing probesize
[hls @ 0x10bd90f90] Stream #17: not enough frames to estimate rate; consider increasing probesize
[hls @ 0x10bd90f90] Stream #18: not enough frames to estimate rate; consider increasing probesize
[hls @ 0x10bd90f90] Stream #19: not enough frames to estimate rate; consider increasing probesize
[hls @ 0x10bd90f90] Stream #20: not enough frames to estimate rate; consider increasing probesize
[hls @ 0x10bd90f90] Stream #21: not enough frames to estimate rate; consider increasing probesize
[hls @ 0x10bd90f90] Stream #22: not enough frames to estimate rate; consider increasing probesize
[hls @ 0x10bd90f90] Stream #23: not enough frames to estimate rate; consider increasing probesize
[hls @ 0x10bd90f90] Could not find codec parameters for stream 3 (Video: h264 (avc1 / 0x31637661), none, 1920x1080, 750 kb/s): unspecified pixel format
Consider increasing the value for the 'analyzeduration' (1000000) and 'probesize' (131072) options
[hls @ 0x10bd90f90] Could not find codec parameters for stream 4 (Video: h264 (avc1 / 0x31637661), none, 1280x720, 513 kb/s): unspecified pixel format
Consider increasing the value for the 'analyzeduration' (1000000) and 'probesize' (131072) options
[hls @ 0x10bd90f90] Could not find codec parameters for stream 5 (Video: h264 (avc1 / 0x31637661), none, 768x432, 185 kb/s): unspecified pixel format
Consider increasing the value for the 'analyzeduration' (1000000) and 'probesize' (131072) options
[hls @ 0x10bd90f90] Could not find codec parameters for stream 6 (Video: h264 (avc1 / 0x31637661), none, 640x360, 111 kb/s): unspecified pixel format
Consider increasing the value for the 'analyzeduration' (1000000) and 'probesize' (131072) options
[hls @ 0x10bd90f90] Could not find codec parameters for stream 7 (Video: h264 (avc1 / 0x31637661), none, 480x270, 59 kb/s): unspecified pixel format
Consider increasing the value for the 'analyzeduration' (1000000) and 'probesize' (131072) options
[hls @ 0x10bd90f90] Could not find codec parameters for stream 8 (Video: h264 (avc1 / 0x31637661), none, 960x540, 335 kb/s): unspecified pixel format
Consider increasing the value for the 'analyzeduration' (1000000) and 'probesize' (131072) options
[hls @ 0x10bd90f90] Could not find codec parameters for stream 9 (Video: h264 (avc1 / 0x31637661), none, 1920x1080, 1351 kb/s): unspecified pixel format
Consider increasing the value for the 'analyzeduration' (1000000) and 'probesize' (131072) options
[hls @ 0x10bd90f90] Could not find codec parameters for stream 10 (Video: h264 (avc1 / 0x31637661), none, 1920x1080, 1019 kb/s): unspecified pixel format
Consider increasing the value for the 'analyzeduration' (1000000) and 'probesize' (131072) options
[hls @ 0x10bd90f90] Could not find codec parameters for stream 11 (Video: h264 (avc1 / 0x31637661), none, 1920x1080, 750 kb/s): unspecified pixel format
Consider increasing the value for the 'analyzeduration' (1000000) and 'probesize' (131072) options
[hls @ 0x10bd90f90] Could not find codec parameters for stream 12 (Video: h264 (avc1 / 0x31637661), none, 1280x720, 513 kb/s): unspecified pixel format
Consider increasing the value for the 'analyzeduration' (1000000) and 'probesize' (131072) options
[hls @ 0x10bd90f90] Could not find codec parameters for stream 13 (Video: h264 (avc1 / 0x31637661), none, 768x432, 185 kb/s): unspecified pixel format
Consider increasing the value for the 'analyzeduration' (1000000) and 'probesize' (131072) options
[hls @ 0x10bd90f90] Could not find codec parameters for stream 14 (Video: h264 (avc1 / 0x31637661), none, 640x360, 111 kb/s): unspecified pixel format
Consider increasing the value for the 'analyzeduration' (1000000) and 'probesize' (131072) options
[hls @ 0x10bd90f90] Could not find codec parameters for stream 15 (Video: h264 (avc1 / 0x31637661), none, 480x270, 59 kb/s): unspecified pixel format
Consider increasing the value for the 'analyzeduration' (1000000) and 'probesize' (131072) options
[hls @ 0x10bd90f90] Could not find codec parameters for stream 16 (Video: h264 (avc1 / 0x31637661), none, 960x540, 335 kb/s): unspecified pixel format
Consider increasing the value for the 'analyzeduration' (1000000) and 'probesize' (131072) options
[hls @ 0x10bd90f90] Could not find codec parameters for stream 17 (Video: h264 (avc1 / 0x31637661), none, 1920x1080, 1351 kb/s): unspecified pixel format
Consider increasing the value for the 'analyzeduration' (1000000) and 'probesize' (131072) options
[hls @ 0x10bd90f90] Could not find codec parameters for stream 18 (Video: h264 (avc1 / 0x31637661), none, 1920x1080, 1019 kb/s): unspecified pixel format
Consider increasing the value for the 'analyzeduration' (1000000) and 'probesize' (131072) options
[hls @ 0x10bd90f90] Could not find codec parameters for stream 19 (Video: h264 (avc1 / 0x31637661), none, 1920x1080, 750 kb/s): unspecified pixel format
Consider increasing the value for the 'analyzeduration' (1000000) and 'probesize' (131072) options
[hls @ 0x10bd90f90] Could not find codec parameters for stream 20 (Video: h264 (avc1 / 0x31637661), none, 1280x720, 513 kb/s): unspecified pixel format
Consider increasing the value for the 'analyzeduration' (1000000) and 'probesize' (131072) options
[hls @ 0x10bd90f90] Could not find codec parameters for stream 21 (Video: h264 (avc1 / 0x31637661), none, 768x432, 185 kb/s): unspecified pixel format
Consider increasing the value for the 'analyzeduration' (1000000) and 'probesize' (131072) options
[hls @ 0x10bd90f90] Could not find codec parameters for stream 22 (Video: h264 (avc1 / 0x31637661), none, 640x360, 111 kb/s): unspecified pixel format
Consider increasing the value for the 'analyzeduration' (1000000) and 'probesize' (131072) options
[hls @ 0x10bd90f90] Could not find codec parameters for stream 23 (Video: h264 (avc1 / 0x31637661), none, 480x270, 59 kb/s): unspecified pixel format
Consider increasing the value for the 'analyzeduration' (1000000) and 'probesize' (131072) options
Input #0, hls, from 'https://devstreaming-cdn.apple.com/videos/streaming/examples/img_bipbop_adv_example_fmp4/master.m3u8':
  Duration: 00:10:00.00, start: 9.977333, bitrate: 0 kb/s
  Program 0 
    Metadata:
      variant_bitrate : 2177116
  Stream #0:0: Video: h264 (High) (avc1 / 0x31637661), yuv420p, 960x540 [SAR 1:1 DAR 16:9], Closed Captions, 335 kb/s, 60 tbr, 60k tbn (default)
    Metadata:
      variant_bitrate : 2177116
      major_brand     : mp42
      minor_version   : 1
      compatible_brands: mp41mp42isomhlsf
      creation_time   : 2016-12-21T21:37:39.000000Z
  Stream #0:24(en): Audio: aac (LC) (mp4a / 0x6134706D), 48000 Hz, stereo, fltp, 60 kb/s (default)
    Metadata:
      major_brand     : mp42
      minor_version   : 1
      compatible_brands: mp41mp42isomhlsf
      creation_time   : 2016-12-21T22:14:57.000000Z
      comment         : English
  Program 1 
    Metadata:
      variant_bitrate : 8001098
  Stream #0:1: Video: h264 (High) (avc1 / 0x31637661), yuv420p, 1920x1080 [SAR 1:1 DAR 16:9], Closed Captions, 1351 kb/s, 60 tbr, 60k tbn (default)
    Metadata:
      variant_bitrate : 8001098
      major_brand     : mp42
      minor_version   : 1
      compatible_brands: mp41mp42isomhlsf
      creation_time   : 2016-12-21T21:37:42.000000Z
  Stream #0:24(en): Audio: aac (LC) (mp4a / 0x6134706D), 48000 Hz, stereo, fltp, 60 kb/s (default)
    Metadata:
      major_brand     : mp42
      minor_version   : 1
      compatible_brands: mp41mp42isomhlsf
      creation_time   : 2016-12-21T22:14:57.000000Z
      comment         : English
  Program 2 
    Metadata:
      variant_bitrate : 6312875
  Stream #0:2: Video: h264 (High) (avc1 / 0x31637661), yuv420p, 1920x1080 [SAR 1:1 DAR 16:9], Closed Captions, 1019 kb/s, 60 tbr, 60k tbn (default)
    Metadata:
      variant_bitrate : 6312875
      major_brand     : mp42
      minor_version   : 1
      compatible_brands: mp41mp42isomhlsf
      creation_time   : 2016-12-21T21:37:48.000000Z
  Stream #0:24(en): Audio: aac (LC) (mp4a / 0x6134706D), 48000 Hz, stereo, fltp, 60 kb/s (default)
    Metadata:
      major_brand     : mp42
      minor_version   : 1
      compatible_brands: mp41mp42isomhlsf
      creation_time   : 2016-12-21T22:14:57.000000Z
      comment         : English
  Program 3 
    Metadata:
      variant_bitrate : 4943747
  Stream #0:3: Video: h264 (avc1 / 0x31637661), none, 1920x1080, 750 kb/s, 30k tbr, 60k tbn (default)
    Metadata:
      variant_bitrate : 4943747
      major_brand     : mp42
      minor_version   : 1
      compatible_brands: mp41mp42isomhlsf
      creation_time   : 2016-12-21T21:37:54.000000Z
  Stream #0:24(en): Audio: aac (LC) (mp4a / 0x6134706D), 48000 Hz, stereo, fltp, 60 kb/s (default)
    Metadata:
      major_brand     : mp42
      minor_version   : 1
      compatible_brands: mp41mp42isomhlsf
      creation_time   : 2016-12-21T22:14:57.000000Z
      comment         : English
  Program 4 
    Metadata:
      variant_bitrate : 3216424
  Stream #0:4: Video: h264 (avc1 / 0x31637661), none, 1280x720, 513 kb/s, 30k tbr, 60k tbn (default)
    Metadata:
      variant_bitrate : 3216424
      major_brand     : mp42
      minor_version   : 1
      compatible_brands: mp41mp42isomhlsf
      creation_time   : 2016-12-21T21:37:59.000000Z
  Stream #0:24(en): Audio: aac (LC) (mp4a / 0x6134706D), 48000 Hz, stereo, fltp, 60 kb/s (default)
    Metadata:
      major_brand     : mp42
      minor_version   : 1
      compatible_brands: mp41mp42isomhlsf
      creation_time   : 2016-12-21T22:14:57.000000Z
      comment         : English
  Program 5 
    Metadata:
      variant_bitrate : 1268994
  Stream #0:5: Video: h264 (avc1 / 0x31637661), none, 768x432, 185 kb/s, 15k tbr, 30k tbn (default)
    Metadata:
      variant_bitrate : 1268994
      major_brand     : mp42
      minor_version   : 1
      compatible_brands: mp41mp42isomhlsf
      creation_time   : 2016-12-21T21:38:03.000000Z
  Stream #0:24(en): Audio: aac (LC) (mp4a / 0x6134706D), 48000 Hz, stereo, fltp, 60 kb/s (default)
    Metadata:
      major_brand     : mp42
      minor_version   : 1
      compatible_brands: mp41mp42isomhlsf
      creation_time   : 2016-12-21T22:14:57.000000Z
      comment         : English
  Program 6 
    Metadata:
      variant_bitrate : 902298
  Stream #0:6: Video: h264 (avc1 / 0x31637661), none, 640x360, 111 kb/s, 15k tbr, 30k tbn (default)
    Metadata:
      variant_bitrate : 902298
      major_brand     : mp42
      minor_version   : 1
      compatible_brands: mp41mp42isomhlsf
      creation_time   : 2016-12-21T21:38:06.000000Z
  Stream #0:24(en): Audio: aac (LC) (mp4a / 0x6134706D), 48000 Hz, stereo, fltp, 60 kb/s (default)
    Metadata:
      major_brand     : mp42
      minor_version   : 1
      compatible_brands: mp41mp42isomhlsf
      creation_time   : 2016-12-21T22:14:57.000000Z
      comment         : English
  Program 7 
    Metadata:
      variant_bitrate : 541052
  Stream #0:7: Video: h264 (avc1 / 0x31637661), none, 480x270, 59 kb/s, 15k tbr, 30k tbn (default)
    Metadata:
      variant_bitrate : 541052
      major_brand     : mp42
      minor_version   : 1
      compatible_brands: mp41mp42isomhlsf
      creation_time   : 2016-12-21T21:38:07.000000Z
  Stream #0:24(en): Audio: aac (LC) (mp4a / 0x6134706D), 48000 Hz, stereo, fltp, 60 kb/s (default)
    Metadata:
      major_brand     : mp42
      minor_version   : 1
      compatible_brands: mp41mp42isomhlsf
      creation_time   : 2016-12-21T22:14:57.000000Z
      comment         : English
  Program 8 
    Metadata:
      variant_bitrate : 2399619
  Stream #0:8: Video: h264 (avc1 / 0x31637661), none, 960x540, 335 kb/s, 30k tbr, 60k tbn (default)
    Metadata:
      variant_bitrate : 2399619
      major_brand     : mp42
      minor_version   : 1
      compatible_brands: mp41mp42isomhlsf
      creation_time   : 2016-12-21T21:37:39.000000Z
  Stream #0:25(en): Audio: ac3 (ac-3 / 0x332D6361), 48000 Hz, 5.1(side), fltp, 384 kb/s (default)
    Metadata:
      major_brand     : mp42
      minor_version   : 1
      compatible_brands: mp41mp42isomhlsf
      creation_time   : 2016-12-21T22:15:46.000000Z
      comment         : English
    Side data:
      audio service type: main
  Program 9 
    Metadata:
      variant_bitrate : 8223601
  Stream #0:9: Video: h264 (avc1 / 0x31637661), none, 1920x1080, 1351 kb/s, 30k tbr, 60k tbn (default)
    Metadata:
      variant_bitrate : 8223601
      major_brand     : mp42
      minor_version   : 1
      compatible_brands: mp41mp42isomhlsf
      creation_time   : 2016-12-21T21:37:42.000000Z
  Stream #0:25(en): Audio: ac3 (ac-3 / 0x332D6361), 48000 Hz, 5.1(side), fltp, 384 kb/s (default)
    Metadata:
      major_brand     : mp42
      minor_version   : 1
      compatible_brands: mp41mp42isomhlsf
      creation_time   : 2016-12-21T22:15:46.000000Z
      comment         : English
    Side data:
      audio service type: main
  Program 10 
    Metadata:
      variant_bitrate : 6535378
  Stream #0:10: Video: h264 (avc1 / 0x31637661), none, 1920x1080, 1019 kb/s, 30k tbr, 60k tbn (default)
    Metadata:
      variant_bitrate : 6535378
      major_brand     : mp42
      minor_version   : 1
      compatible_brands: mp41mp42isomhlsf
      creation_time   : 2016-12-21T21:37:48.000000Z
  Stream #0:25(en): Audio: ac3 (ac-3 / 0x332D6361), 48000 Hz, 5.1(side), fltp, 384 kb/s (default)
    Metadata:
      major_brand     : mp42
      minor_version   : 1
      compatible_brands: mp41mp42isomhlsf
      creation_time   : 2016-12-21T22:15:46.000000Z
      comment         : English
    Side data:
      audio service type: main
  Program 11 
    Metadata:
      variant_bitrate : 5166250
  Stream #0:11: Video: h264 (avc1 / 0x31637661), none, 1920x1080, 750 kb/s, 30k tbr, 60k tbn (default)
    Metadata:
      variant_bitrate : 5166250
      major_brand     : mp42
      minor_version   : 1
      compatible_brands: mp41mp42isomhlsf
      creation_time   : 2016-12-21T21:37:54.000000Z
  Stream #0:25(en): Audio: ac3 (ac-3 / 0x332D6361), 48000 Hz, 5.1(side), fltp, 384 kb/s (default)
    Metadata:
      major_brand     : mp42
      minor_version   : 1
      compatible_brands: mp41mp42isomhlsf
      creation_time   : 2016-12-21T22:15:46.000000Z
      comment         : English
    Side data:
      audio service type: main
  Program 12 
    Metadata:
      variant_bitrate : 3438927
  Stream #0:12: Video: h264 (avc1 / 0x31637661), none, 1280x720, 513 kb/s, 30k tbr, 60k tbn (default)
    Metadata:
      variant_bitrate : 3438927
      major_brand     : mp42
      minor_version   : 1
      compatible_brands: mp41mp42isomhlsf
      creation_time   : 2016-12-21T21:37:59.000000Z
  Stream #0:25(en): Audio: ac3 (ac-3 / 0x332D6361), 48000 Hz, 5.1(side), fltp, 384 kb/s (default)
    Metadata:
      major_brand     : mp42
      minor_version   : 1
      compatible_brands: mp41mp42isomhlsf
      creation_time   : 2016-12-21T22:15:46.000000Z
      comment         : English
    Side data:
      audio service type: main
  Program 13 
    Metadata:
      variant_bitrate : 1491497
  Stream #0:13: Video: h264 (avc1 / 0x31637661), none, 768x432, 185 kb/s, 15k tbr, 30k tbn (default)
    Metadata:
      variant_bitrate : 1491497
      major_brand     : mp42
      minor_version   : 1
      compatible_brands: mp41mp42isomhlsf
      creation_time   : 2016-12-21T21:38:03.000000Z
  Stream #0:25(en): Audio: ac3 (ac-3 / 0x332D6361), 48000 Hz, 5.1(side), fltp, 384 kb/s (default)
    Metadata:
      major_brand     : mp42
      minor_version   : 1
      compatible_brands: mp41mp42isomhlsf
      creation_time   : 2016-12-21T22:15:46.000000Z
      comment         : English
    Side data:
      audio service type: main
  Program 14 
    Metadata:
      variant_bitrate : 1124801
  Stream #0:14: Video: h264 (avc1 / 0x31637661), none, 640x360, 111 kb/s, 15k tbr, 30k tbn (default)
    Metadata:
      variant_bitrate : 1124801
      major_brand     : mp42
      minor_version   : 1
      compatible_brands: mp41mp42isomhlsf
      creation_time   : 2016-12-21T21:38:06.000000Z
  Stream #0:25(en): Audio: ac3 (ac-3 / 0x332D6361), 48000 Hz, 5.1(side), fltp, 384 kb/s (default)
    Metadata:
      major_brand     : mp42
      minor_version   : 1
      compatible_brands: mp41mp42isomhlsf
      creation_time   : 2016-12-21T22:15:46.000000Z
      comment         : English
    Side data:
      audio service type: main
  Program 15 
    Metadata:
      variant_bitrate : 763555
  Stream #0:15: Video: h264 (avc1 / 0x31637661), none, 480x270, 59 kb/s, 15k tbr, 30k tbn (default)
    Metadata:
      variant_bitrate : 763555
      major_brand     : mp42
      minor_version   : 1
      compatible_brands: mp41mp42isomhlsf
      creation_time   : 2016-12-21T21:38:07.000000Z
  Stream #0:25(en): Audio: ac3 (ac-3 / 0x332D6361), 48000 Hz, 5.1(side), fltp, 384 kb/s (default)
    Metadata:
      major_brand     : mp42
      minor_version   : 1
      compatible_brands: mp41mp42isomhlsf
      creation_time   : 2016-12-21T22:15:46.000000Z
      comment         : English
    Side data:
      audio service type: main
  Program 16 
    Metadata:
      variant_bitrate : 2207619
  Stream #0:16: Video: h264 (avc1 / 0x31637661), none, 960x540, 335 kb/s, 30k tbr, 60k tbn (default)
    Metadata:
      variant_bitrate : 2207619
      major_brand     : mp42
      minor_version   : 1
      compatible_brands: mp41mp42isomhlsf
      creation_time   : 2016-12-21T21:37:39.000000Z
  Stream #0:26(en): Audio: eac3 (ec-3 / 0x332D6365), 48000 Hz, 5.1(side), fltp, 192 kb/s (default)
    Metadata:
      major_brand     : mp42
      minor_version   : 1
      compatible_brands: mp41mp42isomhlsf
      creation_time   : 2016-12-21T22:16:17.000000Z
      comment         : English
    Side data:
      audio service type: main
  Program 17 
    Metadata:
      variant_bitrate : 8031601
  Stream #0:17: Video: h264 (avc1 / 0x31637661), none, 1920x1080, 1351 kb/s, 30k tbr, 60k tbn (default)
    Metadata:
      variant_bitrate : 8031601
      major_brand     : mp42
      minor_version   : 1
      compatible_brands: mp41mp42isomhlsf
      creation_time   : 2016-12-21T21:37:42.000000Z
  Stream #0:26(en): Audio: eac3 (ec-3 / 0x332D6365), 48000 Hz, 5.1(side), fltp, 192 kb/s (default)
    Metadata:
      major_brand     : mp42
      minor_version   : 1
      compatible_brands: mp41mp42isomhlsf
      creation_time   : 2016-12-21T22:16:17.000000Z
      comment         : English
    Side data:
      audio service type: main
  Program 18 
    Metadata:
      variant_bitrate : 6343378
  Stream #0:18: Video: h264 (avc1 / 0x31637661), none, 1920x1080, 1019 kb/s, 30k tbr, 60k tbn (default)
    Metadata:
      variant_bitrate : 6343378
      major_brand     : mp42
      minor_version   : 1
      compatible_brands: mp41mp42isomhlsf
      creation_time   : 2016-12-21T21:37:48.000000Z
  Stream #0:26(en): Audio: eac3 (ec-3 / 0x332D6365), 48000 Hz, 5.1(side), fltp, 192 kb/s (default)
    Metadata:
      major_brand     : mp42
      minor_version   : 1
      compatible_brands: mp41mp42isomhlsf
      creation_time   : 2016-12-21T22:16:17.000000Z
      comment         : English
    Side data:
      audio service type: main
  Program 19 
    Metadata:
      variant_bitrate : 4974250
  Stream #0:19: Video: h264 (avc1 / 0x31637661), none, 1920x1080, 750 kb/s, 30k tbr, 60k tbn (default)
    Metadata:
      variant_bitrate : 4974250
      major_brand     : mp42
      minor_version   : 1
      compatible_brands: mp41mp42isomhlsf
      creation_time   : 2016-12-21T21:37:54.000000Z
  Stream #0:26(en): Audio: eac3 (ec-3 / 0x332D6365), 48000 Hz, 5.1(side), fltp, 192 kb/s (default)
    Metadata:
      major_brand     : mp42
      minor_version   : 1
      compatible_brands: mp41mp42isomhlsf
      creation_time   : 2016-12-21T22:16:17.000000Z
      comment         : English
    Side data:
      audio service type: main
  Program 20 
    Metadata:
      variant_bitrate : 3246927
  Stream #0:20: Video: h264 (avc1 / 0x31637661), none, 1280x720, 513 kb/s, 30k tbr, 60k tbn (default)
    Metadata:
      variant_bitrate : 3246927
      major_brand     : mp42
      minor_version   : 1
      compatible_brands: mp41mp42isomhlsf
      creation_time   : 2016-12-21T21:37:59.000000Z
  Stream #0:26(en): Audio: eac3 (ec-3 / 0x332D6365), 48000 Hz, 5.1(side), fltp, 192 kb/s (default)
    Metadata:
      major_brand     : mp42
      minor_version   : 1
      compatible_brands: mp41mp42isomhlsf
      creation_time   : 2016-12-21T22:16:17.000000Z
      comment         : English
    Side data:
      audio service type: main
  Program 21 
    Metadata:
      variant_bitrate : 1299497
  Stream #0:21: Video: h264 (avc1 / 0x31637661), none, 768x432, 185 kb/s, 15k tbr, 30k tbn (default)
    Metadata:
      variant_bitrate : 1299497
      major_brand     : mp42
      minor_version   : 1
      compatible_brands: mp41mp42isomhlsf
      creation_time   : 2016-12-21T21:38:03.000000Z
  Stream #0:26(en): Audio: eac3 (ec-3 / 0x332D6365), 48000 Hz, 5.1(side), fltp, 192 kb/s (default)
    Metadata:
      major_brand     : mp42
      minor_version   : 1
      compatible_brands: mp41mp42isomhlsf
      creation_time   : 2016-12-21T22:16:17.000000Z
      comment         : English
    Side data:
      audio service type: main
  Program 22 
    Metadata:
      variant_bitrate : 932801
  Stream #0:22: Video: h264 (avc1 / 0x31637661), none, 640x360, 111 kb/s, 15k tbr, 30k tbn (default)
    Metadata:
      variant_bitrate : 932801
      major_brand     : mp42
      minor_version   : 1
      compatible_brands: mp41mp42isomhlsf
      creation_time   : 2016-12-21T21:38:06.000000Z
  Stream #0:26(en): Audio: eac3 (ec-3 / 0x332D6365), 48000 Hz, 5.1(side), fltp, 192 kb/s (default)
    Metadata:
      major_brand     : mp42
      minor_version   : 1
      compatible_brands: mp41mp42isomhlsf
      creation_time   : 2016-12-21T22:16:17.000000Z
      comment         : English
    Side data:
      audio service type: main
  Program 23 
    Metadata:
      variant_bitrate : 571555
  Stream #0:23: Video: h264 (avc1 / 0x31637661), none, 480x270, 59 kb/s, 15k tbr, 30k tbn (default)
    Metadata:
      variant_bitrate : 571555
      major_brand     : mp42
      minor_version   : 1
      compatible_brands: mp41mp42isomhlsf
      creation_time   : 2016-12-21T21:38:07.000000Z
  Stream #0:26(en): Audio: eac3 (ec-3 / 0x332D6365), 48000 Hz, 5.1(side), fltp, 192 kb/s (default)
    Metadata:
      major_brand     : mp42
      minor_version   : 1
      compatible_brands: mp41mp42isomhlsf
      creation_time   : 2016-12-21T22:16:17.000000Z
      comment         : English
    Side data:
      audio service type: main
[swscaler @ 0x160058000] No accelerated colorspace conversion found from yuv420p to bgr24.
[hls @ 0x10fcbe2c0] Skip ('#EXT-X-VERSION:6')
[hls @ 0x10fcbe2c0] Skip ('#EXT-X-INDEPENDENT-SEGMENTS')
[hls @ 0x10fcbe2c0] Skip ('#EXT-X-I-FRAME-STREAM-INF:AVERAGE-BANDWIDTH=183689,BANDWIDTH=187492,CODECS="avc1.64002a",RESOLUTION=1920x1080,URI="v7/iframe_index.m3u8"')
[hls @ 0x10fcbe2c0] Skip ('#EXT-X-I-FRAME-STREAM-INF:AVERAGE-BANDWIDTH=132672,BANDWIDTH=136398,CODECS="avc1.640020",RESOLUTION=1280x720,URI="v6/iframe_index.m3u8"')
[hls @ 0x10fcbe2c0] Skip ('#EXT-X-I-FRAME-STREAM-INF:AVERAGE-BANDWIDTH=97767,BANDWIDTH=101378,CODECS="avc1.640020",RESOLUTION=960x540,URI="v5/iframe_index.m3u8"')
[hls @ 0x10fcbe2c0] Skip ('#EXT-X-I-FRAME-STREAM-INF:AVERAGE-BANDWIDTH=75722,BANDWIDTH=77818,CODECS="avc1.64001e",RESOLUTION=768x432,URI="v4/iframe_index.m3u8"')
[hls @ 0x10fcbe2c0] Skip ('#EXT-X-I-FRAME-STREAM-INF:AVERAGE-BANDWIDTH=63522,BANDWIDTH=65091,CODECS="avc1.64001e",RESOLUTION=640x360,URI="v3/iframe_index.m3u8"')
[hls @ 0x10fcbe2c0] Skip ('#EXT-X-I-FRAME-STREAM-INF:AVERAGE-BANDWIDTH=39678,BANDWIDTH=40282,CODECS="avc1.640015",RESOLUTION=480x270,URI="v2/iframe_index.m3u8"')
[hls @ 0x10fcbe2c0] Can't support the subtitle(uri: s1/en/prog_index.m3u8)
[hls @ 0x10fcbe2c0] Opening 'https://devstreaming-cdn.apple.com/videos/streaming/examples/img_bipbop_adv_example_fmp4/v5/prog_index.m3u8' for reading
[hls @ 0x10fcbe2c0] Skip ('#EXT-X-VERSION:7')
[hls @ 0x10fcbe2c0] Skip ('#EXT-X-INDEPENDENT-SEGMENTS')
[https @ 0x11d0e4c00] Opening 'https://devstreaming-cdn.apple.com/videos/streaming/examples/img_bipbop_adv_example_fmp4/v9/prog_index.m3u8' for reading
[hls @ 0x10fcbe2c0] Skip ('#EXT-X-VERSION:7')
[hls @ 0x10fcbe2c0] Skip ('#EXT-X-INDEPENDENT-SEGMENTS')
[https @ 0x11d0e4c00] Opening 'https://devstreaming-cdn.apple.com/videos/streaming/examples/img_bipbop_adv_example_fmp4/v8/prog_index.m3u8' for reading
[hls @ 0x10fcbe2c0] Skip ('#EXT-X-VERSION:7')
[hls @ 0x10fcbe2c0] Skip ('#EXT-X-INDEPENDENT-SEGMENTS')
[https @ 0x11d0e4c00] Opening 'https://devstreaming-cdn.apple.com/videos/streaming/examples/img_bipbop_adv_example_fmp4/v7/prog_index.m3u8' for reading
[hls @ 0x10fcbe2c0] Skip ('#EXT-X-VERSION:7')
[hls @ 0x10fcbe2c0] Skip ('#EXT-X-INDEPENDENT-SEGMENTS')
[https @ 0x11d0e4c00] Opening 'https://devstreaming-cdn.apple.com/videos/streaming/examples/img_bipbop_adv_example_fmp4/v6/prog_index.m3u8' for reading
[hls @ 0x10fcbe2c0] Skip ('#EXT-X-VERSION:7')
[hls @ 0x10fcbe2c0] Skip ('#EXT-X-INDEPENDENT-SEGMENTS')
[https @ 0x11d0e4c00] Opening 'https://devstreaming-cdn.apple.com/videos/streaming/examples/img_bipbop_adv_example_fmp4/v4/prog_index.m3u8' for reading
[hls @ 0x10fcbe2c0] Skip ('#EXT-X-VERSION:7')
[hls @ 0x10fcbe2c0] Skip ('#EXT-X-INDEPENDENT-SEGMENTS')
[https @ 0x11d0e4c00] Opening 'https://devstreaming-cdn.apple.com/videos/streaming/examples/img_bipbop_adv_example_fmp4/v3/prog_index.m3u8' for reading
[hls @ 0x10fcbe2c0] Skip ('#EXT-X-VERSION:7')
[hls @ 0x10fcbe2c0] Skip ('#EXT-X-INDEPENDENT-SEGMENTS')
[https @ 0x11d0e4c00] Opening 'https://devstreaming-cdn.apple.com/videos/streaming/examples/img_bipbop_adv_example_fmp4/v2/prog_index.m3u8' for reading
[hls @ 0x10fcbe2c0] Skip ('#EXT-X-VERSION:7')
[hls @ 0x10fcbe2c0] Skip ('#EXT-X-INDEPENDENT-SEGMENTS')
[https @ 0x11d0e4c00] Opening 'https://devstreaming-cdn.apple.com/videos/streaming/examples/img_bipbop_adv_example_fmp4/v5/prog_index.m3u8' for reading
[hls @ 0x10fcbe2c0] Skip ('#EXT-X-VERSION:7')
[hls @ 0x10fcbe2c0] Skip ('#EXT-X-INDEPENDENT-SEGMENTS')
[https @ 0x11d0e4c00] Opening 'https://devstreaming-cdn.apple.com/videos/streaming/examples/img_bipbop_adv_example_fmp4/v9/prog_index.m3u8' for reading
[hls @ 0x10fcbe2c0] Skip ('#EXT-X-VERSION:7')
[hls @ 0x10fcbe2c0] Skip ('#EXT-X-INDEPENDENT-SEGMENTS')
[https @ 0x11d0e4c00] Opening 'https://devstreaming-cdn.apple.com/videos/streaming/examples/img_bipbop_adv_example_fmp4/v8/prog_index.m3u8' for reading
[hls @ 0x10fcbe2c0] Skip ('#EXT-X-VERSION:7')
[hls @ 0x10fcbe2c0] Skip ('#EXT-X-INDEPENDENT-SEGMENTS')
[https @ 0x11d0e4c00] Opening 'https://devstreaming-cdn.apple.com/videos/streaming/examples/img_bipbop_adv_example_fmp4/v7/prog_index.m3u8' for reading
[hls @ 0x10fcbe2c0] Skip ('#EXT-X-VERSION:7')
[hls @ 0x10fcbe2c0] Skip ('#EXT-X-INDEPENDENT-SEGMENTS')
[https @ 0x11d0e4c00] Opening 'https://devstreaming-cdn.apple.com/videos/streaming/examples/img_bipbop_adv_example_fmp4/v6/prog_index.m3u8' for reading
[hls @ 0x10fcbe2c0] Skip ('#EXT-X-VERSION:7')
[hls @ 0x10fcbe2c0] Skip ('#EXT-X-INDEPENDENT-SEGMENTS')
[https @ 0x11d0e4c00] Opening 'https://devstreaming-cdn.apple.com/videos/streaming/examples/img_bipbop_adv_example_fmp4/v4/prog_index.m3u8' for reading
[hls @ 0x10fcbe2c0] Skip ('#EXT-X-VERSION:7')
[hls @ 0x10fcbe2c0] Skip ('#EXT-X-INDEPENDENT-SEGMENTS')
[https @ 0x11d0e4c00] Opening 'https://devstreaming-cdn.apple.com/videos/streaming/examples/img_bipbop_adv_example_fmp4/v3/prog_index.m3u8' for reading
[hls @ 0x10fcbe2c0] Skip ('#EXT-X-VERSION:7')
[hls @ 0x10fcbe2c0] Skip ('#EXT-X-INDEPENDENT-SEGMENTS')
[https @ 0x11d0e4c00] Opening 'https://devstreaming-cdn.apple.com/videos/streaming/examples/img_bipbop_adv_example_fmp4/v2/prog_index.m3u8' for reading
[hls @ 0x10fcbe2c0] Skip ('#EXT-X-VERSION:7')
[hls @ 0x10fcbe2c0] Skip ('#EXT-X-INDEPENDENT-SEGMENTS')
[https @ 0x11d0e4c00] Opening 'https://devstreaming-cdn.apple.com/videos/streaming/examples/img_bipbop_adv_example_fmp4/v5/prog_index.m3u8' for reading
[hls @ 0x10fcbe2c0] Skip ('#EXT-X-VERSION:7')
[hls @ 0x10fcbe2c0] Skip ('#EXT-X-INDEPENDENT-SEGMENTS')
[https @ 0x11d0e4c00] Opening 'https://devstreaming-cdn.apple.com/videos/streaming/examples/img_bipbop_adv_example_fmp4/v9/prog_index.m3u8' for reading
[hls @ 0x10fcbe2c0] Skip ('#EXT-X-VERSION:7')
[hls @ 0x10fcbe2c0] Skip ('#EXT-X-INDEPENDENT-SEGMENTS')
[https @ 0x11d0e4c00] Opening 'https://devstreaming-cdn.apple.com/videos/streaming/examples/img_bipbop_adv_example_fmp4/v8/prog_index.m3u8' for reading
[hls @ 0x10fcbe2c0] Skip ('#EXT-X-VERSION:7')
[hls @ 0x10fcbe2c0] Skip ('#EXT-X-INDEPENDENT-SEGMENTS')
[https @ 0x11d0e4c00] Opening 'https://devstreaming-cdn.apple.com/videos/streaming/examples/img_bipbop_adv_example_fmp4/v7/prog_index.m3u8' for reading
[hls @ 0x10fcbe2c0] Skip ('#EXT-X-VERSION:7')
[hls @ 0x10fcbe2c0] Skip ('#EXT-X-INDEPENDENT-SEGMENTS')
[https @ 0x11d0e4c00] Opening 'https://devstreaming-cdn.apple.com/videos/streaming/examples/img_bipbop_adv_example_fmp4/v6/prog_index.m3u8' for reading
[hls @ 0x10fcbe2c0] Skip ('#EXT-X-VERSION:7')
[hls @ 0x10fcbe2c0] Skip ('#EXT-X-INDEPENDENT-SEGMENTS')
[https @ 0x11d0e4c00] Opening 'https://devstreaming-cdn.apple.com/videos/streaming/examples/img_bipbop_adv_example_fmp4/v4/prog_index.m3u8' for reading
[hls @ 0x10fcbe2c0] Skip ('#EXT-X-VERSION:7')
[hls @ 0x10fcbe2c0] Skip ('#EXT-X-INDEPENDENT-SEGMENTS')
[https @ 0x11d0e4c00] Opening 'https://devstreaming-cdn.apple.com/videos/streaming/examples/img_bipbop_adv_example_fmp4/v3/prog_index.m3u8' for reading
[hls @ 0x10fcbe2c0] Skip ('#EXT-X-VERSION:7')
[hls @ 0x10fcbe2c0] Skip ('#EXT-X-INDEPENDENT-SEGMENTS')
[https @ 0x11d0e4c00] Opening 'https://devstreaming-cdn.apple.com/videos/streaming/examples/img_bipbop_adv_example_fmp4/v2/prog_index.m3u8' for reading
[hls @ 0x10fcbe2c0] Skip ('#EXT-X-VERSION:7')
[hls @ 0x10fcbe2c0] Skip ('#EXT-X-INDEPENDENT-SEGMENTS')
[https @ 0x11d0e4c00] Opening 'https://devstreaming-cdn.apple.com/videos/streaming/examples/img_bipbop_adv_example_fmp4/a1/prog_index.m3u8' for reading
[hls @ 0x10fcbe2c0] Skip ('#EXT-X-VERSION:7')
[hls @ 0x10fcbe2c0] Skip ('#EXT-X-INDEPENDENT-SEGMENTS')
[https @ 0x11d0e4c00] Opening 'https://devstreaming-cdn.apple.com/videos/streaming/examples/img_bipbop_adv_example_fmp4/a2/prog_index.m3u8' for reading
[hls @ 0x10fcbe2c0] Skip ('#EXT-X-VERSION:7')
[hls @ 0x10fcbe2c0] Skip ('#EXT-X-INDEPENDENT-SEGMENTS')
[https @ 0x11d0e4c00] Opening 'https://devstreaming-cdn.apple.com/videos/streaming/examples/img_bipbop_adv_example_fmp4/a3/prog_index.m3u8' for reading
[hls @ 0x10fcbe2c0] Skip ('#EXT-X-VERSION:7')
[hls @ 0x10fcbe2c0] Skip ('#EXT-X-INDEPENDENT-SEGMENTS')
[hls @ 0x10fcbe2c0] Opening 'https://devstreaming-cdn.apple.com/videos/streaming/examples/img_bipbop_adv_example_fmp4/v5/main.mp4' for reading
[hls @ 0x10fcbe2c0] Opening 'https://devstreaming-cdn.apple.com/videos/streaming/examples/img_bipbop_adv_example_fmp4/v5/main.mp4' for reading
[hls @ 0x10fcbe2c0] Opening 'https://devstreaming-cdn.apple.com/videos/streaming/examples/img_bipbop_adv_example_fmp4/v5/main.mp4' for reading
[hls @ 0x10fcbe2c0] Opening 'https://devstreaming-cdn.apple.com/videos/streaming/examples/img_bipbop_adv_example_fmp4/v9/main.mp4' for reading
[hls @ 0x10fcbe2c0] Opening 'https://devstreaming-cdn.apple.com/videos/streaming/examples/img_bipbop_adv_example_fmp4/v9/main.mp4' for reading
[hls @ 0x10fcbe2c0] Opening 'https://devstreaming-cdn.apple.com/videos/streaming/examples/img_bipbop_adv_example_fmp4/v9/main.mp4' for reading
[hls @ 0x10fcbe2c0] Opening 'https://devstreaming-cdn.apple.com/videos/streaming/examples/img_bipbop_adv_example_fmp4/v8/main.mp4' for reading
[hls @ 0x10fcbe2c0] Opening 'https://devstreaming-cdn.apple.com/videos/streaming/examples/img_bipbop_adv_example_fmp4/v8/main.mp4' for reading
[hls @ 0x10fcbe2c0] Opening 'https://devstreaming-cdn.apple.com/videos/streaming/examples/img_bipbop_adv_example_fmp4/v8/main.mp4' for reading
[hls @ 0x10fcbe2c0] Opening 'https://devstreaming-cdn.apple.com/videos/streaming/examples/img_bipbop_adv_example_fmp4/v7/main.mp4' for reading
[hls @ 0x10fcbe2c0] Opening 'https://devstreaming-cdn.apple.com/videos/streaming/examples/img_bipbop_adv_example_fmp4/v7/main.mp4' for reading
[hls @ 0x10fcbe2c0] Opening 'https://devstreaming-cdn.apple.com/videos/streaming/examples/img_bipbop_adv_example_fmp4/v7/main.mp4' for reading
[hls @ 0x10fcbe2c0] Opening 'https://devstreaming-cdn.apple.com/videos/streaming/examples/img_bipbop_adv_example_fmp4/v6/main.mp4' for reading
[hls @ 0x10fcbe2c0] Opening 'https://devstreaming-cdn.apple.com/videos/streaming/examples/img_bipbop_adv_example_fmp4/v6/main.mp4' for reading
[hls @ 0x10fcbe2c0] Opening 'https://devstreaming-cdn.apple.com/videos/streaming/examples/img_bipbop_adv_example_fmp4/v6/main.mp4' for reading
[hls @ 0x10fcbe2c0] Opening 'https://devstreaming-cdn.apple.com/videos/streaming/examples/img_bipbop_adv_example_fmp4/v4/main.mp4' for reading
[hls @ 0x10fcbe2c0] Opening 'https://devstreaming-cdn.apple.com/videos/streaming/examples/img_bipbop_adv_example_fmp4/v4/main.mp4' for reading
[hls @ 0x10fcbe2c0] Opening 'https://devstreaming-cdn.apple.com/videos/streaming/examples/img_bipbop_adv_example_fmp4/v4/main.mp4' for reading
[hls @ 0x10fcbe2c0] Opening 'https://devstreaming-cdn.apple.com/videos/streaming/examples/img_bipbop_adv_example_fmp4/v3/main.mp4' for reading
[hls @ 0x10fcbe2c0] Opening 'https://devstreaming-cdn.apple.com/videos/streaming/examples/img_bipbop_adv_example_fmp4/v3/main.mp4' for reading
[hls @ 0x10fcbe2c0] Opening 'https://devstreaming-cdn.apple.com/videos/streaming/examples/img_bipbop_adv_example_fmp4/v3/main.mp4' for reading
[hls @ 0x10fcbe2c0] Opening 'https://devstreaming-cdn.apple.com/videos/streaming/examples/img_bipbop_adv_example_fmp4/v2/main.mp4' for reading
[hls @ 0x10fcbe2c0] Opening 'https://devstreaming-cdn.apple.com/videos/streaming/examples/img_bipbop_adv_example_fmp4/v2/main.mp4' for reading
[hls @ 0x10fcbe2c0] Opening 'https://devstreaming-cdn.apple.com/videos/streaming/examples/img_bipbop_adv_example_fmp4/v2/main.mp4' for reading
[hls @ 0x10fcbe2c0] Opening 'https://devstreaming-cdn.apple.com/videos/streaming/examples/img_bipbop_adv_example_fmp4/v5/main.mp4' for reading
[hls @ 0x10fcbe2c0] Opening 'https://devstreaming-cdn.apple.com/videos/streaming/examples/img_bipbop_adv_example_fmp4/v5/main.mp4' for reading
[hls @ 0x10fcbe2c0] Opening 'https://devstreaming-cdn.apple.com/videos/streaming/examples/img_bipbop_adv_example_fmp4/v5/main.mp4' for reading
[hls @ 0x10fcbe2c0] Opening 'https://devstreaming-cdn.apple.com/videos/streaming/examples/img_bipbop_adv_example_fmp4/v9/main.mp4' for reading
[hls @ 0x10fcbe2c0] Opening 'https://devstreaming-cdn.apple.com/videos/streaming/examples/img_bipbop_adv_example_fmp4/v9/main.mp4' for reading
[hls @ 0x10fcbe2c0] Opening 'https://devstreaming-cdn.apple.com/videos/streaming/examples/img_bipbop_adv_example_fmp4/v9/main.mp4' for reading
[hls @ 0x10fcbe2c0] Opening 'https://devstreaming-cdn.apple.com/videos/streaming/examples/img_bipbop_adv_example_fmp4/v8/main.mp4' for reading
[hls @ 0x10fcbe2c0] Opening 'https://devstreaming-cdn.apple.com/videos/streaming/examples/img_bipbop_adv_example_fmp4/v8/main.mp4' for reading
[hls @ 0x10fcbe2c0] Opening 'https://devstreaming-cdn.apple.com/videos/streaming/examples/img_bipbop_adv_example_fmp4/v8/main.mp4' for reading
[hls @ 0x10fcbe2c0] Opening 'https://devstreaming-cdn.apple.com/videos/streaming/examples/img_bipbop_adv_example_fmp4/v7/main.mp4' for reading
[hls @ 0x10fcbe2c0] Opening 'https://devstreaming-cdn.apple.com/videos/streaming/examples/img_bipbop_adv_example_fmp4/v7/main.mp4' for reading
[hls @ 0x10fcbe2c0] Opening 'https://devstreaming-cdn.apple.com/videos/streaming/examples/img_bipbop_adv_example_fmp4/v7/main.mp4' for reading
[hls @ 0x10fcbe2c0] Opening 'https://devstreaming-cdn.apple.com/videos/streaming/examples/img_bipbop_adv_example_fmp4/v6/main.mp4' for reading
[hls @ 0x10fcbe2c0] Opening 'https://devstreaming-cdn.apple.com/videos/streaming/examples/img_bipbop_adv_example_fmp4/v6/main.mp4' for reading
[hls @ 0x10fcbe2c0] Opening 'https://devstreaming-cdn.apple.com/videos/streaming/examples/img_bipbop_adv_example_fmp4/v6/main.mp4' for reading
[hls @ 0x10fcbe2c0] Opening 'https://devstreaming-cdn.apple.com/videos/streaming/examples/img_bipbop_adv_example_fmp4/v4/main.mp4' for reading
[hls @ 0x10fcbe2c0] Opening 'https://devstreaming-cdn.apple.com/videos/streaming/examples/img_bipbop_adv_example_fmp4/v4/main.mp4' for reading
[hls @ 0x10fcbe2c0] Opening 'https://devstreaming-cdn.apple.com/videos/streaming/examples/img_bipbop_adv_example_fmp4/v4/main.mp4' for reading
[hls @ 0x10fcbe2c0] Opening 'https://devstreaming-cdn.apple.com/videos/streaming/examples/img_bipbop_adv_example_fmp4/v3/main.mp4' for reading
[hls @ 0x10fcbe2c0] Opening 'https://devstreaming-cdn.apple.com/videos/streaming/examples/img_bipbop_adv_example_fmp4/v3/main.mp4' for reading
[hls @ 0x10fcbe2c0] Opening 'https://devstreaming-cdn.apple.com/videos/streaming/examples/img_bipbop_adv_example_fmp4/v3/main.mp4' for reading
[hls @ 0x10fcbe2c0] Opening 'https://devstreaming-cdn.apple.com/videos/streaming/examples/img_bipbop_adv_example_fmp4/v2/main.mp4' for reading
[hls @ 0x10fcbe2c0] Opening 'https://devstreaming-cdn.apple.com/videos/streaming/examples/img_bipbop_adv_example_fmp4/v2/main.mp4' for reading
[hls @ 0x10fcbe2c0] Opening 'https://devstreaming-cdn.apple.com/videos/streaming/examples/img_bipbop_adv_example_fmp4/v2/main.mp4' for reading
[hls @ 0x10fcbe2c0] Opening 'https://devstreaming-cdn.apple.com/videos/streaming/examples/img_bipbop_adv_example_fmp4/v5/main.mp4' for reading
[hls @ 0x10fcbe2c0] Opening 'https://devstreaming-cdn.apple.com/videos/streaming/examples/img_bipbop_adv_example_fmp4/v5/main.mp4' for reading
[hls @ 0x10fcbe2c0] Opening 'https://devstreaming-cdn.apple.com/videos/streaming/examples/img_bipbop_adv_example_fmp4/v5/main.mp4' for reading
[hls @ 0x10fcbe2c0] Opening 'https://devstreaming-cdn.apple.com/videos/streaming/examples/img_bipbop_adv_example_fmp4/v9/main.mp4' for reading
[hls @ 0x10fcbe2c0] Opening 'https://devstreaming-cdn.apple.com/videos/streaming/examples/img_bipbop_adv_example_fmp4/v9/main.mp4' for reading
[hls @ 0x10fcbe2c0] Opening 'https://devstreaming-cdn.apple.com/videos/streaming/examples/img_bipbop_adv_example_fmp4/v9/main.mp4' for reading
[hls @ 0x10fcbe2c0] Opening 'https://devstreaming-cdn.apple.com/videos/streaming/examples/img_bipbop_adv_example_fmp4/v8/main.mp4' for reading
[hls @ 0x10fcbe2c0] Opening 'https://devstreaming-cdn.apple.com/videos/streaming/examples/img_bipbop_adv_example_fmp4/v8/main.mp4' for reading
[hls @ 0x10fcbe2c0] Opening 'https://devstreaming-cdn.apple.com/videos/streaming/examples/img_bipbop_adv_example_fmp4/v8/main.mp4' for reading
[hls @ 0x10fcbe2c0] Opening 'https://devstreaming-cdn.apple.com/videos/streaming/examples/img_bipbop_adv_example_fmp4/v7/main.mp4' for reading
[hls @ 0x10fcbe2c0] Opening 'https://devstreaming-cdn.apple.com/videos/streaming/examples/img_bipbop_adv_example_fmp4/v7/main.mp4' for reading
[hls @ 0x10fcbe2c0] Opening 'https://devstreaming-cdn.apple.com/videos/streaming/examples/img_bipbop_adv_example_fmp4/v7/main.mp4' for reading
[hls @ 0x10fcbe2c0] Opening 'https://devstreaming-cdn.apple.com/videos/streaming/examples/img_bipbop_adv_example_fmp4/v6/main.mp4' for reading
[hls @ 0x10fcbe2c0] Opening 'https://devstreaming-cdn.apple.com/videos/streaming/examples/img_bipbop_adv_example_fmp4/v6/main.mp4' for reading
[hls @ 0x10fcbe2c0] Opening 'https://devstreaming-cdn.apple.com/videos/streaming/examples/img_bipbop_adv_example_fmp4/v6/main.mp4' for reading
[hls @ 0x10fcbe2c0] Opening 'https://devstreaming-cdn.apple.com/videos/streaming/examples/img_bipbop_adv_example_fmp4/v4/main.mp4' for reading
[hls @ 0x10fcbe2c0] Opening 'https://devstreaming-cdn.apple.com/videos/streaming/examples/img_bipbop_adv_example_fmp4/v4/main.mp4' for reading
[hls @ 0x10fcbe2c0] Opening 'https://devstreaming-cdn.apple.com/videos/streaming/examples/img_bipbop_adv_example_fmp4/v4/main.mp4' for reading
[hls @ 0x10fcbe2c0] Opening 'https://devstreaming-cdn.apple.com/videos/streaming/examples/img_bipbop_adv_example_fmp4/v3/main.mp4' for reading
[hls @ 0x10fcbe2c0] Opening 'https://devstreaming-cdn.apple.com/videos/streaming/examples/img_bipbop_adv_example_fmp4/v3/main.mp4' for reading
[hls @ 0x10fcbe2c0] Opening 'https://devstreaming-cdn.apple.com/videos/streaming/examples/img_bipbop_adv_example_fmp4/v3/main.mp4' for reading
[hls @ 0x10fcbe2c0] Opening 'https://devstreaming-cdn.apple.com/videos/streaming/examples/img_bipbop_adv_example_fmp4/v2/main.mp4' for reading
[hls @ 0x10fcbe2c0] Opening 'https://devstreaming-cdn.apple.com/videos/streaming/examples/img_bipbop_adv_example_fmp4/v2/main.mp4' for reading
[hls @ 0x10fcbe2c0] Opening 'https://devstreaming-cdn.apple.com/videos/streaming/examples/img_bipbop_adv_example_fmp4/v2/main.mp4' for reading
[hls @ 0x10fcbe2c0] Opening 'https://devstreaming-cdn.apple.com/videos/streaming/examples/img_bipbop_adv_example_fmp4/a1/main.mp4' for reading
[hls @ 0x10fcbe2c0] Opening 'https://devstreaming-cdn.apple.com/videos/streaming/examples/img_bipbop_adv_example_fmp4/a1/main.mp4' for reading
[hls @ 0x10fcbe2c0] Opening 'https://devstreaming-cdn.apple.com/videos/streaming/examples/img_bipbop_adv_example_fmp4/a1/main.mp4' for reading
[hls @ 0x10fcbe2c0] Opening 'https://devstreaming-cdn.apple.com/videos/streaming/examples/img_bipbop_adv_example_fmp4/a2/main.mp4' for reading
[hls @ 0x10fcbe2c0] Opening 'https://devstreaming-cdn.apple.com/videos/streaming/examples/img_bipbop_adv_example_fmp4/a2/main.mp4' for reading
[hls @ 0x10fcbe2c0] Opening 'https://devstreaming-cdn.apple.com/videos/streaming/examples/img_bipbop_adv_example_fmp4/a2/main.mp4' for reading
[hls @ 0x10fcbe2c0] Opening 'https://devstreaming-cdn.apple.com/videos/streaming/examples/img_bipbop_adv_example_fmp4/a3/main.mp4' for reading
[hls @ 0x10fcbe2c0] Opening 'https://devstreaming-cdn.apple.com/videos/streaming/examples/img_bipbop_adv_example_fmp4/a3/main.mp4' for reading
[hls @ 0x10fcbe2c0] Opening 'https://devstreaming-cdn.apple.com/videos/streaming/examples/img_bipbop_adv_example_fmp4/a3/main.mp4' for reading
[hls @ 0x10fcbe2c0] Stream #0: not enough frames to estimate rate; consider increasing probesize
[hls @ 0x10fcbe2c0] Stream #1: not enough frames to estimate rate; consider increasing probesize
[hls @ 0x10fcbe2c0] Stream #2: not enough frames to estimate rate; consider increasing probesize
[hls @ 0x10fcbe2c0] Stream #3: not enough frames to estimate rate; consider increasing probesize
[hls @ 0x10fcbe2c0] Stream #4: not enough frames to estimate rate; consider increasing probesize
[hls @ 0x10fcbe2c0] Stream #5: not enough frames to estimate rate; consider increasing probesize
[hls @ 0x10fcbe2c0] Stream #6: not enough frames to estimate rate; consider increasing probesize
[hls @ 0x10fcbe2c0] Stream #7: not enough frames to estimate rate; consider increasing probesize
[hls @ 0x10fcbe2c0] Stream #8: not enough frames to estimate rate; consider increasing probesize
[hls @ 0x10fcbe2c0] Stream #9: not enough frames to estimate rate; consider increasing probesize
[hls @ 0x10fcbe2c0] Stream #10: not enough frames to estimate rate; consider increasing probesize
[hls @ 0x10fcbe2c0] Stream #11: not enough frames to estimate rate; consider increasing probesize
[hls @ 0x10fcbe2c0] Stream #12: not enough frames to estimate rate; consider increasing probesize
[hls @ 0x10fcbe2c0] Stream #13: not enough frames to estimate rate; consider increasing probesize
[hls @ 0x10fcbe2c0] Stream #14: not enough frames to estimate rate; consider increasing probesize
[hls @ 0x10fcbe2c0] Stream #15: not enough frames to estimate rate; consider increasing probesize
[hls @ 0x10fcbe2c0] Stream #16: not enough frames to estimate rate; consider increasing probesize
[hls @ 0x10fcbe2c0] Stream #17: not enough frames to estimate rate; consider increasing probesize
[hls @ 0x10fcbe2c0] Stream #18: not enough frames to estimate rate; consider increasing probesize
[hls @ 0x10fcbe2c0] Stream #19: not enough frames to estimate rate; consider increasing probesize
[hls @ 0x10fcbe2c0] Stream #20: not enough frames to estimate rate; consider increasing probesize
[hls @ 0x10fcbe2c0] Stream #21: not enough frames to estimate rate; consider increasing probesize
[hls @ 0x10fcbe2c0] Stream #22: not enough frames to estimate rate; consider increasing probesize
[hls @ 0x10fcbe2c0] Stream #23: not enough frames to estimate rate; consider increasing probesize
[hls @ 0x10fcbe2c0] Could not find codec parameters for stream 3 (Video: h264 (avc1 / 0x31637661), none, 1920x1080, 750 kb/s): unspecified pixel format
Consider increasing the value for the 'analyzeduration' (1000000) and 'probesize' (131072) options
[hls @ 0x10fcbe2c0] Could not find codec parameters for stream 4 (Video: h264 (avc1 / 0x31637661), none, 1280x720, 513 kb/s): unspecified pixel format
Consider increasing the value for the 'analyzeduration' (1000000) and 'probesize' (131072) options
[hls @ 0x10fcbe2c0] Could not find codec parameters for stream 5 (Video: h264 (avc1 / 0x31637661), none, 768x432, 185 kb/s): unspecified pixel format
Consider increasing the value for the 'analyzeduration' (1000000) and 'probesize' (131072) options
[hls @ 0x10fcbe2c0] Could not find codec parameters for stream 6 (Video: h264 (avc1 / 0x31637661), none, 640x360, 111 kb/s): unspecified pixel format
Consider increasing the value for the 'analyzeduration' (1000000) and 'probesize' (131072) options
[hls @ 0x10fcbe2c0] Could not find codec parameters for stream 7 (Video: h264 (avc1 / 0x31637661), none, 480x270, 59 kb/s): unspecified pixel format
Consider increasing the value for the 'analyzeduration' (1000000) and 'probesize' (131072) options
[hls @ 0x10fcbe2c0] Could not find codec parameters for stream 8 (Video: h264 (avc1 / 0x31637661), none, 960x540, 335 kb/s): unspecified pixel format
Consider increasing the value for the 'analyzeduration' (1000000) and 'probesize' (131072) options
[hls @ 0x10fcbe2c0] Could not find codec parameters for stream 9 (Video: h264 (avc1 / 0x31637661), none, 1920x1080, 1351 kb/s): unspecified pixel format
Consider increasing the value for the 'analyzeduration' (1000000) and 'probesize' (131072) options
[hls @ 0x10fcbe2c0] Could not find codec parameters for stream 10 (Video: h264 (avc1 / 0x31637661), none, 1920x1080, 1019 kb/s): unspecified pixel format
Consider increasing the value for the 'analyzeduration' (1000000) and 'probesize' (131072) options
[hls @ 0x10fcbe2c0] Could not find codec parameters for stream 11 (Video: h264 (avc1 / 0x31637661), none, 1920x1080, 750 kb/s): unspecified pixel format
Consider increasing the value for the 'analyzeduration' (1000000) and 'probesize' (131072) options
[hls @ 0x10fcbe2c0] Could not find codec parameters for stream 12 (Video: h264 (avc1 / 0x31637661), none, 1280x720, 513 kb/s): unspecified pixel format
Consider increasing the value for the 'analyzeduration' (1000000) and 'probesize' (131072) options
[hls @ 0x10fcbe2c0] Could not find codec parameters for stream 13 (Video: h264 (avc1 / 0x31637661), none, 768x432, 185 kb/s): unspecified pixel format
Consider increasing the value for the 'analyzeduration' (1000000) and 'probesize' (131072) options
[hls @ 0x10fcbe2c0] Could not find codec parameters for stream 14 (Video: h264 (avc1 / 0x31637661), none, 640x360, 111 kb/s): unspecified pixel format
Consider increasing the value for the 'analyzeduration' (1000000) and 'probesize' (131072) options
[hls @ 0x10fcbe2c0] Could not find codec parameters for stream 15 (Video: h264 (avc1 / 0x31637661), none, 480x270, 59 kb/s): unspecified pixel format
Consider increasing the value for the 'analyzeduration' (1000000) and 'probesize' (131072) options
[hls @ 0x10fcbe2c0] Could not find codec parameters for stream 16 (Video: h264 (avc1 / 0x31637661), none, 960x540, 335 kb/s): unspecified pixel format
Consider increasing the value for the 'analyzeduration' (1000000) and 'probesize' (131072) options
[hls @ 0x10fcbe2c0] Could not find codec parameters for stream 17 (Video: h264 (avc1 / 0x31637661), none, 1920x1080, 1351 kb/s): unspecified pixel format
Consider increasing the value for the 'analyzeduration' (1000000) and 'probesize' (131072) options
[hls @ 0x10fcbe2c0] Could not find codec parameters for stream 18 (Video: h264 (avc1 / 0x31637661), none, 1920x1080, 1019 kb/s): unspecified pixel format
Consider increasing the value for the 'analyzeduration' (1000000) and 'probesize' (131072) options
[hls @ 0x10fcbe2c0] Could not find codec parameters for stream 19 (Video: h264 (avc1 / 0x31637661), none, 1920x1080, 750 kb/s): unspecified pixel format
Consider increasing the value for the 'analyzeduration' (1000000) and 'probesize' (131072) options
[hls @ 0x10fcbe2c0] Could not find codec parameters for stream 20 (Video: h264 (avc1 / 0x31637661), none, 1280x720, 513 kb/s): unspecified pixel format
Consider increasing the value for the 'analyzeduration' (1000000) and 'probesize' (131072) options
[hls @ 0x10fcbe2c0] Could not find codec parameters for stream 21 (Video: h264 (avc1 / 0x31637661), none, 768x432, 185 kb/s): unspecified pixel format
Consider increasing the value for the 'analyzeduration' (1000000) and 'probesize' (131072) options
[hls @ 0x10fcbe2c0] Could not find codec parameters for stream 22 (Video: h264 (avc1 / 0x31637661), none, 640x360, 111 kb/s): unspecified pixel format
Consider increasing the value for the 'analyzeduration' (1000000) and 'probesize' (131072) options
[hls @ 0x10fcbe2c0] Could not find codec parameters for stream 23 (Video: h264 (avc1 / 0x31637661), none, 480x270, 59 kb/s): unspecified pixel format
Consider increasing the value for the 'analyzeduration' (1000000) and 'probesize' (131072) options
Input #0, hls, from 'https://devstreaming-cdn.apple.com/videos/streaming/examples/img_bipbop_adv_example_fmp4/master.m3u8':
  Duration: 00:10:00.00, start: 9.977333, bitrate: 0 kb/s
  Program 0 
    Metadata:
      variant_bitrate : 2177116
  Stream #0:0: Video: h264 (High) (avc1 / 0x31637661), yuv420p, 960x540 [SAR 1:1 DAR 16:9], Closed Captions, 335 kb/s, 60 tbr, 60k tbn (default)
    Metadata:
      variant_bitrate : 2177116
      major_brand     : mp42
      minor_version   : 1
      compatible_brands: mp41mp42isomhlsf
      creation_time   : 2016-12-21T21:37:39.000000Z
  Stream #0:24(en): Audio: aac (LC) (mp4a / 0x6134706D), 48000 Hz, stereo, fltp, 60 kb/s (default)
    Metadata:
      major_brand     : mp42
      minor_version   : 1
      compatible_brands: mp41mp42isomhlsf
      creation_time   : 2016-12-21T22:14:57.000000Z
      comment         : English
  Program 1 
    Metadata:
      variant_bitrate : 8001098
  Stream #0:1: Video: h264 (High) (avc1 / 0x31637661), yuv420p, 1920x1080 [SAR 1:1 DAR 16:9], Closed Captions, 1351 kb/s, 60 tbr, 60k tbn (default)
    Metadata:
      variant_bitrate : 8001098
      major_brand     : mp42
      minor_version   : 1
      compatible_brands: mp41mp42isomhlsf
      creation_time   : 2016-12-21T21:37:42.000000Z
  Stream #0:24(en): Audio: aac (LC) (mp4a / 0x6134706D), 48000 Hz, stereo, fltp, 60 kb/s (default)
    Metadata:
      major_brand     : mp42
      minor_version   : 1
      compatible_brands: mp41mp42isomhlsf
      creation_time   : 2016-12-21T22:14:57.000000Z
      comment         : English
  Program 2 
    Metadata:
      variant_bitrate : 6312875
  Stream #0:2: Video: h264 (High) (avc1 / 0x31637661), yuv420p, 1920x1080 [SAR 1:1 DAR 16:9], Closed Captions, 1019 kb/s, 60 tbr, 60k tbn (default)
    Metadata:
      variant_bitrate : 6312875
      major_brand     : mp42
      minor_version   : 1
      compatible_brands: mp41mp42isomhlsf
      creation_time   : 2016-12-21T21:37:48.000000Z
  Stream #0:24(en): Audio: aac (LC) (mp4a / 0x6134706D), 48000 Hz, stereo, fltp, 60 kb/s (default)
    Metadata:
      major_brand     : mp42
      minor_version   : 1
      compatible_brands: mp41mp42isomhlsf
      creation_time   : 2016-12-21T22:14:57.000000Z
      comment         : English
  Program 3 
    Metadata:
      variant_bitrate : 4943747
  Stream #0:3: Video: h264 (avc1 / 0x31637661), none, 1920x1080, 750 kb/s, 30k tbr, 60k tbn (default)
    Metadata:
      variant_bitrate : 4943747
      major_brand     : mp42
      minor_version   : 1
      compatible_brands: mp41mp42isomhlsf
      creation_time   : 2016-12-21T21:37:54.000000Z
  Stream #0:24(en): Audio: aac (LC) (mp4a / 0x6134706D), 48000 Hz, stereo, fltp, 60 kb/s (default)
    Metadata:
      major_brand     : mp42
      minor_version   : 1
      compatible_brands: mp41mp42isomhlsf
      creation_time   : 2016-12-21T22:14:57.000000Z
      comment         : English
  Program 4 
    Metadata:
      variant_bitrate : 3216424
  Stream #0:4: Video: h264 (avc1 / 0x31637661), none, 1280x720, 513 kb/s, 30k tbr, 60k tbn (default)
    Metadata:
      variant_bitrate : 3216424
      major_brand     : mp42
      minor_version   : 1
      compatible_brands: mp41mp42isomhlsf
      creation_time   : 2016-12-21T21:37:59.000000Z
  Stream #0:24(en): Audio: aac (LC) (mp4a / 0x6134706D), 48000 Hz, stereo, fltp, 60 kb/s (default)
    Metadata:
      major_brand     : mp42
      minor_version   : 1
      compatible_brands: mp41mp42isomhlsf
      creation_time   : 2016-12-21T22:14:57.000000Z
      comment         : English
  Program 5 
    Metadata:
      variant_bitrate : 1268994
  Stream #0:5: Video: h264 (avc1 / 0x31637661), none, 768x432, 185 kb/s, 15k tbr, 30k tbn (default)
    Metadata:
      variant_bitrate : 1268994
      major_brand     : mp42
      minor_version   : 1
      compatible_brands: mp41mp42isomhlsf
      creation_time   : 2016-12-21T21:38:03.000000Z
  Stream #0:24(en): Audio: aac (LC) (mp4a / 0x6134706D), 48000 Hz, stereo, fltp, 60 kb/s (default)
    Metadata:
      major_brand     : mp42
      minor_version   : 1
      compatible_brands: mp41mp42isomhlsf
      creation_time   : 2016-12-21T22:14:57.000000Z
      comment         : English
  Program 6 
    Metadata:
      variant_bitrate : 902298
  Stream #0:6: Video: h264 (avc1 / 0x31637661), none, 640x360, 111 kb/s, 15k tbr, 30k tbn (default)
    Metadata:
      variant_bitrate : 902298
      major_brand     : mp42
      minor_version   : 1
      compatible_brands: mp41mp42isomhlsf
      creation_time   : 2016-12-21T21:38:06.000000Z
  Stream #0:24(en): Audio: aac (LC) (mp4a / 0x6134706D), 48000 Hz, stereo, fltp, 60 kb/s (default)
    Metadata:
      major_brand     : mp42
      minor_version   : 1
      compatible_brands: mp41mp42isomhlsf
      creation_time   : 2016-12-21T22:14:57.000000Z
      comment         : English
  Program 7 
    Metadata:
      variant_bitrate : 541052
  Stream #0:7: Video: h264 (avc1 / 0x31637661), none, 480x270, 59 kb/s, 15k tbr, 30k tbn (default)
    Metadata:
      variant_bitrate : 541052
      major_brand     : mp42
      minor_version   : 1
      compatible_brands: mp41mp42isomhlsf
      creation_time   : 2016-12-21T21:38:07.000000Z
  Stream #0:24(en): Audio: aac (LC) (mp4a / 0x6134706D), 48000 Hz, stereo, fltp, 60 kb/s (default)
    Metadata:
      major_brand     : mp42
      minor_version   : 1
      compatible_brands: mp41mp42isomhlsf
      creation_time   : 2016-12-21T22:14:57.000000Z
      comment         : English
  Program 8 
    Metadata:
      variant_bitrate : 2399619
  Stream #0:8: Video: h264 (avc1 / 0x31637661), none, 960x540, 335 kb/s, 30k tbr, 60k tbn (default)
    Metadata:
      variant_bitrate : 2399619
      major_brand     : mp42
      minor_version   : 1
      compatible_brands: mp41mp42isomhlsf
      creation_time   : 2016-12-21T21:37:39.000000Z
  Stream #0:25(en): Audio: ac3 (ac-3 / 0x332D6361), 48000 Hz, 5.1(side), fltp, 384 kb/s (default)
    Metadata:
      major_brand     : mp42
      minor_version   : 1
      compatible_brands: mp41mp42isomhlsf
      creation_time   : 2016-12-21T22:15:46.000000Z
      comment         : English
    Side data:
      audio service type: main
  Program 9 
    Metadata:
      variant_bitrate : 8223601
  Stream #0:9: Video: h264 (avc1 / 0x31637661), none, 1920x1080, 1351 kb/s, 30k tbr, 60k tbn (default)
    Metadata:
      variant_bitrate : 8223601
      major_brand     : mp42
      minor_version   : 1
      compatible_brands: mp41mp42isomhlsf
      creation_time   : 2016-12-21T21:37:42.000000Z
  Stream #0:25(en): Audio: ac3 (ac-3 / 0x332D6361), 48000 Hz, 5.1(side), fltp, 384 kb/s (default)
    Metadata:
      major_brand     : mp42
      minor_version   : 1
      compatible_brands: mp41mp42isomhlsf
      creation_time   : 2016-12-21T22:15:46.000000Z
      comment         : English
    Side data:
      audio service type: main
  Program 10 
    Metadata:
      variant_bitrate : 6535378
  Stream #0:10: Video: h264 (avc1 / 0x31637661), none, 1920x1080, 1019 kb/s, 30k tbr, 60k tbn (default)
    Metadata:
      variant_bitrate : 6535378
      major_brand     : mp42
      minor_version   : 1
      compatible_brands: mp41mp42isomhlsf
      creation_time   : 2016-12-21T21:37:48.000000Z
  Stream #0:25(en): Audio: ac3 (ac-3 / 0x332D6361), 48000 Hz, 5.1(side), fltp, 384 kb/s (default)
    Metadata:
      major_brand     : mp42
      minor_version   : 1
      compatible_brands: mp41mp42isomhlsf
      creation_time   : 2016-12-21T22:15:46.000000Z
      comment         : English
    Side data:
      audio service type: main
  Program 11 
    Metadata:
      variant_bitrate : 5166250
  Stream #0:11: Video: h264 (avc1 / 0x31637661), none, 1920x1080, 750 kb/s, 30k tbr, 60k tbn (default)
    Metadata:
      variant_bitrate : 5166250
      major_brand     : mp42
      minor_version   : 1
      compatible_brands: mp41mp42isomhlsf
      creation_time   : 2016-12-21T21:37:54.000000Z
  Stream #0:25(en): Audio: ac3 (ac-3 / 0x332D6361), 48000 Hz, 5.1(side), fltp, 384 kb/s (default)
    Metadata:
      major_brand     : mp42
      minor_version   : 1
      compatible_brands: mp41mp42isomhlsf
      creation_time   : 2016-12-21T22:15:46.000000Z
      comment         : English
    Side data:
      audio service type: main
  Program 12 
    Metadata:
      variant_bitrate : 3438927
  Stream #0:12: Video: h264 (avc1 / 0x31637661), none, 1280x720, 513 kb/s, 30k tbr, 60k tbn (default)
    Metadata:
      variant_bitrate : 3438927
      major_brand     : mp42
      minor_version   : 1
      compatible_brands: mp41mp42isomhlsf
      creation_time   : 2016-12-21T21:37:59.000000Z
  Stream #0:25(en): Audio: ac3 (ac-3 / 0x332D6361), 48000 Hz, 5.1(side), fltp, 384 kb/s (default)
    Metadata:
      major_brand     : mp42
      minor_version   : 1
      compatible_brands: mp41mp42isomhlsf
      creation_time   : 2016-12-21T22:15:46.000000Z
      comment         : English
    Side data:
      audio service type: main
  Program 13 
    Metadata:
      variant_bitrate : 1491497
  Stream #0:13: Video: h264 (avc1 / 0x31637661), none, 768x432, 185 kb/s, 15k tbr, 30k tbn (default)
    Metadata:
      variant_bitrate : 1491497
      major_brand     : mp42
      minor_version   : 1
      compatible_brands: mp41mp42isomhlsf
      creation_time   : 2016-12-21T21:38:03.000000Z
  Stream #0:25(en): Audio: ac3 (ac-3 / 0x332D6361), 48000 Hz, 5.1(side), fltp, 384 kb/s (default)
    Metadata:
      major_brand     : mp42
      minor_version   : 1
      compatible_brands: mp41mp42isomhlsf
      creation_time   : 2016-12-21T22:15:46.000000Z
      comment         : English
    Side data:
      audio service type: main
  Program 14 
    Metadata:
      variant_bitrate : 1124801
  Stream #0:14: Video: h264 (avc1 / 0x31637661), none, 640x360, 111 kb/s, 15k tbr, 30k tbn (default)
    Metadata:
      variant_bitrate : 1124801
      major_brand     : mp42
      minor_version   : 1
      compatible_brands: mp41mp42isomhlsf
      creation_time   : 2016-12-21T21:38:06.000000Z
  Stream #0:25(en): Audio: ac3 (ac-3 / 0x332D6361), 48000 Hz, 5.1(side), fltp, 384 kb/s (default)
    Metadata:
      major_brand     : mp42
      minor_version   : 1
      compatible_brands: mp41mp42isomhlsf
      creation_time   : 2016-12-21T22:15:46.000000Z
      comment         : English
    Side data:
      audio service type: main
  Program 15 
    Metadata:
      variant_bitrate : 763555
  Stream #0:15: Video: h264 (avc1 / 0x31637661), none, 480x270, 59 kb/s, 15k tbr, 30k tbn (default)
    Metadata:
      variant_bitrate : 763555
      major_brand     : mp42
      minor_version   : 1
      compatible_brands: mp41mp42isomhlsf
      creation_time   : 2016-12-21T21:38:07.000000Z
  Stream #0:25(en): Audio: ac3 (ac-3 / 0x332D6361), 48000 Hz, 5.1(side), fltp, 384 kb/s (default)
    Metadata:
      major_brand     : mp42
      minor_version   : 1
      compatible_brands: mp41mp42isomhlsf
      creation_time   : 2016-12-21T22:15:46.000000Z
      comment         : English
    Side data:
      audio service type: main
  Program 16 
    Metadata:
      variant_bitrate : 2207619
  Stream #0:16: Video: h264 (avc1 / 0x31637661), none, 960x540, 335 kb/s, 30k tbr, 60k tbn (default)
    Metadata:
      variant_bitrate : 2207619
      major_brand     : mp42
      minor_version   : 1
      compatible_brands: mp41mp42isomhlsf
      creation_time   : 2016-12-21T21:37:39.000000Z
  Stream #0:26(en): Audio: eac3 (ec-3 / 0x332D6365), 48000 Hz, 5.1(side), fltp, 192 kb/s (default)
    Metadata:
      major_brand     : mp42
      minor_version   : 1
      compatible_brands: mp41mp42isomhlsf
      creation_time   : 2016-12-21T22:16:17.000000Z
      comment         : English
    Side data:
      audio service type: main
  Program 17 
    Metadata:
      variant_bitrate : 8031601
  Stream #0:17: Video: h264 (avc1 / 0x31637661), none, 1920x1080, 1351 kb/s, 30k tbr, 60k tbn (default)
    Metadata:
      variant_bitrate : 8031601
      major_brand     : mp42
      minor_version   : 1
      compatible_brands: mp41mp42isomhlsf
      creation_time   : 2016-12-21T21:37:42.000000Z
  Stream #0:26(en): Audio: eac3 (ec-3 / 0x332D6365), 48000 Hz, 5.1(side), fltp, 192 kb/s (default)
    Metadata:
      major_brand     : mp42
      minor_version   : 1
      compatible_brands: mp41mp42isomhlsf
      creation_time   : 2016-12-21T22:16:17.000000Z
      comment         : English
    Side data:
      audio service type: main
  Program 18 
    Metadata:
      variant_bitrate : 6343378
  Stream #0:18: Video: h264 (avc1 / 0x31637661), none, 1920x1080, 1019 kb/s, 30k tbr, 60k tbn (default)
    Metadata:
      variant_bitrate : 6343378
      major_brand     : mp42
      minor_version   : 1
      compatible_brands: mp41mp42isomhlsf
      creation_time   : 2016-12-21T21:37:48.000000Z
  Stream #0:26(en): Audio: eac3 (ec-3 / 0x332D6365), 48000 Hz, 5.1(side), fltp, 192 kb/s (default)
    Metadata:
      major_brand     : mp42
      minor_version   : 1
      compatible_brands: mp41mp42isomhlsf
      creation_time   : 2016-12-21T22:16:17.000000Z
      comment         : English
    Side data:
      audio service type: main
  Program 19 
    Metadata:
      variant_bitrate : 4974250
  Stream #0:19: Video: h264 (avc1 / 0x31637661), none, 1920x1080, 750 kb/s, 30k tbr, 60k tbn (default)
    Metadata:
      variant_bitrate : 4974250
      major_brand     : mp42
      minor_version   : 1
      compatible_brands: mp41mp42isomhlsf
      creation_time   : 2016-12-21T21:37:54.000000Z
  Stream #0:26(en): Audio: eac3 (ec-3 / 0x332D6365), 48000 Hz, 5.1(side), fltp, 192 kb/s (default)
    Metadata:
      major_brand     : mp42
      minor_version   : 1
      compatible_brands: mp41mp42isomhlsf
      creation_time   : 2016-12-21T22:16:17.000000Z
      comment         : English
    Side data:
      audio service type: main
  Program 20 
    Metadata:
      variant_bitrate : 3246927
  Stream #0:20: Video: h264 (avc1 / 0x31637661), none, 1280x720, 513 kb/s, 30k tbr, 60k tbn (default)
    Metadata:
      variant_bitrate : 3246927
      major_brand     : mp42
      minor_version   : 1
      compatible_brands: mp41mp42isomhlsf
      creation_time   : 2016-12-21T21:37:59.000000Z
  Stream #0:26(en): Audio: eac3 (ec-3 / 0x332D6365), 48000 Hz, 5.1(side), fltp, 192 kb/s (default)
    Metadata:
      major_brand     : mp42
      minor_version   : 1
      compatible_brands: mp41mp42isomhlsf
      creation_time   : 2016-12-21T22:16:17.000000Z
      comment         : English
    Side data:
      audio service type: main
  Program 21 
    Metadata:
      variant_bitrate : 1299497
  Stream #0:21: Video: h264 (avc1 / 0x31637661), none, 768x432, 185 kb/s, 15k tbr, 30k tbn (default)
    Metadata:
      variant_bitrate : 1299497
      major_brand     : mp42
      minor_version   : 1
      compatible_brands: mp41mp42isomhlsf
      creation_time   : 2016-12-21T21:38:03.000000Z
  Stream #0:26(en): Audio: eac3 (ec-3 / 0x332D6365), 48000 Hz, 5.1(side), fltp, 192 kb/s (default)
    Metadata:
      major_brand     : mp42
      minor_version   : 1
      compatible_brands: mp41mp42isomhlsf
      creation_time   : 2016-12-21T22:16:17.000000Z
      comment         : English
    Side data:
      audio service type: main
  Program 22 
    Metadata:
      variant_bitrate : 932801
  Stream #0:22: Video: h264 (avc1 / 0x31637661), none, 640x360, 111 kb/s, 15k tbr, 30k tbn (default)
    Metadata:
      variant_bitrate : 932801
      major_brand     : mp42
      minor_version   : 1
      compatible_brands: mp41mp42isomhlsf
      creation_time   : 2016-12-21T21:38:06.000000Z
  Stream #0:26(en): Audio: eac3 (ec-3 / 0x332D6365), 48000 Hz, 5.1(side), fltp, 192 kb/s (default)
    Metadata:
      major_brand     : mp42
      minor_version   : 1
      compatible_brands: mp41mp42isomhlsf
      creation_time   : 2016-12-21T22:16:17.000000Z
      comment         : English
    Side data:
      audio service type: main
  Program 23 
    Metadata:
      variant_bitrate : 571555
  Stream #0:23: Video: h264 (avc1 / 0x31637661), none, 480x270, 59 kb/s, 15k tbr, 30k tbn (default)
    Metadata:
      variant_bitrate : 571555
      major_brand     : mp42
      minor_version   : 1
      compatible_brands: mp41mp42isomhlsf
      creation_time   : 2016-12-21T21:38:07.000000Z
  Stream #0:26(en): Audio: eac3 (ec-3 / 0x332D6365), 48000 Hz, 5.1(side), fltp, 192 kb/s (default)
    Metadata:
      major_brand     : mp42
      minor_version   : 1
      compatible_brands: mp41mp42isomhlsf
      creation_time   : 2016-12-21T22:16:17.000000Z
      comment         : English
    Side data:
      audio service type: main
[hls @ 0x10f8742b0] Skip ('#EXT-X-VERSION:6')
[hls @ 0x10f8742b0] Skip ('#EXT-X-INDEPENDENT-SEGMENTS')
[hls @ 0x10f8742b0] Skip ('#EXT-X-I-FRAME-STREAM-INF:AVERAGE-BANDWIDTH=183689,BANDWIDTH=187492,CODECS="avc1.64002a",RESOLUTION=1920x1080,URI="v7/iframe_index.m3u8"')
[hls @ 0x10f8742b0] Skip ('#EXT-X-I-FRAME-STREAM-INF:AVERAGE-BANDWIDTH=132672,BANDWIDTH=136398,CODECS="avc1.640020",RESOLUTION=1280x720,URI="v6/iframe_index.m3u8"')
[hls @ 0x10f8742b0] Skip ('#EXT-X-I-FRAME-STREAM-INF:AVERAGE-BANDWIDTH=97767,BANDWIDTH=101378,CODECS="avc1.640020",RESOLUTION=960x540,URI="v5/iframe_index.m3u8"')
[hls @ 0x10f8742b0] Skip ('#EXT-X-I-FRAME-STREAM-INF:AVERAGE-BANDWIDTH=75722,BANDWIDTH=77818,CODECS="avc1.64001e",RESOLUTION=768x432,URI="v4/iframe_index.m3u8"')
[hls @ 0x10f8742b0] Skip ('#EXT-X-I-FRAME-STREAM-INF:AVERAGE-BANDWIDTH=63522,BANDWIDTH=65091,CODECS="avc1.64001e",RESOLUTION=640x360,URI="v3/iframe_index.m3u8"')
[hls @ 0x10f8742b0] Skip ('#EXT-X-I-FRAME-STREAM-INF:AVERAGE-BANDWIDTH=39678,BANDWIDTH=40282,CODECS="avc1.640015",RESOLUTION=480x270,URI="v2/iframe_index.m3u8"')
[hls @ 0x10f8742b0] Can't support the subtitle(uri: s1/en/prog_index.m3u8)
[hls @ 0x10f8742b0] Opening 'https://devstreaming-cdn.apple.com/videos/streaming/examples/img_bipbop_adv_example_fmp4/v5/prog_index.m3u8' for reading
[hls @ 0x10f8742b0] Skip ('#EXT-X-VERSION:7')
[hls @ 0x10f8742b0] Skip ('#EXT-X-INDEPENDENT-SEGMENTS')
[https @ 0x10f110a00] Opening 'https://devstreaming-cdn.apple.com/videos/streaming/examples/img_bipbop_adv_example_fmp4/v9/prog_index.m3u8' for reading
[hls @ 0x10f8742b0] Skip ('#EXT-X-VERSION:7')
[hls @ 0x10f8742b0] Skip ('#EXT-X-INDEPENDENT-SEGMENTS')
[https @ 0x10f110a00] Opening 'https://devstreaming-cdn.apple.com/videos/streaming/examples/img_bipbop_adv_example_fmp4/v8/prog_index.m3u8' for reading
[hls @ 0x10f8742b0] Skip ('#EXT-X-VERSION:7')
[hls @ 0x10f8742b0] Skip ('#EXT-X-INDEPENDENT-SEGMENTS')
[https @ 0x10f110a00] Opening 'https://devstreaming-cdn.apple.com/videos/streaming/examples/img_bipbop_adv_example_fmp4/v7/prog_index.m3u8' for reading
[hls @ 0x10f8742b0] Skip ('#EXT-X-VERSION:7')
[hls @ 0x10f8742b0] Skip ('#EXT-X-INDEPENDENT-SEGMENTS')
[https @ 0x10f110a00] Opening 'https://devstreaming-cdn.apple.com/videos/streaming/examples/img_bipbop_adv_example_fmp4/v6/prog_index.m3u8' for reading
[hls @ 0x10f8742b0] Skip ('#EXT-X-VERSION:7')
[hls @ 0x10f8742b0] Skip ('#EXT-X-INDEPENDENT-SEGMENTS')
[https @ 0x10f110a00] Opening 'https://devstreaming-cdn.apple.com/videos/streaming/examples/img_bipbop_adv_example_fmp4/v4/prog_index.m3u8' for reading
[hls @ 0x10f8742b0] Skip ('#EXT-X-VERSION:7')
[hls @ 0x10f8742b0] Skip ('#EXT-X-INDEPENDENT-SEGMENTS')
[https @ 0x10f110a00] Opening 'https://devstreaming-cdn.apple.com/videos/streaming/examples/img_bipbop_adv_example_fmp4/v3/prog_index.m3u8' for reading
[hls @ 0x10f8742b0] Skip ('#EXT-X-VERSION:7')
[hls @ 0x10f8742b0] Skip ('#EXT-X-INDEPENDENT-SEGMENTS')
[https @ 0x10f110a00] Opening 'https://devstreaming-cdn.apple.com/videos/streaming/examples/img_bipbop_adv_example_fmp4/v2/prog_index.m3u8' for reading
[hls @ 0x10f8742b0] Skip ('#EXT-X-VERSION:7')
[hls @ 0x10f8742b0] Skip ('#EXT-X-INDEPENDENT-SEGMENTS')
[https @ 0x10f110a00] Opening 'https://devstreaming-cdn.apple.com/videos/streaming/examples/img_bipbop_adv_example_fmp4/v5/prog_index.m3u8' for reading
[hls @ 0x10f8742b0] Skip ('#EXT-X-VERSION:7')
[hls @ 0x10f8742b0] Skip ('#EXT-X-INDEPENDENT-SEGMENTS')
[https @ 0x10f110a00] Opening 'https://devstreaming-cdn.apple.com/videos/streaming/examples/img_bipbop_adv_example_fmp4/v9/prog_index.m3u8' for reading
[hls @ 0x10f8742b0] Skip ('#EXT-X-VERSION:7')
[hls @ 0x10f8742b0] Skip ('#EXT-X-INDEPENDENT-SEGMENTS')
[https @ 0x10f110a00] Opening 'https://devstreaming-cdn.apple.com/videos/streaming/examples/img_bipbop_adv_example_fmp4/v8/prog_index.m3u8' for reading
[hls @ 0x10f8742b0] Skip ('#EXT-X-VERSION:7')
[hls @ 0x10f8742b0] Skip ('#EXT-X-INDEPENDENT-SEGMENTS')
[https @ 0x10f110a00] Opening 'https://devstreaming-cdn.apple.com/videos/streaming/examples/img_bipbop_adv_example_fmp4/v7/prog_index.m3u8' for reading
[hls @ 0x10f8742b0] Skip ('#EXT-X-VERSION:7')
[hls @ 0x10f8742b0] Skip ('#EXT-X-INDEPENDENT-SEGMENTS')
[https @ 0x10f110a00] Opening 'https://devstreaming-cdn.apple.com/videos/streaming/examples/img_bipbop_adv_example_fmp4/v6/prog_index.m3u8' for reading
[hls @ 0x10f8742b0] Skip ('#EXT-X-VERSION:7')
[hls @ 0x10f8742b0] Skip ('#EXT-X-INDEPENDENT-SEGMENTS')
[https @ 0x10f110a00] Opening 'https://devstreaming-cdn.apple.com/videos/streaming/examples/img_bipbop_adv_example_fmp4/v4/prog_index.m3u8' for reading
[hls @ 0x10f8742b0] Skip ('#EXT-X-VERSION:7')
[hls @ 0x10f8742b0] Skip ('#EXT-X-INDEPENDENT-SEGMENTS')
[https @ 0x10f110a00] Opening 'https://devstreaming-cdn.apple.com/videos/streaming/examples/img_bipbop_adv_example_fmp4/v3/prog_index.m3u8' for reading
[hls @ 0x10f8742b0] Skip ('#EXT-X-VERSION:7')
[hls @ 0x10f8742b0] Skip ('#EXT-X-INDEPENDENT-SEGMENTS')
[https @ 0x10f110a00] Opening 'https://devstreaming-cdn.apple.com/videos/streaming/examples/img_bipbop_adv_example_fmp4/v2/prog_index.m3u8' for reading
[hls @ 0x10f8742b0] Skip ('#EXT-X-VERSION:7')
[hls @ 0x10f8742b0] Skip ('#EXT-X-INDEPENDENT-SEGMENTS')
[https @ 0x10f110a00] Opening 'https://devstreaming-cdn.apple.com/videos/streaming/examples/img_bipbop_adv_example_fmp4/v5/prog_index.m3u8' for reading
[hls @ 0x10f8742b0] Skip ('#EXT-X-VERSION:7')
[hls @ 0x10f8742b0] Skip ('#EXT-X-INDEPENDENT-SEGMENTS')
[https @ 0x10f110a00] Opening 'https://devstreaming-cdn.apple.com/videos/streaming/examples/img_bipbop_adv_example_fmp4/v9/prog_index.m3u8' for reading
[hls @ 0x10f8742b0] Skip ('#EXT-X-VERSION:7')
[hls @ 0x10f8742b0] Skip ('#EXT-X-INDEPENDENT-SEGMENTS')
[https @ 0x10f110a00] Opening 'https://devstreaming-cdn.apple.com/videos/streaming/examples/img_bipbop_adv_example_fmp4/v8/prog_index.m3u8' for reading
[hls @ 0x10f8742b0] Skip ('#EXT-X-VERSION:7')
[hls @ 0x10f8742b0] Skip ('#EXT-X-INDEPENDENT-SEGMENTS')
[https @ 0x10f110a00] Opening 'https://devstreaming-cdn.apple.com/videos/streaming/examples/img_bipbop_adv_example_fmp4/v7/prog_index.m3u8' for reading
[hls @ 0x10f8742b0] Skip ('#EXT-X-VERSION:7')
[hls @ 0x10f8742b0] Skip ('#EXT-X-INDEPENDENT-SEGMENTS')
[https @ 0x10f110a00] Opening 'https://devstreaming-cdn.apple.com/videos/streaming/examples/img_bipbop_adv_example_fmp4/v6/prog_index.m3u8' for reading
[hls @ 0x10f8742b0] Skip ('#EXT-X-VERSION:7')
[hls @ 0x10f8742b0] Skip ('#EXT-X-INDEPENDENT-SEGMENTS')
[https @ 0x10f110a00] Opening 'https://devstreaming-cdn.apple.com/videos/streaming/examples/img_bipbop_adv_example_fmp4/v4/prog_index.m3u8' for reading
[hls @ 0x10f8742b0] Skip ('#EXT-X-VERSION:7')
[hls @ 0x10f8742b0] Skip ('#EXT-X-INDEPENDENT-SEGMENTS')
[https @ 0x10f110a00] Opening 'https://devstreaming-cdn.apple.com/videos/streaming/examples/img_bipbop_adv_example_fmp4/v3/prog_index.m3u8' for reading
[hls @ 0x10f8742b0] Skip ('#EXT-X-VERSION:7')
[hls @ 0x10f8742b0] Skip ('#EXT-X-INDEPENDENT-SEGMENTS')
[https @ 0x10f110a00] Opening 'https://devstreaming-cdn.apple.com/videos/streaming/examples/img_bipbop_adv_example_fmp4/v2/prog_index.m3u8' for reading
[hls @ 0x10f8742b0] Skip ('#EXT-X-VERSION:7')
[hls @ 0x10f8742b0] Skip ('#EXT-X-INDEPENDENT-SEGMENTS')
[https @ 0x10f110a00] Opening 'https://devstreaming-cdn.apple.com/videos/streaming/examples/img_bipbop_adv_example_fmp4/a1/prog_index.m3u8' for reading
[hls @ 0x10f8742b0] Skip ('#EXT-X-VERSION:7')
[hls @ 0x10f8742b0] Skip ('#EXT-X-INDEPENDENT-SEGMENTS')
[https @ 0x10f110a00] Opening 'https://devstreaming-cdn.apple.com/videos/streaming/examples/img_bipbop_adv_example_fmp4/a2/prog_index.m3u8' for reading
[hls @ 0x10f8742b0] Skip ('#EXT-X-VERSION:7')
[hls @ 0x10f8742b0] Skip ('#EXT-X-INDEPENDENT-SEGMENTS')
[https @ 0x10f110a00] Opening 'https://devstreaming-cdn.apple.com/videos/streaming/examples/img_bipbop_adv_example_fmp4/a3/prog_index.m3u8' for reading
[hls @ 0x10f8742b0] Skip ('#EXT-X-VERSION:7')
[hls @ 0x10f8742b0] Skip ('#EXT-X-INDEPENDENT-SEGMENTS')
[hls @ 0x10f8742b0] Opening 'https://devstreaming-cdn.apple.com/videos/streaming/examples/img_bipbop_adv_example_fmp4/v5/main.mp4' for reading
[hls @ 0x10f8742b0] Opening 'https://devstreaming-cdn.apple.com/videos/streaming/examples/img_bipbop_adv_example_fmp4/v5/main.mp4' for reading
[hls @ 0x10f8742b0] Opening 'https://devstreaming-cdn.apple.com/videos/streaming/examples/img_bipbop_adv_example_fmp4/v5/main.mp4' for reading
[hls @ 0x10f8742b0] Opening 'https://devstreaming-cdn.apple.com/videos/streaming/examples/img_bipbop_adv_example_fmp4/v9/main.mp4' for reading
[hls @ 0x10f8742b0] Opening 'https://devstreaming-cdn.apple.com/videos/streaming/examples/img_bipbop_adv_example_fmp4/v9/main.mp4' for reading
[hls @ 0x10f8742b0] Opening 'https://devstreaming-cdn.apple.com/videos/streaming/examples/img_bipbop_adv_example_fmp4/v9/main.mp4' for reading
[hls @ 0x10f8742b0] Opening 'https://devstreaming-cdn.apple.com/videos/streaming/examples/img_bipbop_adv_example_fmp4/v8/main.mp4' for reading
[hls @ 0x10f8742b0] Opening 'https://devstreaming-cdn.apple.com/videos/streaming/examples/img_bipbop_adv_example_fmp4/v8/main.mp4' for reading
[hls @ 0x10f8742b0] Opening 'https://devstreaming-cdn.apple.com/videos/streaming/examples/img_bipbop_adv_example_fmp4/v8/main.mp4' for reading
[hls @ 0x10f8742b0] Opening 'https://devstreaming-cdn.apple.com/videos/streaming/examples/img_bipbop_adv_example_fmp4/v7/main.mp4' for reading
[hls @ 0x10f8742b0] Opening 'https://devstreaming-cdn.apple.com/videos/streaming/examples/img_bipbop_adv_example_fmp4/v7/main.mp4' for reading
[hls @ 0x10f8742b0] Opening 'https://devstreaming-cdn.apple.com/videos/streaming/examples/img_bipbop_adv_example_fmp4/v7/main.mp4' for reading
[hls @ 0x10f8742b0] Opening 'https://devstreaming-cdn.apple.com/videos/streaming/examples/img_bipbop_adv_example_fmp4/v6/main.mp4' for reading
[hls @ 0x10f8742b0] Opening 'https://devstreaming-cdn.apple.com/videos/streaming/examples/img_bipbop_adv_example_fmp4/v6/main.mp4' for reading
[hls @ 0x10f8742b0] Opening 'https://devstreaming-cdn.apple.com/videos/streaming/examples/img_bipbop_adv_example_fmp4/v6/main.mp4' for reading
[hls @ 0x10f8742b0] Opening 'https://devstreaming-cdn.apple.com/videos/streaming/examples/img_bipbop_adv_example_fmp4/v4/main.mp4' for reading
[hls @ 0x10f8742b0] Opening 'https://devstreaming-cdn.apple.com/videos/streaming/examples/img_bipbop_adv_example_fmp4/v4/main.mp4' for reading
[hls @ 0x10f8742b0] Opening 'https://devstreaming-cdn.apple.com/videos/streaming/examples/img_bipbop_adv_example_fmp4/v4/main.mp4' for reading
[hls @ 0x10f8742b0] Opening 'https://devstreaming-cdn.apple.com/videos/streaming/examples/img_bipbop_adv_example_fmp4/v3/main.mp4' for reading
[hls @ 0x10f8742b0] Opening 'https://devstreaming-cdn.apple.com/videos/streaming/examples/img_bipbop_adv_example_fmp4/v3/main.mp4' for reading
[hls @ 0x10f8742b0] Opening 'https://devstreaming-cdn.apple.com/videos/streaming/examples/img_bipbop_adv_example_fmp4/v3/main.mp4' for reading
[hls @ 0x10f8742b0] Opening 'https://devstreaming-cdn.apple.com/videos/streaming/examples/img_bipbop_adv_example_fmp4/v2/main.mp4' for reading
[hls @ 0x10f8742b0] Opening 'https://devstreaming-cdn.apple.com/videos/streaming/examples/img_bipbop_adv_example_fmp4/v2/main.mp4' for reading
[hls @ 0x10f8742b0] Opening 'https://devstreaming-cdn.apple.com/videos/streaming/examples/img_bipbop_adv_example_fmp4/v2/main.mp4' for reading
[hls @ 0x10f8742b0] Opening 'https://devstreaming-cdn.apple.com/videos/streaming/examples/img_bipbop_adv_example_fmp4/v5/main.mp4' for reading
[hls @ 0x10f8742b0] Opening 'https://devstreaming-cdn.apple.com/videos/streaming/examples/img_bipbop_adv_example_fmp4/v5/main.mp4' for reading
[hls @ 0x10f8742b0] Opening 'https://devstreaming-cdn.apple.com/videos/streaming/examples/img_bipbop_adv_example_fmp4/v5/main.mp4' for reading
[hls @ 0x10f8742b0] Opening 'https://devstreaming-cdn.apple.com/videos/streaming/examples/img_bipbop_adv_example_fmp4/v9/main.mp4' for reading
[hls @ 0x10f8742b0] Opening 'https://devstreaming-cdn.apple.com/videos/streaming/examples/img_bipbop_adv_example_fmp4/v9/main.mp4' for reading
[hls @ 0x10f8742b0] Opening 'https://devstreaming-cdn.apple.com/videos/streaming/examples/img_bipbop_adv_example_fmp4/v9/main.mp4' for reading
[hls @ 0x10f8742b0] Opening 'https://devstreaming-cdn.apple.com/videos/streaming/examples/img_bipbop_adv_example_fmp4/v8/main.mp4' for reading
[hls @ 0x10f8742b0] Opening 'https://devstreaming-cdn.apple.com/videos/streaming/examples/img_bipbop_adv_example_fmp4/v8/main.mp4' for reading
[hls @ 0x10f8742b0] Opening 'https://devstreaming-cdn.apple.com/videos/streaming/examples/img_bipbop_adv_example_fmp4/v8/main.mp4' for reading
[hls @ 0x10f8742b0] Opening 'https://devstreaming-cdn.apple.com/videos/streaming/examples/img_bipbop_adv_example_fmp4/v7/main.mp4' for reading
[hls @ 0x10f8742b0] Opening 'https://devstreaming-cdn.apple.com/videos/streaming/examples/img_bipbop_adv_example_fmp4/v7/main.mp4' for reading
[hls @ 0x10f8742b0] Opening 'https://devstreaming-cdn.apple.com/videos/streaming/examples/img_bipbop_adv_example_fmp4/v7/main.mp4' for reading
[hls @ 0x10f8742b0] Opening 'https://devstreaming-cdn.apple.com/videos/streaming/examples/img_bipbop_adv_example_fmp4/v6/main.mp4' for reading
[hls @ 0x10f8742b0] Opening 'https://devstreaming-cdn.apple.com/videos/streaming/examples/img_bipbop_adv_example_fmp4/v6/main.mp4' for reading
[hls @ 0x10f8742b0] Opening 'https://devstreaming-cdn.apple.com/videos/streaming/examples/img_bipbop_adv_example_fmp4/v6/main.mp4' for reading
[hls @ 0x10f8742b0] Opening 'https://devstreaming-cdn.apple.com/videos/streaming/examples/img_bipbop_adv_example_fmp4/v4/main.mp4' for reading
[hls @ 0x10f8742b0] Opening 'https://devstreaming-cdn.apple.com/videos/streaming/examples/img_bipbop_adv_example_fmp4/v4/main.mp4' for reading
[hls @ 0x10f8742b0] Opening 'https://devstreaming-cdn.apple.com/videos/streaming/examples/img_bipbop_adv_example_fmp4/v4/main.mp4' for reading
[hls @ 0x10f8742b0] Opening 'https://devstreaming-cdn.apple.com/videos/streaming/examples/img_bipbop_adv_example_fmp4/v3/main.mp4' for reading
[hls @ 0x10f8742b0] Opening 'https://devstreaming-cdn.apple.com/videos/streaming/examples/img_bipbop_adv_example_fmp4/v3/main.mp4' for reading
[hls @ 0x10f8742b0] Opening 'https://devstreaming-cdn.apple.com/videos/streaming/examples/img_bipbop_adv_example_fmp4/v3/main.mp4' for reading
[hls @ 0x10f8742b0] Opening 'https://devstreaming-cdn.apple.com/videos/streaming/examples/img_bipbop_adv_example_fmp4/v2/main.mp4' for reading
[hls @ 0x10f8742b0] Opening 'https://devstreaming-cdn.apple.com/videos/streaming/examples/img_bipbop_adv_example_fmp4/v2/main.mp4' for reading
[hls @ 0x10f8742b0] Opening 'https://devstreaming-cdn.apple.com/videos/streaming/examples/img_bipbop_adv_example_fmp4/v2/main.mp4' for reading
[hls @ 0x10f8742b0] Opening 'https://devstreaming-cdn.apple.com/videos/streaming/examples/img_bipbop_adv_example_fmp4/v5/main.mp4' for reading
[hls @ 0x10f8742b0] Opening 'https://devstreaming-cdn.apple.com/videos/streaming/examples/img_bipbop_adv_example_fmp4/v5/main.mp4' for reading
[hls @ 0x10f8742b0] Opening 'https://devstreaming-cdn.apple.com/videos/streaming/examples/img_bipbop_adv_example_fmp4/v5/main.mp4' for reading
[hls @ 0x10f8742b0] Opening 'https://devstreaming-cdn.apple.com/videos/streaming/examples/img_bipbop_adv_example_fmp4/v9/main.mp4' for reading
[hls @ 0x10f8742b0] Opening 'https://devstreaming-cdn.apple.com/videos/streaming/examples/img_bipbop_adv_example_fmp4/v9/main.mp4' for reading
[hls @ 0x10f8742b0] Opening 'https://devstreaming-cdn.apple.com/videos/streaming/examples/img_bipbop_adv_example_fmp4/v9/main.mp4' for reading
[hls @ 0x10f8742b0] Opening 'https://devstreaming-cdn.apple.com/videos/streaming/examples/img_bipbop_adv_example_fmp4/v8/main.mp4' for reading
[hls @ 0x10f8742b0] Opening 'https://devstreaming-cdn.apple.com/videos/streaming/examples/img_bipbop_adv_example_fmp4/v8/main.mp4' for reading
[hls @ 0x10f8742b0] Opening 'https://devstreaming-cdn.apple.com/videos/streaming/examples/img_bipbop_adv_example_fmp4/v8/main.mp4' for reading
[hls @ 0x10f8742b0] Opening 'https://devstreaming-cdn.apple.com/videos/streaming/examples/img_bipbop_adv_example_fmp4/v7/main.mp4' for reading
[hls @ 0x10f8742b0] Opening 'https://devstreaming-cdn.apple.com/videos/streaming/examples/img_bipbop_adv_example_fmp4/v7/main.mp4' for reading
[hls @ 0x10f8742b0] Opening 'https://devstreaming-cdn.apple.com/videos/streaming/examples/img_bipbop_adv_example_fmp4/v7/main.mp4' for reading
[hls @ 0x10f8742b0] Opening 'https://devstreaming-cdn.apple.com/videos/streaming/examples/img_bipbop_adv_example_fmp4/v6/main.mp4' for reading
[hls @ 0x10f8742b0] Opening 'https://devstreaming-cdn.apple.com/videos/streaming/examples/img_bipbop_adv_example_fmp4/v6/main.mp4' for reading
[hls @ 0x10f8742b0] Opening 'https://devstreaming-cdn.apple.com/videos/streaming/examples/img_bipbop_adv_example_fmp4/v6/main.mp4' for reading
[hls @ 0x10f8742b0] Opening 'https://devstreaming-cdn.apple.com/videos/streaming/examples/img_bipbop_adv_example_fmp4/v4/main.mp4' for reading
[hls @ 0x10f8742b0] Opening 'https://devstreaming-cdn.apple.com/videos/streaming/examples/img_bipbop_adv_example_fmp4/v4/main.mp4' for reading
[hls @ 0x10f8742b0] Opening 'https://devstreaming-cdn.apple.com/videos/streaming/examples/img_bipbop_adv_example_fmp4/v4/main.mp4' for reading
[hls @ 0x10f8742b0] Opening 'https://devstreaming-cdn.apple.com/videos/streaming/examples/img_bipbop_adv_example_fmp4/v3/main.mp4' for reading
[hls @ 0x10f8742b0] Opening 'https://devstreaming-cdn.apple.com/videos/streaming/examples/img_bipbop_adv_example_fmp4/v3/main.mp4' for reading
[hls @ 0x10f8742b0] Opening 'https://devstreaming-cdn.apple.com/videos/streaming/examples/img_bipbop_adv_example_fmp4/v3/main.mp4' for reading
[hls @ 0x10f8742b0] Opening 'https://devstreaming-cdn.apple.com/videos/streaming/examples/img_bipbop_adv_example_fmp4/v2/main.mp4' for reading
[hls @ 0x10f8742b0] Opening 'https://devstreaming-cdn.apple.com/videos/streaming/examples/img_bipbop_adv_example_fmp4/v2/main.mp4' for reading
[hls @ 0x10f8742b0] Opening 'https://devstreaming-cdn.apple.com/videos/streaming/examples/img_bipbop_adv_example_fmp4/v2/main.mp4' for reading
[hls @ 0x10f8742b0] Opening 'https://devstreaming-cdn.apple.com/videos/streaming/examples/img_bipbop_adv_example_fmp4/a1/main.mp4' for reading
[hls @ 0x10f8742b0] Opening 'https://devstreaming-cdn.apple.com/videos/streaming/examples/img_bipbop_adv_example_fmp4/a1/main.mp4' for reading
[hls @ 0x10f8742b0] Opening 'https://devstreaming-cdn.apple.com/videos/streaming/examples/img_bipbop_adv_example_fmp4/a1/main.mp4' for reading
[hls @ 0x10f8742b0] Opening 'https://devstreaming-cdn.apple.com/videos/streaming/examples/img_bipbop_adv_example_fmp4/a2/main.mp4' for reading
[hls @ 0x10f8742b0] Opening 'https://devstreaming-cdn.apple.com/videos/streaming/examples/img_bipbop_adv_example_fmp4/a2/main.mp4' for reading
[hls @ 0x10f8742b0] Opening 'https://devstreaming-cdn.apple.com/videos/streaming/examples/img_bipbop_adv_example_fmp4/a2/main.mp4' for reading
[hls @ 0x10f8742b0] Opening 'https://devstreaming-cdn.apple.com/videos/streaming/examples/img_bipbop_adv_example_fmp4/a3/main.mp4' for reading
[hls @ 0x10f8742b0] Opening 'https://devstreaming-cdn.apple.com/videos/streaming/examples/img_bipbop_adv_example_fmp4/a3/main.mp4' for reading
[hls @ 0x10f8742b0] Opening 'https://devstreaming-cdn.apple.com/videos/streaming/examples/img_bipbop_adv_example_fmp4/a3/main.mp4' for reading
[hls @ 0x10f8742b0] Stream #0: not enough frames to estimate rate; consider increasing probesize
[hls @ 0x10f8742b0] Stream #1: not enough frames to estimate rate; consider increasing probesize
[hls @ 0x10f8742b0] Stream #2: not enough frames to estimate rate; consider increasing probesize
[hls @ 0x10f8742b0] Stream #3: not enough frames to estimate rate; consider increasing probesize
[hls @ 0x10f8742b0] Stream #4: not enough frames to estimate rate; consider increasing probesize
[hls @ 0x10f8742b0] Stream #5: not enough frames to estimate rate; consider increasing probesize
[hls @ 0x10f8742b0] Stream #6: not enough frames to estimate rate; consider increasing probesize
[hls @ 0x10f8742b0] Stream #7: not enough frames to estimate rate; consider increasing probesize
[hls @ 0x10f8742b0] Stream #8: not enough frames to estimate rate; consider increasing probesize
[hls @ 0x10f8742b0] Stream #9: not enough frames to estimate rate; consider increasing probesize
[hls @ 0x10f8742b0] Stream #10: not enough frames to estimate rate; consider increasing probesize
[hls @ 0x10f8742b0] Stream #11: not enough frames to estimate rate; consider increasing probesize
[hls @ 0x10f8742b0] Stream #12: not enough frames to estimate rate; consider increasing probesize
[hls @ 0x10f8742b0] Stream #13: not enough frames to estimate rate; consider increasing probesize
[hls @ 0x10f8742b0] Stream #14: not enough frames to estimate rate; consider increasing probesize
[hls @ 0x10f8742b0] Stream #15: not enough frames to estimate rate; consider increasing probesize
[hls @ 0x10f8742b0] Stream #16: not enough frames to estimate rate; consider increasing probesize
[hls @ 0x10f8742b0] Stream #17: not enough frames to estimate rate; consider increasing probesize
[hls @ 0x10f8742b0] Stream #18: not enough frames to estimate rate; consider increasing probesize
[hls @ 0x10f8742b0] Stream #19: not enough frames to estimate rate; consider increasing probesize
[hls @ 0x10f8742b0] Stream #20: not enough frames to estimate rate; consider increasing probesize
[hls @ 0x10f8742b0] Stream #21: not enough frames to estimate rate; consider increasing probesize
[hls @ 0x10f8742b0] Stream #22: not enough frames to estimate rate; consider increasing probesize
[hls @ 0x10f8742b0] Stream #23: not enough frames to estimate rate; consider increasing probesize
[hls @ 0x10f8742b0] Could not find codec parameters for stream 3 (Video: h264 (avc1 / 0x31637661), none, 1920x1080, 750 kb/s): unspecified pixel format
Consider increasing the value for the 'analyzeduration' (1000000) and 'probesize' (131072) options
[hls @ 0x10f8742b0] Could not find codec parameters for stream 4 (Video: h264 (avc1 / 0x31637661), none, 1280x720, 513 kb/s): unspecified pixel format
Consider increasing the value for the 'analyzeduration' (1000000) and 'probesize' (131072) options
[hls @ 0x10f8742b0] Could not find codec parameters for stream 5 (Video: h264 (avc1 / 0x31637661), none, 768x432, 185 kb/s): unspecified pixel format
Consider increasing the value for the 'analyzeduration' (1000000) and 'probesize' (131072) options
[hls @ 0x10f8742b0] Could not find codec parameters for stream 6 (Video: h264 (avc1 / 0x31637661), none, 640x360, 111 kb/s): unspecified pixel format
Consider increasing the value for the 'analyzeduration' (1000000) and 'probesize' (131072) options
[hls @ 0x10f8742b0] Could not find codec parameters for stream 7 (Video: h264 (avc1 / 0x31637661), none, 480x270, 59 kb/s): unspecified pixel format
Consider increasing the value for the 'analyzeduration' (1000000) and 'probesize' (131072) options
[hls @ 0x10f8742b0] Could not find codec parameters for stream 8 (Video: h264 (avc1 / 0x31637661), none, 960x540, 335 kb/s): unspecified pixel format
Consider increasing the value for the 'analyzeduration' (1000000) and 'probesize' (131072) options
[hls @ 0x10f8742b0] Could not find codec parameters for stream 9 (Video: h264 (avc1 / 0x31637661), none, 1920x1080, 1351 kb/s): unspecified pixel format
Consider increasing the value for the 'analyzeduration' (1000000) and 'probesize' (131072) options
[hls @ 0x10f8742b0] Could not find codec parameters for stream 10 (Video: h264 (avc1 / 0x31637661), none, 1920x1080, 1019 kb/s): unspecified pixel format
Consider increasing the value for the 'analyzeduration' (1000000) and 'probesize' (131072) options
[hls @ 0x10f8742b0] Could not find codec parameters for stream 11 (Video: h264 (avc1 / 0x31637661), none, 1920x1080, 750 kb/s): unspecified pixel format
Consider increasing the value for the 'analyzeduration' (1000000) and 'probesize' (131072) options
[hls @ 0x10f8742b0] Could not find codec parameters for stream 12 (Video: h264 (avc1 / 0x31637661), none, 1280x720, 513 kb/s): unspecified pixel format
Consider increasing the value for the 'analyzeduration' (1000000) and 'probesize' (131072) options
[hls @ 0x10f8742b0] Could not find codec parameters for stream 13 (Video: h264 (avc1 / 0x31637661), none, 768x432, 185 kb/s): unspecified pixel format
Consider increasing the value for the 'analyzeduration' (1000000) and 'probesize' (131072) options
[hls @ 0x10f8742b0] Could not find codec parameters for stream 14 (Video: h264 (avc1 / 0x31637661), none, 640x360, 111 kb/s): unspecified pixel format
Consider increasing the value for the 'analyzeduration' (1000000) and 'probesize' (131072) options
[hls @ 0x10f8742b0] Could not find codec parameters for stream 15 (Video: h264 (avc1 / 0x31637661), none, 480x270, 59 kb/s): unspecified pixel format
Consider increasing the value for the 'analyzeduration' (1000000) and 'probesize' (131072) options
[hls @ 0x10f8742b0] Could not find codec parameters for stream 16 (Video: h264 (avc1 / 0x31637661), none, 960x540, 335 kb/s): unspecified pixel format
Consider increasing the value for the 'analyzeduration' (1000000) and 'probesize' (131072) options
[hls @ 0x10f8742b0] Could not find codec parameters for stream 17 (Video: h264 (avc1 / 0x31637661), none, 1920x1080, 1351 kb/s): unspecified pixel format
Consider increasing the value for the 'analyzeduration' (1000000) and 'probesize' (131072) options
[hls @ 0x10f8742b0] Could not find codec parameters for stream 18 (Video: h264 (avc1 / 0x31637661), none, 1920x1080, 1019 kb/s): unspecified pixel format
Consider increasing the value for the 'analyzeduration' (1000000) and 'probesize' (131072) options
[hls @ 0x10f8742b0] Could not find codec parameters for stream 19 (Video: h264 (avc1 / 0x31637661), none, 1920x1080, 750 kb/s): unspecified pixel format
Consider increasing the value for the 'analyzeduration' (1000000) and 'probesize' (131072) options
[hls @ 0x10f8742b0] Could not find codec parameters for stream 20 (Video: h264 (avc1 / 0x31637661), none, 1280x720, 513 kb/s): unspecified pixel format
Consider increasing the value for the 'analyzeduration' (1000000) and 'probesize' (131072) options
[hls @ 0x10f8742b0] Could not find codec parameters for stream 21 (Video: h264 (avc1 / 0x31637661), none, 768x432, 185 kb/s): unspecified pixel format
Consider increasing the value for the 'analyzeduration' (1000000) and 'probesize' (131072) options
[hls @ 0x10f8742b0] Could not find codec parameters for stream 22 (Video: h264 (avc1 / 0x31637661), none, 640x360, 111 kb/s): unspecified pixel format
Consider increasing the value for the 'analyzeduration' (1000000) and 'probesize' (131072) options
[hls @ 0x10f8742b0] Could not find codec parameters for stream 23 (Video: h264 (avc1 / 0x31637661), none, 480x270, 59 kb/s): unspecified pixel format
Consider increasing the value for the 'analyzeduration' (1000000) and 'probesize' (131072) options
Input #0, hls, from 'https://devstreaming-cdn.apple.com/videos/streaming/examples/img_bipbop_adv_example_fmp4/master.m3u8':
  Duration: 00:10:00.00, start: 9.977333, bitrate: 0 kb/s
  Program 0 
    Metadata:
      variant_bitrate : 2177116
  Stream #0:0: Video: h264 (High) (avc1 / 0x31637661), yuv420p, 960x540 [SAR 1:1 DAR 16:9], Closed Captions, 335 kb/s, 60 tbr, 60k tbn (default)
    Metadata:
      variant_bitrate : 2177116
      major_brand     : mp42
      minor_version   : 1
      compatible_brands: mp41mp42isomhlsf
      creation_time   : 2016-12-21T21:37:39.000000Z
  Stream #0:24(en): Audio: aac (LC) (mp4a / 0x6134706D), 48000 Hz, stereo, fltp, 60 kb/s (default)
    Metadata:
      major_brand     : mp42
      minor_version   : 1
      compatible_brands: mp41mp42isomhlsf
      creation_time   : 2016-12-21T22:14:57.000000Z
      comment         : English
  Program 1 
    Metadata:
      variant_bitrate : 8001098
  Stream #0:1: Video: h264 (High) (avc1 / 0x31637661), yuv420p, 1920x1080 [SAR 1:1 DAR 16:9], Closed Captions, 1351 kb/s, 60 tbr, 60k tbn (default)
    Metadata:
      variant_bitrate : 8001098
      major_brand     : mp42
      minor_version   : 1
      compatible_brands: mp41mp42isomhlsf
      creation_time   : 2016-12-21T21:37:42.000000Z
  Stream #0:24(en): Audio: aac (LC) (mp4a / 0x6134706D), 48000 Hz, stereo, fltp, 60 kb/s (default)
    Metadata:
      major_brand     : mp42
      minor_version   : 1
      compatible_brands: mp41mp42isomhlsf
      creation_time   : 2016-12-21T22:14:57.000000Z
      comment         : English
  Program 2 
    Metadata:
      variant_bitrate : 6312875
  Stream #0:2: Video: h264 (High) (avc1 / 0x31637661), yuv420p, 1920x1080 [SAR 1:1 DAR 16:9], Closed Captions, 1019 kb/s, 60 tbr, 60k tbn (default)
    Metadata:
      variant_bitrate : 6312875
      major_brand     : mp42
      minor_version   : 1
      compatible_brands: mp41mp42isomhlsf
      creation_time   : 2016-12-21T21:37:48.000000Z
  Stream #0:24(en): Audio: aac (LC) (mp4a / 0x6134706D), 48000 Hz, stereo, fltp, 60 kb/s (default)
    Metadata:
      major_brand     : mp42
      minor_version   : 1
      compatible_brands: mp41mp42isomhlsf
      creation_time   : 2016-12-21T22:14:57.000000Z
      comment         : English
  Program 3 
    Metadata:
      variant_bitrate : 4943747
  Stream #0:3: Video: h264 (avc1 / 0x31637661), none, 1920x1080, 750 kb/s, 30k tbr, 60k tbn (default)
    Metadata:
      variant_bitrate : 4943747
      major_brand     : mp42
      minor_version   : 1
      compatible_brands: mp41mp42isomhlsf
      creation_time   : 2016-12-21T21:37:54.000000Z
  Stream #0:24(en): Audio: aac (LC) (mp4a / 0x6134706D), 48000 Hz, stereo, fltp, 60 kb/s (default)
    Metadata:
      major_brand     : mp42
      minor_version   : 1
      compatible_brands: mp41mp42isomhlsf
      creation_time   : 2016-12-21T22:14:57.000000Z
      comment         : English
  Program 4 
    Metadata:
      variant_bitrate : 3216424
  Stream #0:4: Video: h264 (avc1 / 0x31637661), none, 1280x720, 513 kb/s, 30k tbr, 60k tbn (default)
    Metadata:
      variant_bitrate : 3216424
      major_brand     : mp42
      minor_version   : 1
      compatible_brands: mp41mp42isomhlsf
      creation_time   : 2016-12-21T21:37:59.000000Z
  Stream #0:24(en): Audio: aac (LC) (mp4a / 0x6134706D), 48000 Hz, stereo, fltp, 60 kb/s (default)
    Metadata:
      major_brand     : mp42
      minor_version   : 1
      compatible_brands: mp41mp42isomhlsf
      creation_time   : 2016-12-21T22:14:57.000000Z
      comment         : English
  Program 5 
    Metadata:
      variant_bitrate : 1268994
  Stream #0:5: Video: h264 (avc1 / 0x31637661), none, 768x432, 185 kb/s, 15k tbr, 30k tbn (default)
    Metadata:
      variant_bitrate : 1268994
      major_brand     : mp42
      minor_version   : 1
      compatible_brands: mp41mp42isomhlsf
      creation_time   : 2016-12-21T21:38:03.000000Z
  Stream #0:24(en): Audio: aac (LC) (mp4a / 0x6134706D), 48000 Hz, stereo, fltp, 60 kb/s (default)
    Metadata:
      major_brand     : mp42
      minor_version   : 1
      compatible_brands: mp41mp42isomhlsf
      creation_time   : 2016-12-21T22:14:57.000000Z
      comment         : English
  Program 6 
    Metadata:
      variant_bitrate : 902298
  Stream #0:6: Video: h264 (avc1 / 0x31637661), none, 640x360, 111 kb/s, 15k tbr, 30k tbn (default)
    Metadata:
      variant_bitrate : 902298
      major_brand     : mp42
      minor_version   : 1
      compatible_brands: mp41mp42isomhlsf
      creation_time   : 2016-12-21T21:38:06.000000Z
  Stream #0:24(en): Audio: aac (LC) (mp4a / 0x6134706D), 48000 Hz, stereo, fltp, 60 kb/s (default)
    Metadata:
      major_brand     : mp42
      minor_version   : 1
      compatible_brands: mp41mp42isomhlsf
      creation_time   : 2016-12-21T22:14:57.000000Z
      comment         : English
  Program 7 
    Metadata:
      variant_bitrate : 541052
  Stream #0:7: Video: h264 (avc1 / 0x31637661), none, 480x270, 59 kb/s, 15k tbr, 30k tbn (default)
    Metadata:
      variant_bitrate : 541052
      major_brand     : mp42
      minor_version   : 1
      compatible_brands: mp41mp42isomhlsf
      creation_time   : 2016-12-21T21:38:07.000000Z
  Stream #0:24(en): Audio: aac (LC) (mp4a / 0x6134706D), 48000 Hz, stereo, fltp, 60 kb/s (default)
    Metadata:
      major_brand     : mp42
      minor_version   : 1
      compatible_brands: mp41mp42isomhlsf
      creation_time   : 2016-12-21T22:14:57.000000Z
      comment         : English
  Program 8 
    Metadata:
      variant_bitrate : 2399619
  Stream #0:8: Video: h264 (avc1 / 0x31637661), none, 960x540, 335 kb/s, 30k tbr, 60k tbn (default)
    Metadata:
      variant_bitrate : 2399619
      major_brand     : mp42
      minor_version   : 1
      compatible_brands: mp41mp42isomhlsf
      creation_time   : 2016-12-21T21:37:39.000000Z
  Stream #0:25(en): Audio: ac3 (ac-3 / 0x332D6361), 48000 Hz, 5.1(side), fltp, 384 kb/s (default)
    Metadata:
      major_brand     : mp42
      minor_version   : 1
      compatible_brands: mp41mp42isomhlsf
      creation_time   : 2016-12-21T22:15:46.000000Z
      comment         : English
    Side data:
      audio service type: main
  Program 9 
    Metadata:
      variant_bitrate : 8223601
  Stream #0:9: Video: h264 (avc1 / 0x31637661), none, 1920x1080, 1351 kb/s, 30k tbr, 60k tbn (default)
    Metadata:
      variant_bitrate : 8223601
      major_brand     : mp42
      minor_version   : 1
      compatible_brands: mp41mp42isomhlsf
      creation_time   : 2016-12-21T21:37:42.000000Z
  Stream #0:25(en): Audio: ac3 (ac-3 / 0x332D6361), 48000 Hz, 5.1(side), fltp, 384 kb/s (default)
    Metadata:
      major_brand     : mp42
      minor_version   : 1
      compatible_brands: mp41mp42isomhlsf
      creation_time   : 2016-12-21T22:15:46.000000Z
      comment         : English
    Side data:
      audio service type: main
  Program 10 
    Metadata:
      variant_bitrate : 6535378
  Stream #0:10: Video: h264 (avc1 / 0x31637661), none, 1920x1080, 1019 kb/s, 30k tbr, 60k tbn (default)
    Metadata:
      variant_bitrate : 6535378
      major_brand     : mp42
      minor_version   : 1
      compatible_brands: mp41mp42isomhlsf
      creation_time   : 2016-12-21T21:37:48.000000Z
  Stream #0:25(en): Audio: ac3 (ac-3 / 0x332D6361), 48000 Hz, 5.1(side), fltp, 384 kb/s (default)
    Metadata:
      major_brand     : mp42
      minor_version   : 1
      compatible_brands: mp41mp42isomhlsf
      creation_time   : 2016-12-21T22:15:46.000000Z
      comment         : English
    Side data:
      audio service type: main
  Program 11 
    Metadata:
      variant_bitrate : 5166250
  Stream #0:11: Video: h264 (avc1 / 0x31637661), none, 1920x1080, 750 kb/s, 30k tbr, 60k tbn (default)
    Metadata:
      variant_bitrate : 5166250
      major_brand     : mp42
      minor_version   : 1
      compatible_brands: mp41mp42isomhlsf
      creation_time   : 2016-12-21T21:37:54.000000Z
  Stream #0:25(en): Audio: ac3 (ac-3 / 0x332D6361), 48000 Hz, 5.1(side), fltp, 384 kb/s (default)
    Metadata:
      major_brand     : mp42
      minor_version   : 1
      compatible_brands: mp41mp42isomhlsf
      creation_time   : 2016-12-21T22:15:46.000000Z
      comment         : English
    Side data:
      audio service type: main
  Program 12 
    Metadata:
      variant_bitrate : 3438927
  Stream #0:12: Video: h264 (avc1 / 0x31637661), none, 1280x720, 513 kb/s, 30k tbr, 60k tbn (default)
    Metadata:
      variant_bitrate : 3438927
      major_brand     : mp42
      minor_version   : 1
      compatible_brands: mp41mp42isomhlsf
      creation_time   : 2016-12-21T21:37:59.000000Z
  Stream #0:25(en): Audio: ac3 (ac-3 / 0x332D6361), 48000 Hz, 5.1(side), fltp, 384 kb/s (default)
    Metadata:
      major_brand     : mp42
      minor_version   : 1
      compatible_brands: mp41mp42isomhlsf
      creation_time   : 2016-12-21T22:15:46.000000Z
      comment         : English
    Side data:
      audio service type: main
  Program 13 
    Metadata:
      variant_bitrate : 1491497
  Stream #0:13: Video: h264 (avc1 / 0x31637661), none, 768x432, 185 kb/s, 15k tbr, 30k tbn (default)
    Metadata:
      variant_bitrate : 1491497
      major_brand     : mp42
      minor_version   : 1
      compatible_brands: mp41mp42isomhlsf
      creation_time   : 2016-12-21T21:38:03.000000Z
  Stream #0:25(en): Audio: ac3 (ac-3 / 0x332D6361), 48000 Hz, 5.1(side), fltp, 384 kb/s (default)
    Metadata:
      major_brand     : mp42
      minor_version   : 1
      compatible_brands: mp41mp42isomhlsf
      creation_time   : 2016-12-21T22:15:46.000000Z
      comment         : English
    Side data:
      audio service type: main
  Program 14 
    Metadata:
      variant_bitrate : 1124801
  Stream #0:14: Video: h264 (avc1 / 0x31637661), none, 640x360, 111 kb/s, 15k tbr, 30k tbn (default)
    Metadata:
      variant_bitrate : 1124801
      major_brand     : mp42
      minor_version   : 1
      compatible_brands: mp41mp42isomhlsf
      creation_time   : 2016-12-21T21:38:06.000000Z
  Stream #0:25(en): Audio: ac3 (ac-3 / 0x332D6361), 48000 Hz, 5.1(side), fltp, 384 kb/s (default)
    Metadata:
      major_brand     : mp42
      minor_version   : 1
      compatible_brands: mp41mp42isomhlsf
      creation_time   : 2016-12-21T22:15:46.000000Z
      comment         : English
    Side data:
      audio service type: main
  Program 15 
    Metadata:
      variant_bitrate : 763555
  Stream #0:15: Video: h264 (avc1 / 0x31637661), none, 480x270, 59 kb/s, 15k tbr, 30k tbn (default)
    Metadata:
      variant_bitrate : 763555
      major_brand     : mp42
      minor_version   : 1
      compatible_brands: mp41mp42isomhlsf
      creation_time   : 2016-12-21T21:38:07.000000Z
  Stream #0:25(en): Audio: ac3 (ac-3 / 0x332D6361), 48000 Hz, 5.1(side), fltp, 384 kb/s (default)
    Metadata:
      major_brand     : mp42
      minor_version   : 1
      compatible_brands: mp41mp42isomhlsf
      creation_time   : 2016-12-21T22:15:46.000000Z
      comment         : English
    Side data:
      audio service type: main
  Program 16 
    Metadata:
      variant_bitrate : 2207619
  Stream #0:16: Video: h264 (avc1 / 0x31637661), none, 960x540, 335 kb/s, 30k tbr, 60k tbn (default)
    Metadata:
      variant_bitrate : 2207619
      major_brand     : mp42
      minor_version   : 1
      compatible_brands: mp41mp42isomhlsf
      creation_time   : 2016-12-21T21:37:39.000000Z
  Stream #0:26(en): Audio: eac3 (ec-3 / 0x332D6365), 48000 Hz, 5.1(side), fltp, 192 kb/s (default)
    Metadata:
      major_brand     : mp42
      minor_version   : 1
      compatible_brands: mp41mp42isomhlsf
      creation_time   : 2016-12-21T22:16:17.000000Z
      comment         : English
    Side data:
      audio service type: main
  Program 17 
    Metadata:
      variant_bitrate : 8031601
  Stream #0:17: Video: h264 (avc1 / 0x31637661), none, 1920x1080, 1351 kb/s, 30k tbr, 60k tbn (default)
    Metadata:
      variant_bitrate : 8031601
      major_brand     : mp42
      minor_version   : 1
      compatible_brands: mp41mp42isomhlsf
      creation_time   : 2016-12-21T21:37:42.000000Z
  Stream #0:26(en): Audio: eac3 (ec-3 / 0x332D6365), 48000 Hz, 5.1(side), fltp, 192 kb/s (default)
    Metadata:
      major_brand     : mp42
      minor_version   : 1
      compatible_brands: mp41mp42isomhlsf
      creation_time   : 2016-12-21T22:16:17.000000Z
      comment         : English
    Side data:
      audio service type: main
  Program 18 
    Metadata:
      variant_bitrate : 6343378
  Stream #0:18: Video: h264 (avc1 / 0x31637661), none, 1920x1080, 1019 kb/s, 30k tbr, 60k tbn (default)
    Metadata:
      variant_bitrate : 6343378
      major_brand     : mp42
      minor_version   : 1
      compatible_brands: mp41mp42isomhlsf
      creation_time   : 2016-12-21T21:37:48.000000Z
  Stream #0:26(en): Audio: eac3 (ec-3 / 0x332D6365), 48000 Hz, 5.1(side), fltp, 192 kb/s (default)
    Metadata:
      major_brand     : mp42
      minor_version   : 1
      compatible_brands: mp41mp42isomhlsf
      creation_time   : 2016-12-21T22:16:17.000000Z
      comment         : English
    Side data:
      audio service type: main
  Program 19 
    Metadata:
      variant_bitrate : 4974250
  Stream #0:19: Video: h264 (avc1 / 0x31637661), none, 1920x1080, 750 kb/s, 30k tbr, 60k tbn (default)
    Metadata:
      variant_bitrate : 4974250
      major_brand     : mp42
      minor_version   : 1
      compatible_brands: mp41mp42isomhlsf
      creation_time   : 2016-12-21T21:37:54.000000Z
  Stream #0:26(en): Audio: eac3 (ec-3 / 0x332D6365), 48000 Hz, 5.1(side), fltp, 192 kb/s (default)
    Metadata:
      major_brand     : mp42
      minor_version   : 1
      compatible_brands: mp41mp42isomhlsf
      creation_time   : 2016-12-21T22:16:17.000000Z
      comment         : English
    Side data:
      audio service type: main
  Program 20 
    Metadata:
      variant_bitrate : 3246927
  Stream #0:20: Video: h264 (avc1 / 0x31637661), none, 1280x720, 513 kb/s, 30k tbr, 60k tbn (default)
    Metadata:
      variant_bitrate : 3246927
      major_brand     : mp42
      minor_version   : 1
      compatible_brands: mp41mp42isomhlsf
      creation_time   : 2016-12-21T21:37:59.000000Z
  Stream #0:26(en): Audio: eac3 (ec-3 / 0x332D6365), 48000 Hz, 5.1(side), fltp, 192 kb/s (default)
    Metadata:
      major_brand     : mp42
      minor_version   : 1
      compatible_brands: mp41mp42isomhlsf
      creation_time   : 2016-12-21T22:16:17.000000Z
      comment         : English
    Side data:
      audio service type: main
  Program 21 
    Metadata:
      variant_bitrate : 1299497
  Stream #0:21: Video: h264 (avc1 / 0x31637661), none, 768x432, 185 kb/s, 15k tbr, 30k tbn (default)
    Metadata:
      variant_bitrate : 1299497
      major_brand     : mp42
      minor_version   : 1
      compatible_brands: mp41mp42isomhlsf
      creation_time   : 2016-12-21T21:38:03.000000Z
  Stream #0:26(en): Audio: eac3 (ec-3 / 0x332D6365), 48000 Hz, 5.1(side), fltp, 192 kb/s (default)
    Metadata:
      major_brand     : mp42
      minor_version   : 1
      compatible_brands: mp41mp42isomhlsf
      creation_time   : 2016-12-21T22:16:17.000000Z
      comment         : English
    Side data:
      audio service type: main
  Program 22 
    Metadata:
      variant_bitrate : 932801
  Stream #0:22: Video: h264 (avc1 / 0x31637661), none, 640x360, 111 kb/s, 15k tbr, 30k tbn (default)
    Metadata:
      variant_bitrate : 932801
      major_brand     : mp42
      minor_version   : 1
      compatible_brands: mp41mp42isomhlsf
      creation_time   : 2016-12-21T21:38:06.000000Z
  Stream #0:26(en): Audio: eac3 (ec-3 / 0x332D6365), 48000 Hz, 5.1(side), fltp, 192 kb/s (default)
    Metadata:
      major_brand     : mp42
      minor_version   : 1
      compatible_brands: mp41mp42isomhlsf
      creation_time   : 2016-12-21T22:16:17.000000Z
      comment         : English
    Side data:
      audio service type: main
  Program 23 
    Metadata:
      variant_bitrate : 571555
  Stream #0:23: Video: h264 (avc1 / 0x31637661), none, 480x270, 59 kb/s, 15k tbr, 30k tbn (default)
    Metadata:
      variant_bitrate : 571555
      major_brand     : mp42
      minor_version   : 1
      compatible_brands: mp41mp42isomhlsf
      creation_time   : 2016-12-21T21:38:07.000000Z
  Stream #0:26(en): Audio: eac3 (ec-3 / 0x332D6365), 48000 Hz, 5.1(side), fltp, 192 kb/s (default)
    Metadata:
      major_brand     : mp42
      minor_version   : 1
      compatible_brands: mp41mp42isomhlsf
      creation_time   : 2016-12-21T22:16:17.000000Z
      comment         : English
    Side data:
      audio service type: main
[swscaler @ 0x3088f8000] No accelerated colorspace conversion found from yuv420p to bgr24.
[https @ 0x11ca29200] Opening 'https://devstreaming-cdn.apple.com/videos/streaming/examples/img_bipbop_adv_example_fmp4/a2/main.mp4' for reading
[https @ 0x11ca2bc00] Opening 'https://devstreaming-cdn.apple.com/videos/streaming/examples/img_bipbop_adv_example_fmp4/a3/main.mp4' for reading

> Task :composeApp:desktopTest

com.menmapro.iptv.player.ffmpeg.HlsStreamIntegrationTest[desktop] > testHlsStreamLongPlayback[desktop] FAILED
    java.lang.AssertionError at HlsStreamIntegrationTest.kt:363

com.menmapro.iptv.player.ffmpeg.HttpStreamIntegrationTest[desktop] > initializationError[desktop] FAILED
    java.lang.ClassNotFoundException at BuiltinClassLoader.java:641

com.menmapro.iptv.player.ffmpeg.LocalFileIntegrationTest[desktop] > initializationError[desktop] FAILED
    java.lang.ClassNotFoundException at BuiltinClassLoader.java:641

166 tests completed, 8 failed

> Task :composeApp:desktopTest FAILED

FAILURE: Build failed with an exception.

* What went wrong:
Execution failed for task ':composeApp:desktopTest'.
> A build operation failed.
      Could not write XML test results for com.menmapro.iptv.ui.components.VideoOutputConfigurationTest to file /Users/menmapro/Documents/GitHub/IPTV/composeApp/build/test-results/desktopTest/TEST-com.menmapro.iptv.ui.components.VideoOutputConfigurationTest.xml.
   > Could not write XML test results for com.menmapro.iptv.ui.components.VideoOutputConfigurationTest to file /Users/menmapro/Documents/GitHub/IPTV/composeApp/build/test-results/desktopTest/TEST-com.menmapro.iptv.ui.components.VideoOutputConfigurationTest.xml.

* Try:
> Run with --stacktrace option to get the stack trace.
> Run with --info or --debug option to get more log output.
> Run with --scan to get full insights.
> Get more help at https://help.gradle.org.

Deprecated Gradle features were used in this build, making it incompatible with Gradle 9.0.

You can use '--warning-mode all' to show the individual deprecation warnings and determine if they come from your own scripts or plugins.

For more on this, please refer to https://docs.gradle.org/8.5/userguide/command_line_interface.html#sec:command_line_warnings in the Gradle documentation.

BUILD FAILED in 10m 32s
7 actionable tasks: 7 executed
